[    0.000000] Linux version 4.15.0-208-generic (buildd@lcy02-amd64-015) (gcc version 7.5.0 (Ubuntu 7.5.0-3ubuntu1~18.04)) #220-Ubuntu SMP Mon Mar 20 14:27:01 UTC 2023 (Ubuntu 4.15.0-208.220-generic 4.15.18)
[    0.000000] Command line: BOOT_IMAGE=/boot/vmlinuz-4.15.0-208-generic root=LABEL=cloudimg-rootfs ro console=tty1 console=ttyS0
[    0.000000] KERNEL supported cpus:
[    0.000000]   Intel GenuineIntel
[    0.000000]   AMD AuthenticAMD
[    0.000000]   Centaur CentaurHauls
[    0.000000] x86/fpu: Supporting XSAVE feature 0x001: 'x87 floating point registers'
[    0.000000] x86/fpu: Supporting XSAVE feature 0x002: 'SSE registers'
[    0.000000] x86/fpu: Supporting XSAVE feature 0x004: 'AVX registers'
[    0.000000] x86/fpu: xstate_offset[2]:  576, xstate_sizes[2]:  256
[    0.000000] x86/fpu: Enabled xstate features 0x7, context size is 832 bytes, using 'standard' format.
[    0.000000] e820: BIOS-provided physical RAM map:
[    0.000000] BIOS-e820: [mem 0x0000000000000000-0x000000000009fbff] usable
[    0.000000] BIOS-e820: [mem 0x000000000009fc00-0x000000000009ffff] reserved
[    0.000000] BIOS-e820: [mem 0x00000000000f0000-0x00000000000fffff] reserved
[    0.000000] BIOS-e820: [mem 0x0000000000100000-0x000000003ffeffff] usable
[    0.000000] BIOS-e820: [mem 0x000000003fff0000-0x000000003fffffff] ACPI data
[    0.000000] BIOS-e820: [mem 0x00000000fec00000-0x00000000fec00fff] reserved
[    0.000000] BIOS-e820: [mem 0x00000000fee00000-0x00000000fee00fff] reserved
[    0.000000] BIOS-e820: [mem 0x00000000fffc0000-0x00000000ffffffff] reserved
[    0.000000] NX (Execute Disable) protection: active
[    0.000000] SMBIOS 2.5 present.
[    0.000000] DMI: innotek GmbH VirtualBox/VirtualBox, BIOS VirtualBox 12/01/2006
[    0.000000] Hypervisor detected: KVM
[    0.000000] e820: last_pfn = 0x3fff0 max_arch_pfn = 0x400000000
[    0.000000] MTRR: Disabled
[    0.000000] x86/PAT: MTRRs disabled, skipping PAT initialization too.
[    0.000000] CPU MTRRs all blank - virtualized system.
[    0.000000] x86/PAT: Configuration [0-7]: WB  WT  UC- UC  WB  WT  UC- UC  
[    0.000000] found SMP MP-table at [mem 0x0009fff0-0x0009ffff]
[    0.000000] Scanning 1 areas for low memory corruption
[    0.000000] RAMDISK: [mem 0x3580d000-0x36bfdfff]
[    0.000000] ACPI: Early table checksum verification disabled
[    0.000000] ACPI: RSDP 0x00000000000E0000 000024 (v02 VBOX  )
[    0.000000] ACPI: XSDT 0x000000003FFF0030 00003C (v01 VBOX   VBOXXSDT 00000001 ASL  00000061)
[    0.000000] ACPI: FACP 0x000000003FFF00F0 0000F4 (v04 VBOX   VBOXFACP 00000001 ASL  00000061)
[    0.000000] ACPI: DSDT 0x000000003FFF0470 002325 (v02 VBOX   VBOXBIOS 00000002 INTL 20200925)
[    0.000000] ACPI: FACS 0x000000003FFF0200 000040
[    0.000000] ACPI: FACS 0x000000003FFF0200 000040
[    0.000000] ACPI: APIC 0x000000003FFF0240 00005C (v02 VBOX   VBOXAPIC 00000001 ASL  00000061)
[    0.000000] ACPI: SSDT 0x000000003FFF02A0 0001CC (v01 VBOX   VBOXCPUT 00000002 INTL 20200925)
[    0.000000] ACPI: Reserving FACP table memory at [mem 0x3fff00f0-0x3fff01e3]
[    0.000000] ACPI: Reserving DSDT table memory at [mem 0x3fff0470-0x3fff2794]
[    0.000000] ACPI: Reserving FACS table memory at [mem 0x3fff0200-0x3fff023f]
[    0.000000] ACPI: Reserving FACS table memory at [mem 0x3fff0200-0x3fff023f]
[    0.000000] ACPI: Reserving APIC table memory at [mem 0x3fff0240-0x3fff029b]
[    0.000000] ACPI: Reserving SSDT table memory at [mem 0x3fff02a0-0x3fff046b]
[    0.000000] No NUMA configuration found
[    0.000000] Faking a node at [mem 0x0000000000000000-0x000000003ffeffff]
[    0.000000] NODE_DATA(0) allocated [mem 0x3ffc5000-0x3ffeffff]
[    0.000000] kvm-clock: cpu 0, msr 0:3ff44001, primary cpu clock
[    0.000000] kvm-clock: Using msrs 4b564d01 and 4b564d00
[    0.000000] kvm-clock: using sched offset of 3298163691 cycles
[    0.000000] clocksource: kvm-clock: mask: 0xffffffffffffffff max_cycles: 0x1cd42e4dffb, max_idle_ns: 881590591483 ns
[    0.000000] Zone ranges:
[    0.000000]   DMA      [mem 0x0000000000001000-0x0000000000ffffff]
[    0.000000]   DMA32    [mem 0x0000000001000000-0x000000003ffeffff]
[    0.000000]   Normal   empty
[    0.000000]   Device   empty
[    0.000000] Movable zone start for each node
[    0.000000] Early memory node ranges
[    0.000000]   node   0: [mem 0x0000000000001000-0x000000000009efff]
[    0.000000]   node   0: [mem 0x0000000000100000-0x000000003ffeffff]
[    0.000000] Reserved but unavailable: 104 pages
[    0.000000] Initmem setup node 0 [mem 0x0000000000001000-0x000000003ffeffff]
[    0.000000] ACPI: PM-Timer IO Port: 0x4008
[    0.000000] IOAPIC[0]: apic_id 2, version 32, address 0xfec00000, GSI 0-23
[    0.000000] ACPI: INT_SRC_OVR (bus 0 bus_irq 0 global_irq 2 dfl dfl)
[    0.000000] ACPI: INT_SRC_OVR (bus 0 bus_irq 9 global_irq 9 low level)
[    0.000000] Using ACPI (MADT) for SMP configuration information
[    0.000000] smpboot: Allowing 2 CPUs, 0 hotplug CPUs
[    0.000000] PM: Registered nosave memory: [mem 0x00000000-0x00000fff]
[    0.000000] PM: Registered nosave memory: [mem 0x0009f000-0x0009ffff]
[    0.000000] PM: Registered nosave memory: [mem 0x000a0000-0x000effff]
[    0.000000] PM: Registered nosave memory: [mem 0x000f0000-0x000fffff]
[    0.000000] e820: [mem 0x40000000-0xfebfffff] available for PCI devices
[    0.000000] Booting paravirtualized kernel on KVM
[    0.000000] clocksource: refined-jiffies: mask: 0xffffffff max_cycles: 0xffffffff, max_idle_ns: 7645519600211568 ns
[    0.000000] setup_percpu: NR_CPUS:8192 nr_cpumask_bits:2 nr_cpu_ids:2 nr_node_ids:1
[    0.000000] percpu: Embedded 50 pages/cpu s167936 r8192 d28672 u1048576
[    0.000000] PV qspinlock hash table entries: 256 (order: 0, 4096 bytes)
[    0.000000] Built 1 zonelists, mobility grouping on.  Total pages: 257913
[    0.000000] Policy zone: DMA32
[    0.000000] Kernel command line: BOOT_IMAGE=/boot/vmlinuz-4.15.0-208-generic root=LABEL=cloudimg-rootfs ro console=tty1 console=ttyS0
[    0.000000] Memory: 981752K/1048120K available (12300K kernel code, 2477K rwdata, 4324K rodata, 2480K init, 2720K bss, 66368K reserved, 0K cma-reserved)
[    0.000000] SLUB: HWalign=64, Order=0-3, MinObjects=0, CPUs=2, Nodes=1
[    0.000000] Kernel/User page tables isolation: enabled
[    0.000000] ftrace: allocating 39494 entries in 155 pages
[    0.004000] Hierarchical RCU implementation.
[    0.004000] 	RCU restricting CPUs from NR_CPUS=8192 to nr_cpu_ids=2.
[    0.004000] 	Tasks RCU enabled.
[    0.004000] RCU: Adjusting geometry for rcu_fanout_leaf=16, nr_cpu_ids=2
[    0.004000] NR_IRQS: 524544, nr_irqs: 440, preallocated irqs: 16
[    0.004000] random: crng init done
[    0.004000] Console: colour VGA+ 80x25
[    0.004000] console [tty1] enabled
[    0.004000] console [ttyS0] enabled
[    0.004000] ACPI: Core revision 20170831
[    0.004000] ACPI: 2 ACPI AML tables successfully acquired and loaded
[    0.004000] APIC: Switch to symmetric I/O mode setup
[    0.004000] x2apic enabled
[    0.004000] Switched APIC routing to physical x2apic.
[    0.004000] ..TIMER: vector=0x30 apic1=0 pin1=2 apic2=-1 pin2=-1
[    0.004004] tsc: Detected 3000.000 MHz processor
[    0.004749] Calibrating delay loop (skipped) preset value.. 6000.00 BogoMIPS (lpj=12000000)
[    0.008004] pid_max: default: 32768 minimum: 301
[    0.008778] Security Framework initialized
[    0.009493] Yama: becoming mindful.
[    0.010147] AppArmor: AppArmor initialized
[    0.012043] Dentry cache hash table entries: 131072 (order: 8, 1048576 bytes)
[    0.013319] Inode-cache hash table entries: 65536 (order: 7, 524288 bytes)
[    0.014422] Mount-cache hash table entries: 2048 (order: 2, 16384 bytes)
[    0.016007] Mountpoint-cache hash table entries: 2048 (order: 2, 16384 bytes)
[    0.017452] Last level iTLB entries: 4KB 128, 2MB 8, 4MB 8
[    0.018344] Last level dTLB entries: 4KB 64, 2MB 0, 4MB 0, 1GB 4
[    0.020005] Spectre V1 : Mitigation: usercopy/swapgs barriers and __user pointer sanitization
[    0.022486] Spectre V2 : Mitigation: Retpolines
[    0.023251] Spectre V2 : Spectre v2 / SpectreRSB mitigation: Filling RSB on context switch
[    0.024003] Spectre V2 : Spectre v2 / SpectreRSB : Filling RSB on VMEXIT
[    0.025075] RETBleed: WARNING: Spectre v2 mitigation leaves CPU vulnerable to RETBleed attacks, data leaks possible!
[    0.026731] RETBleed: Vulnerable
[    0.028003] Speculative Store Bypass: Vulnerable
[    0.028862] MDS: Mitigation: Clear CPU buffers
[    0.029585] MMIO Stale Data: Mitigation: Clear CPU buffers
[    0.030552] SRBDS: Unknown: Dependent on hypervisor status
[    0.032194] Freeing SMP alternatives memory: 36K
[    0.143110] smpboot: CPU0: Intel(R) Core(TM) i5-9500 CPU @ 3.00GHz (family: 0x6, model: 0x9e, stepping: 0xa)
[    0.144000] Performance Events: unsupported p6 CPU model 158 no PMU driver, software events only.
[    0.144000] Hierarchical SRCU implementation.
[    0.144241] NMI watchdog: Perf event create on CPU 0 failed with -2
[    0.145233] NMI watchdog: Perf NMI watchdog permanently disabled
[    0.146247] smp: Bringing up secondary CPUs ...
[    0.147088] x86: Booting SMP configuration:
[    0.147809] .... node  #0, CPUs:      #1
[    0.004000] kvm-clock: cpu 1, msr 0:3ff44041, secondary cpu clock
[    0.151160] smp: Brought up 1 node, 2 CPUs
[    0.152003] smpboot: Max logical packages: 1
[    0.152737] smpboot: Total of 2 processors activated (12000.00 BogoMIPS)
[    0.153937] devtmpfs: initialized
[    0.153937] x86/mm: Memory block size: 128MB
[    0.153937] evm: security.selinux
[    0.156003] evm: security.SMACK64
[    0.156577] evm: security.SMACK64EXEC
[    0.157231] evm: security.SMACK64TRANSMUTE
[    0.157908] evm: security.SMACK64MMAP
[    0.158553] evm: security.apparmor
[    0.159175] evm: security.ima
[    0.160002] evm: security.capability
[    0.160646] clocksource: jiffies: mask: 0xffffffff max_cycles: 0xffffffff, max_idle_ns: 7645041785100000 ns
[    0.161559] futex hash table entries: 512 (order: 3, 32768 bytes)
[    0.162560] pinctrl core: initialized pinctrl subsystem
[    0.164627] RTC time:  1:19:52, date: 04/12/23
[    0.165524] NET: Registered protocol family 16
[    0.166365] audit: initializing netlink subsys (disabled)
[    0.167255] audit: type=2000 audit(1681262397.795:1): state=initialized audit_enabled=0 res=1
[    0.168009] cpuidle: using governor ladder
[    0.168706] cpuidle: using governor menu
[    0.169460] ACPI: bus type PCI registered
[    0.170168] acpiphp: ACPI Hot Plug PCI Controller Driver version: 0.5
[    0.172087] PCI: Using configuration type 1 for base access
[    0.172998] HugeTLB registered 2.00 MiB page size, pre-allocated 0 pages
[    0.173113] ACPI: Added _OSI(Module Device)
[    0.176007] ACPI: Added _OSI(Processor Device)
[    0.176787] ACPI: Added _OSI(3.0 _SCP Extensions)
[    0.177570] ACPI: Added _OSI(Processor Aggregator Device)
[    0.178459] ACPI: Added _OSI(Linux-Dell-Video)
[    0.179204] ACPI: Added _OSI(Linux-Lenovo-NV-HDMI-Audio)
[    0.180002] ACPI: Added _OSI(Linux-HPI-Hybrid-Graphics)
[    0.181130] ACPI: Executed 1 blocks of module-level executable AML code
[    0.187012] ACPI: Interpreter enabled
[    0.187698] ACPI: (supports S0 S5)
[    0.188002] ACPI: Using IOAPIC for interrupt routing
[    0.189080] PCI: Using host bridge windows from ACPI; if necessary, use "pci=nocrs" and report a bug
[    0.190710] ACPI: Enabled 2 GPEs in block 00 to 07
[    0.197562] ACPI: PCI Root Bridge [PCI0] (domain 0000 [bus 00-ff])
[    0.198586] acpi PNP0A03:00: _OSC: OS supports [ASPM ClockPM Segments MSI]
[    0.200000] acpi PNP0A03:00: _OSC: not requesting OS control; OS requires [ExtendedConfig ASPM ClockPM MSI]
[    0.200009] acpi PNP0A03:00: fail to add MMCONFIG information, can't access extended PCI configuration space under this bridge.
[    0.204338] PCI host bridge to bus 0000:00
[    0.206092] pci_bus 0000:00: root bus resource [io  0x0000-0x0cf7 window]
[    0.208002] pci_bus 0000:00: root bus resource [io  0x0d00-0xffff window]
[    0.209091] pci_bus 0000:00: root bus resource [mem 0x000a0000-0x000bffff window]
[    0.210344] pci_bus 0000:00: root bus resource [mem 0x40000000-0xfdffffff window]
[    0.211642] pci_bus 0000:00: root bus resource [bus 00-ff]
[    0.213613] pci 0000:00:01.1: legacy IDE quirk: reg 0x10: [io  0x01f0-0x01f7]
[    0.214714] pci 0000:00:01.1: legacy IDE quirk: reg 0x14: [io  0x03f6]
[    0.216002] pci 0000:00:01.1: legacy IDE quirk: reg 0x18: [io  0x0170-0x0177]
[    0.217111] pci 0000:00:01.1: legacy IDE quirk: reg 0x1c: [io  0x0376]
[    0.229045] pci 0000:00:07.0: quirk: [io  0x4000-0x403f] claimed by PIIX4 ACPI
[    0.230300] pci 0000:00:07.0: quirk: [io  0x4100-0x410f] claimed by PIIX4 SMB
[    0.238213] ACPI: PCI Interrupt Link [LNKA] (IRQs 5 9 10 *11)
[    0.239506] ACPI: PCI Interrupt Link [LNKB] (IRQs 5 9 *10 11)
[    0.240108] ACPI: PCI Interrupt Link [LNKC] (IRQs 5 *9 10 11)
[    0.241169] ACPI: PCI Interrupt Link [LNKD] (IRQs 5 9 10 *11)
[    0.242409] SCSI subsystem initialized
[    0.243109] pci 0000:00:02.0: vgaarb: setting as boot VGA device
[    0.243109] pci 0000:00:02.0: vgaarb: VGA device added: decodes=io+mem,owns=io+mem,locks=none
[    0.244010] pci 0000:00:02.0: vgaarb: bridge control possible
[    0.246257] vgaarb: loaded
[    0.248043] ACPI: bus type USB registered
[    0.248757] usbcore: registered new interface driver usbfs
[    0.252009] usbcore: registered new interface driver hub
[    0.252879] usbcore: registered new device driver usb
[    0.253751] EDAC MC: Ver: 3.0.0
[    0.253751] PCI: Using ACPI for IRQ routing
[    0.253751] NetLabel: Initializing
[    0.256006] NetLabel:  domain hash size = 128
[    0.256766] NetLabel:  protocols = UNLABELED CIPSOv4 CALIPSO
[    0.257766] NetLabel:  unlabeled traffic allowed by default
[    0.258706] clocksource: Switched to clocksource kvm-clock
[    0.266401] VFS: Disk quotas dquot_6.6.0
[    0.267139] VFS: Dquot-cache hash table entries: 512 (order 0, 4096 bytes)
[    0.268094] AppArmor: AppArmor Filesystem Enabled
[    0.269110] pnp: PnP ACPI init
[    0.270617] pnp: PnP ACPI: found 3 devices
[    0.280652] clocksource: acpi_pm: mask: 0xffffff max_cycles: 0xffffff, max_idle_ns: 2085701024 ns
[    0.282163] NET: Registered protocol family 2
[    0.283062] IP idents hash table entries: 16384 (order: 5, 131072 bytes)
[    0.284926] TCP established hash table entries: 8192 (order: 4, 65536 bytes)
[    0.286095] TCP bind hash table entries: 8192 (order: 5, 131072 bytes)
[    0.287153] TCP: Hash tables configured (established 8192 bind 8192)
[    0.288201] UDP hash table entries: 512 (order: 2, 16384 bytes)
[    0.289175] UDP-Lite hash table entries: 512 (order: 2, 16384 bytes)
[    0.290228] NET: Registered protocol family 1
[    0.290986] pci 0000:00:00.0: Limiting direct PCI/PCI transfers
[    0.291976] pci 0000:00:01.0: Activating ISA DMA hang workarounds
[    0.293029] pci 0000:00:02.0: Video device with shadowed ROM at [mem 0x000c0000-0x000dffff]
[    0.294658] Unpacking initramfs...
[    0.540032] Freeing initrd memory: 20420K
[    0.540919] clocksource: tsc: mask: 0xffffffffffffffff max_cycles: 0x2b3e459bf4c, max_idle_ns: 440795289890 ns
[    0.542526] platform rtc_cmos: registered platform RTC device (no PNP device found)
[    0.543829] Scanning for low memory corruption every 60 seconds
[    0.545383] Initialise system trusted keyrings
[    0.546180] Key type blacklist registered
[    0.546986] workingset: timestamp_bits=36 max_order=18 bucket_order=0
[    0.550119] zbud: loaded
[    0.551538] squashfs: version 4.0 (2009/01/31) Phillip Lougher
[    0.552800] fuse init (API version 7.26)
[    0.554815] Key type asymmetric registered
[    0.555514] Asymmetric key parser 'x509' registered
[    0.556400] Block layer SCSI generic (bsg) driver version 0.4 loaded (major 246)
[    0.557718] io scheduler noop registered
[    0.558397] io scheduler deadline registered
[    0.559166] io scheduler cfq registered (default)
[    0.560225] ACPI: AC Adapter [AC] (on-line)
[    0.561001] input: Power Button as /devices/LNXSYSTM:00/LNXPWRBN:00/input/input0
[    0.562311] ACPI: Power Button [PWRF]
[    0.563036] input: Sleep Button as /devices/LNXSYSTM:00/LNXSLPBN:00/input/input1
[    0.564306] ACPI: Sleep Button [SLPF]
[    0.565289] Serial: 8250/16550 driver, 32 ports, IRQ sharing enabled
[    0.586931] 00:02: ttyS0 at I/O 0x3f8 (irq = 4, base_baud = 115200) is a 16550A
[    0.590256] Linux agpgart interface v0.103
[    0.592244] loop: module loaded
[    0.593269] scsi host0: ata_piix
[    0.593989] scsi host1: ata_piix
[    0.594835] ata1: PATA max UDMA/33 cmd 0x1f0 ctl 0x3f6 bmdma 0xd000 irq 14
[    0.595892] ata2: PATA max UDMA/33 cmd 0x170 ctl 0x376 bmdma 0xd008 irq 15
[    0.597088] tun: Universal TUN/TAP device driver, 1.6
[    0.598023] PPP generic driver version 2.4.2
[    0.598859] ehci_hcd: USB 2.0 'Enhanced' Host Controller (EHCI) Driver
[    0.599903] ehci-pci: EHCI PCI platform driver
[    0.600785] ehci-platform: EHCI generic platform driver
[    0.601628] ohci_hcd: USB 1.1 'Open' Host Controller (OHCI) Driver
[    0.602651] ohci-pci: OHCI PCI platform driver
[    0.603428] ohci-platform: OHCI generic platform driver
[    0.604363] uhci_hcd: USB Universal Host Controller Interface driver
[    0.605389] i8042: PNP: PS/2 Controller [PNP0303:PS2K,PNP0f03:PS2M] at 0x60,0x64 irq 1,12
[    0.607164] serio: i8042 KBD port at 0x60,0x64 irq 1
[    0.608049] serio: i8042 AUX port at 0x60,0x64 irq 12
[    0.609055] mousedev: PS/2 mouse device common for all mice
[    0.610465] input: AT Translated Set 2 keyboard as /devices/platform/i8042/serio0/input/input2
[    0.612052] rtc_cmos rtc_cmos: rtc core: registered rtc_cmos as rtc0
[    0.613116] rtc_cmos rtc_cmos: alarms up to one day, 114 bytes nvram
[    0.614138] i2c /dev entries driver
[    0.614786] device-mapper: uevent: version 1.0.3
[    0.615698] device-mapper: ioctl: 4.37.0-ioctl (2017-09-20) initialised: dm-devel@redhat.com
[    0.617163] ledtrig-cpu: registered to indicate activity on CPUs
[    0.618445] NET: Registered protocol family 10
[    0.622616] Segment Routing with IPv6
[    0.623311] NET: Registered protocol family 17
[    0.624092] Key type dns_resolver registered
[    0.625034] mce: Using 0 MCE banks
[    0.625673] RAS: Correctable Errors collector initialized.
[    0.626766] sched_clock: Marking stable (625007726, 0)->(801135387, -176127661)
[    0.630406] registered taskstats version 1
[    0.631357] Loading compiled-in X.509 certificates
[    0.633984] Loaded X.509 cert 'Build time autogenerated kernel key: 05d3fa630a0ed8a65520e390196b077fd5e65720'
[    0.636014] Loaded X.509 cert 'Canonical Ltd. Live Patch Signing: 14df34d1a87cf37625abec039ef2bf521249b969'
[    0.638174] Loaded X.509 cert 'Canonical Ltd. Kernel Module Signing: 88f752e560a1e0737e31163a466ad7b70a850c19'
[    0.639728] blacklist: Loading compiled-in revocation X.509 certificates
[    0.640841] Loaded X.509 cert 'Canonical Ltd. Secure Boot Signing: 61482aa2830d0ab2ad5af10b7250da9033ddcef0'
[    0.642553] Loaded X.509 cert 'Canonical Ltd. Secure Boot Signing (2017): 242ade75ac4a15e50d50c84b0d45ff3eae707a03'
[    0.644281] Loaded X.509 cert 'Canonical Ltd. Secure Boot Signing (ESM 2018): 365188c1d374d6b07c3c8f240f8ef722433d6a8b'
[    0.646278] Loaded X.509 cert 'Canonical Ltd. Secure Boot Signing (2019): c0746fd6c5da3ae827864651ad66ae47fe24b3e8'
[    0.648021] Loaded X.509 cert 'Canonical Ltd. Secure Boot Signing (2021 v1): a8d54bbb3825cfb94fa13c9f8a594a195c107b8d'
[    0.649718] Loaded X.509 cert 'Canonical Ltd. Secure Boot Signing (2021 v2): 4cf046892d6fd3c9a5b03f98d845f90851dc6a8c'
[    0.651430] Loaded X.509 cert 'Canonical Ltd. Secure Boot Signing (2021 v3): 100437bb6de6e469b581e61cd66bce3ef4ed53af'
[    0.653135] Loaded X.509 cert 'Canonical Ltd. Secure Boot Signing (Ubuntu Core 2019): c1d57b8f6b743f23ee41f4f7ee292f06eecadfb9'
[    0.654934] zswap: loaded using pool lzo/zbud
[    0.659036] Key type big_key registered
[    0.660899] Key type trusted registered
[    0.664534] Key type encrypted registered
[    0.665270] AppArmor: AppArmor sha1 policy hashing enabled
[    0.666185] ima: No TPM chip found, activating TPM-bypass! (rc=-19)
[    0.667197] ima: Allocated hash algorithm: sha1
[    0.667943] evm: HMAC attrs: 0x1
[    0.668809]   Magic number: 3:263:306
[    0.669480]   hash matches /build/linux-KwB9tO/linux-4.15.0/drivers/base/power/main.c:883
[    0.670859] tty tty35: hash matches
[    0.671526] rtc_cmos rtc_cmos: setting system clock to 2023-04-12 01:19:53 UTC (1681262393)
[    0.672977] BIOS EDD facility v0.16 2004-Jun-25, 0 devices found
[    0.673935] EDD information not available.
[    0.790323] Freeing unused kernel image memory: 2480K
[    1.148061] Write protecting the kernel read-only data: 20480k
[    1.151448] Freeing unused kernel image memory: 2008K
[    1.152726] Freeing unused kernel image memory: 1820K
[    1.161427] x86/mm: Checked W+X mappings: passed, no W+X pages found.
[    1.162483] x86/mm: Checking user space page tables
[    1.170427] x86/mm: Checked W+X mappings: passed, no W+X pages found.
Loading, please wait...
starting version 237
[    1.233568] e1000: Intel(R) PRO/1000 Network Driver - version 7.3.21-k8-NAPI
[    1.234851] e1000: Copyright (c) 1999-2006 Intel Corporation.
[    1.242940] Fusion MPT base driver 3.04.20
[    1.243690] Copyright (c) 1999-2008 LSI Corporation
[    1.247119] Fusion MPT SPI Host driver 3.04.20
[    1.254601] vboxvideo: loading out-of-tree module taints kernel.
[    1.256526] vboxvideo: module verification failed: signature and/or required key missing - tainting kernel
[    1.263078] vboxvideo: loading version 6.1.42 r155177
[    1.267445] AVX2 version of gcm_enc/dec engaged.
[    1.268283] AES CTR mode by8 optimization enabled
[    1.461186] input: ImExPS/2 Generic Explorer Mouse as /devices/platform/i8042/serio1/input/input4
[    1.608493] e1000 0000:00:03.0 eth0: (PCI:33MHz:32-bit) 02:6d:e6:35:46:3a
[    1.609574] e1000 0000:00:03.0 eth0: Intel(R) PRO/1000 Network Connection
[    2.000555] e1000 0000:00:08.0 eth1: (PCI:33MHz:32-bit) 08:00:27:92:39:10
[    2.001662] e1000 0000:00:08.0 eth1: Intel(R) PRO/1000 Network Connection
[    2.004012] e1000 0000:00:08.0 enp0s8: renamed from eth1
[    2.007298] mptbase: ioc0: Initiating bringup
[    2.016424] e1000 0000:00:03.0 enp0s3: renamed from eth0
[    2.554407] ioc0: LSI53C1030 A0: Capabilities={Initiator}
[    4.330682] scsi host2: ioc0: LSI53C1030 A0, FwRev=00000000h, Ports=1, MaxQ=256, IRQ=20
[    6.254280] scsi 2:0:0:0: Direct-Access     VBOX     HARDDISK         1.0  PQ: 0 ANSI: 5
[    6.261676] [drm] VRAM 01000000
[    6.265844] [TTM] Zone  kernel: Available graphics memory: 504258 kiB
[    6.271092] [TTM] Initializing pool allocator
[    6.274643] [TTM] Initializing DMA pool allocator
[    6.285856] fbcon: vboxdrmfb (fb0) is primary device
[    6.292458] Console: switching to colour frame buffer device 100x37
[    6.292686] scsi target2:0:0: Beginning Domain Validation
[    6.295325] scsi target2:0:0: Domain Validation skipping write tests
[    6.295798] vboxvideo 0000:00:02.0: fb0: vboxdrmfb frame buffer device
[    6.297504] scsi target2:0:0: Ending Domain Validation
[    6.302717] scsi target2:0:0: asynchronous
[    6.304037] scsi 2:0:1:0: Direct-Access     VBOX     HARDDISK         1.0  PQ: 0 ANSI: 5
[    6.312064] [drm] Initialized vboxvideo 1.0.0 20130823 for 0000:00:02.0 on minor 0
[    6.374344] scsi target2:0:1: Beginning Domain Validation
[    6.380922] scsi target2:0:1: Domain Validation skipping write tests
[    6.384170] scsi target2:0:1: Ending Domain Validation
[    6.386942] scsi target2:0:1: asynchronous
[    6.407596] sd 2:0:0:0: [sda] 83886080 512-byte logical blocks: (42.9 GB/40.0 GiB)
[    6.411145] sd 2:0:0:0: Attached scsi generic sg0 type 0
[    6.413527] sd 2:0:0:0: [sda] Write Protect is off
[    6.415393] sd 2:0:0:0: [sda] Incomplete mode parameter data
[    6.417242] sd 2:0:0:0: [sda] Assuming drive cache: write through
[    6.420760] sd 2:0:1:0: Attached scsi generic sg1 type 0
[    6.420812] sd 2:0:1:0: [sdb] 20480 512-byte logical blocks: (10.5 MB/10.0 MiB)
[    6.422966]  sda: sda1
[    6.425436] sd 2:0:1:0: [sdb] Write Protect is off
[    6.426383] sd 2:0:0:0: [sda] Attached SCSI disk
[    6.428077] sd 2:0:1:0: [sdb] Incomplete mode parameter data
[    6.429250] sd 2:0:1:0: [sdb] Assuming drive cache: write through
[    6.433892] sd 2:0:1:0: [sdb] Attached SCSI disk
Begin: Loading essential drivers ... [    6.624046] raid6: sse2x1   gen() 13303 MB/s
[    6.672018] raid6: sse2x1   xor()  9895 MB/s
[    6.720021] raid6: sse2x2   gen() 16861 MB/s
[    6.768023] raid6: sse2x2   xor() 11356 MB/s
[    6.816037] raid6: sse2x4   gen() 19251 MB/s
[    6.864034] raid6: sse2x4   xor() 11955 MB/s
[    6.912040] raid6: avx2x1   gen() 26690 MB/s
[    6.960041] raid6: avx2x1   xor() 18510 MB/s
[    7.008042] raid6: avx2x2   gen() 31170 MB/s
[    7.056042] raid6: avx2x2   xor() 20544 MB/s
[    7.104039] raid6: avx2x4   gen() 37435 MB/s
[    7.152037] raid6: avx2x4   xor() 22664 MB/s
[    7.152731] raid6: using algorithm avx2x4 gen() 37435 MB/s
[    7.153533] raid6: .... xor() 22664 MB/s, rmw enabled
[    7.154304] raid6: using avx2x2 recovery algorithm
[    7.155811] xor: automatically using best checksumming function   avx       
[    7.157470] async_tx: api initialized (async)
done.
Begin: Running /scripts/init-premount ... done.
Begin: Mounting root file system ... Begin: Running /scripts/local-top ... done.
Begin: Running /scripts/local-premount ... [    7.197454] Btrfs loaded, crc32c=crc32c-intel
Scanning for Btrfs filesystems
done.
Begin: Will now check root file system ... fsck from util-linux 2.31.1
[/sbin/fsck.ext4 (1) -- /dev/sda1] fsck.ext4 -a -C0 /dev/sda1 
cloudimg-rootfs: clean, 85860/5120000 files, 776390/10485499 blocks
done.
[    7.235428] EXT4-fs (sda1): mounted filesystem with ordered data mode. Opts: (null)
done.
Begin: Running /scripts/local-bottom ... done.
Begin: Running /scripts/init-bottom ... done.
[    7.399180] ip_tables: (C) 2000-2006 Netfilter Core Team
[    7.408299] systemd[1]: systemd 237 running in system mode. (+PAM +AUDIT +SELINUX +IMA +APPARMOR +SMACK +SYSVINIT +UTMP +LIBCRYPTSETUP +GCRYPT +GNUTLS +ACL +XZ +LZ4 +SECCOMP +BLKID +ELFUTILS +KMOD -IDN2 +IDN -PCRE2 default-hierarchy=hybrid)
[    7.411488] systemd[1]: Detected virtualization oracle.
[    7.412429] systemd[1]: Detected architecture x86-64.

Welcome to [1mUbuntu 18.04.6 LTS[0m!

[    7.417762] systemd[1]: Set hostname to <control-node>.
[    7.656313] systemd[1]: Created slice User and Session Slice.
[[0;32m  OK  [0m] Created slice User and Session Slice.
[    7.657788] systemd[1]: Reached target User and Group Name Lookups.
[[0;32m  OK  [0m] Reached target User and Group Name Lookups.
[    7.659460] systemd[1]: Reached target Mounting snaps.
[[0;32m  OK  [0m] Reached target Mounting snaps.
[    7.660837] systemd[1]: Set up automount Arbitrary Executable File Formats File System Automount Point.
[[0;32m  OK  [0m] Set up automount Arbitrary Executabâ€¦rmats File System Automount Point.
[    7.663254] systemd[1]: Reached target Swap.
[[0;32m  OK  [0m] Reached target Swap.
[    7.664614] systemd[1]: Reached target System Time Synchronized.
[[0;32m  OK  [0m] Reached target System Time Synchronized.
[[0;32m  OK  [0m] Started Forward Password Requests to Wall Directory Watch.
[[0;32m  OK  [0m] Created slice System Slice.
[[0;32m  OK  [0m] Reached target Slices.
[[0;32m  OK  [0m] Listening on fsck to fsckd communication Socket.
[[0;32m  OK  [0m] Listening on Journal Socket.
         Mounting POSIX Message Queue File System...
         Mounting Huge Pages File System...
         Mounting RPC Pipe File System...
         Mounting Kernel Debug File System...
[[0;32m  OK  [0m] Listening on Device-mapper event daemon FIFOs.
[[0;32m  OK  [0m] Listening on LVM2 metadata daemon socket.
         Starting Monitoring of LVM2 mirrorsâ€¦ng dmeventd or progress polling...
[[0;32m  OK  [0m] Listening on Syslog Socket.
         Starting Load Kernel Modules...
[[0;32m  OK  [0m] Listening on udev Kernel Socket.
[[0;32m  OK  [0m] Listening on Journal Audit Socket.
[[0;32m  OK  [0m] Listening on RPCbind Server Activation Socket.
[[0;32m  OK  [0m] Listening on udev Control Socket.
         Starting udev Coldplug all Devices...
[[0;32m  OK  [0m] Listening on LVM2 poll daemon socket.
[[0;32m  OK  [0m] Created slice system-serial\x2dgetty.slice.
[[0;32m  OK  [0m] Listening on Network Service Netlink Socket.
         Starting Create list of required stâ€¦ce nodes for the current kernel...
         Starting Set the console keyboard layout...
         Starting Uncomplicated firewall...
[[0;32m  OK  [0m] Listening on /dev/initctl Compatibility Named Pipe.
[[0;32m  OK  [0m] Listening on Journal Socket (/dev/log).
         Starting Journal Service...
[[0;32m  OK  [0m] Reached target Mounted snaps.
         Starting Remount Root and Kernel File Systems...
[[0;32m  OK  [0m] Mounted POSIX Message Queue File System.
[    7.748701] Loading iSCSI transport class v2.0-870.
[    7.754660] iscsi: registered transport (tcp)
[[0;32m  OK  [0m] Mounted Huge Pages File System.
[[0;32m  OK  [0m] Mounted Kernel Debug File System.
[[0;32m  OK  [0m] Started LVM2 metadata daemon.
[    7.776251] iscsi: registered transport (iser)
[[0;32m  OK  [0m] Started Load Kernel Modules.
         Starting Apply Kernel Variables...
         Mounting FUSE Control File System...
[    7.788736] RPC: Registered named UNIX socket transport module.
[    7.789674] RPC: Registered udp transport module.
[    7.790450] RPC: Registered tcp transport module.
[    7.791238] RPC: Registered tcp NFSv4.1 backchannel transport module.
         Mounting Kernel Configuration File System...
[[0;32m  OK  [0m] Mounted RPC Pipe File System.
[[0;32m  OK  [0m] Started udev Coldplug all Devices.
[[0;32m  OK  [0m] Mounted FUSE Control File System.
[[0;32m  OK  [0m] Mounted Kernel Configuration File System.
[[0;32m  OK  [0m] Started Uncomplicated firewall.
[[0;32m  OK  [0m] Started Journal Service.
[[0;32m  OK  [0m] Started Create list of required staâ€¦vice nodes for the current kernel.
         Starting Create Static Device Nodes in /dev...
[[0;32m  OK  [0m] Started Remount Root and Kernel File Systems.
         Starting Load/Save Random Seed...
         Starting Flush Journal to Persistent Storage...
[[0;32m  OK  [0m] Started Apply Kernel Variables.
[[0;32m  OK  [0m] Started Create Static Device Nodes in /dev.
         Starting udev Kernel Device Manager...
[[0;32m  OK  [0m] Started Load/Save Random Seed.
[[0;32m  OK  [0m] Started Monitoring of LVM2 mirrors,â€¦sing dmeventd or progress polling.
[[0;32m  OK  [0m] Started udev Kernel Device Manager.
[[0;32m  OK  [0m] Started Set the console keyboard layout.
[[0;32m  OK  [0m] Reached target Local File Systems (Pre).
[[0;32m  OK  [0m] Reached target Local File Systems.
         Starting Tell Plymouth To Write Out Runtime Data...
         Starting Set console font and keymap...
         Starting ebtables ruleset management...
         Starting AppArmor initialization...
         Starting Preprocess NFS configuration...
[[0;32m  OK  [0m] Started Dispatch Password Requests to Console Directory Watch.
[[0;32m  OK  [0m] Reached target Local Encrypted Volumes.
[[0;32m  OK  [0m] Started Flush Journal to Persistent Storage.
         Starting Create Volatile Files and Directories...
[[0;32m  OK  [0m] Started Tell Plymouth To Write Out Runtime Data.
[[0;32m  OK  [0m] Started Set console font and keymap.
[[0;32m  OK  [0m] Started Preprocess NFS configuration.
[[0;32m  OK  [0m] Reached target NFS client services.
[[0;32m  OK  [0m] Started Create Volatile Files and Directories.
         Starting RPC bind portmap service...
         Starting Update UTMP about System Boot/Shutdown...
[[0;32m  OK  [0m] Started RPC bind portmap service.
[[0;32m  OK  [0m] Reached target RPC Port Mapper.
[[0;32m  OK  [0m] Started Update UTMP about System Boot/Shutdown.
[[0;32m  OK  [0m] Started ebtables ruleset management.
[[0;32m  OK  [0m] Found device /dev/ttyS0.
[[0;32m  OK  [0m] Listening on Load/Save RF Kill Switch Status /dev/rfkill Watch.
[[0;32m  OK  [0m] Started AppArmor initialization.
         Starting Initial cloud-init job (pre-networking)...
         Starting Load AppArmor profiles managed internally by snapd...
         Mounting Arbitrary Executable File Formats File System...
[[0;32m  OK  [0m] Mounted Arbitrary Executable File Formats File System.
[[0;32m  OK  [0m] Started Load AppArmor profiles managed internally by snapd.
[    9.563090] cloud-init[576]: Cloud-init v. 23.1.1-0ubuntu0~18.04.1 running 'init-local' at Wed, 12 Apr 2023 01:20:02 +0000. Up 9.37 seconds.
[[0;32m  OK  [0m] Started Initial cloud-init job (pre-networking).
[[0;32m  OK  [0m] Reached target Network (Pre).
         Starting Network Service...
[[0;32m  OK  [0m] Started Network Service.
         Starting Wait for Network to be Configured...
         Starting Network Name Resolution...
[[0;32m  OK  [0m] Started Network Name Resolution.
[[0;32m  OK  [0m] Reached target Network.
[[0;32m  OK  [0m] Reached target Host and Network Name Lookups.
[[0;32m  OK  [0m] Started Wait for Network to be Configured.
         Starting Initial cloud-init job (metadata service crawler)...
[   12.508174] cloud-init[749]: Cloud-init v. 23.1.1-0ubuntu0~18.04.1 running 'init' at Wed, 12 Apr 2023 01:20:05 +0000. Up 12.31 seconds.
[   12.509272] cloud-init[749]: ci-info: ++++++++++++++++++++++++++++++++++++++Net device info+++++++++++++++++++++++++++++++++++++++
[   12.511685] cloud-init[749]: ci-info: +--------+------+-----------------------------+---------------+--------+-------------------+
[   12.524190] cloud-init[749]: ci-info: | Device |  Up  |           Address           |      Mask     | Scope  |     Hw-Address    |
[   12.537565] cloud-init[749]: ci-info: +--------+------+-----------------------------+---------------+--------+-------------------+
[   12.538711] cloud-init[749]: ci-info: | enp0s3 | True |          10.0.2.15          | 255.255.255.0 | global | 02:6d:e6:35:46:3a |
[   12.539793] cloud-init[749]: ci-info: | enp0s3 | True |  fe80::6d:e6ff:fe35:463a/64 |       .       |  link  | 02:6d:e6:35:46:3a |
[   12.540917] cloud-init[749]: ci-info: | enp0s8 | True |         192.168.1.2         | 255.255.255.0 | global | 08:00:27:92:39:10 |
[   12.541984] cloud-init[749]: ci-info: | enp0s8 | True | fe80::a00:27ff:fe92:3910/64 |       .       |  link  | 08:00:27:92:39:10 |
[   12.552175] cloud-init[749]: ci-info: |   lo   | True |          127.0.0.1          |   255.0.0.0   |  host  |         .         |
[   12.553300] cloud-init[749]: ci-info: |   lo   | True |           ::1/128           |       .       |  host  |         .         |
[   12.554399] cloud-init[749]: ci-info: +--------+------+-----------------------------+---------------+--------+-------------------+
[   12.555444] cloud-init[749]: ci-info: ++++++++++++++++++++++++++++Route IPv4 info+++++++++++++++++++++++++++++
[   12.568222] cloud-init[749]: ci-info: +-------+-------------+----------+-----------------+-----------+-------+
[   12.569102] cloud-init[749]: ci-info: | Route | Destination | Gateway  |     Genmask     | Interface | Flags |
[   12.570040] cloud-init[749]: ci-info: +-------+-------------+----------+-----------------+-----------+-------+
[   12.570973] cloud-init[749]: ci-info: |   0   |   0.0.0.0   | 10.0.2.2 |     0.0.0.0     |   enp0s3  |   UG  |
[   12.571892] cloud-init[749]: ci-info: |   1   |   10.0.2.0  | 0.0.0.0  |  255.255.255.0  |   enp0s3  |   U   |
[   12.572822] cloud-init[749]: ci-info: |   2   |   10.0.2.2  | 0.0.0.0  | 255.255.255.255 |   enp0s3  |   UH  |
[   12.574813] cloud-init[749]: ci-info: |   3   | 192.168.1.0 | 0.0.0.0  |  255.255.255.0  |   enp0s8  |   U   |
[   12.575946] cloud-init[749]: ci-info: +-------+-------------+----------+-----------------+-----------+-------+
[   12.578270] cloud-init[749]: ci-info: +++++++++++++++++++Route IPv6 info+++++++++++++++++++
[   12.579034] cloud-init[749]: ci-info: +-------+-------------+---------+-----------+-------+
[   12.579823] cloud-init[749]: ci-info: | Route | Destination | Gateway | Interface | Flags |
[   12.580590] cloud-init[749]: ci-info: +-------+-------------+---------+-----------+-------+
[   12.581462] cloud-init[749]: ci-info: |   1   |  fe80::/64  |    ::   |   enp0s3  |   U   |
[   12.582342] cloud-init[749]: ci-info: |   2   |  fe80::/64  |    ::   |   enp0s8  |   U   |
[   12.583536] cloud-init[749]: ci-info: |   4   |    local    |    ::   |   enp0s3  |   U   |
[   12.584540] cloud-init[749]: ci-info: |   5   |    local    |    ::   |   enp0s8  |   U   |
[   12.585260] cloud-init[749]: ci-info: |   6   |   ff00::/8  |    ::   |   enp0s3  |   U   |
[   12.597495] cloud-init[749]: ci-info: |   7   |   ff00::/8  |    ::   |   enp0s8  |   U   |
[   12.598460] cloud-init[749]: ci-info: +-------+-------------+---------+-----------+-------+
[[0;32m  OK  [0m] Started Initial cloud-init job (metadata service crawler).
[[0;32m  OK  [0m] Reached target Network is Online.
         Starting Availability of block devices...
[[0;32m  OK  [0m] Reached target Remote File Systems (Pre).
[[0;32m  OK  [0m] Reached target Remote File Systems.
[[0;32m  OK  [0m] Reached target Cloud-config availability.
[[0;32m  OK  [0m] Reached target System Initialization.
         Starting Socket activation for snappy daemon.
[[0;32m  OK  [0m] Started Daily apt download activities.
[[0;32m  OK  [0m] Started Daily apt upgrade and clean activities.
[[0;32m  OK  [0m] Started Discard unused blocks once a week.
[[0;32m  OK  [0m] Listening on UUID daemon activation socket.
[[0;32m  OK  [0m] Started Message of the Day.
         Starting LXD - unix socket.
[[0;32m  OK  [0m] Started Daily Cleanup of Temporary Directories.
[[0;32m  OK  [0m] Listening on Open-iSCSI iscsid Socket.
[[0;32m  OK  [0m] Listening on ACPID Listen Socket.
[[0;32m  OK  [0m] Started ACPI Events Check.
[[0;32m  OK  [0m] Reached target Paths.
[[0;32m  OK  [0m] Started Ubuntu Advantage Timer for running repeated jobs.
[[0;32m  OK  [0m] Reached target Timers.
[[0;32m  OK  [0m] Listening on cloud-init hotplug hook socket.
[[0;32m  OK  [0m] Listening on D-Bus System Message Bus Socket.
[[0;32m  OK  [0m] Started Availability of block devices.
[[0;32m  OK  [0m] Listening on Socket activation for snappy daemon.
[[0;32m  OK  [0m] Listening on LXD - unix socket.
[[0;32m  OK  [0m] Reached target Sockets.
[[0;32m  OK  [0m] Reached target Basic System.
[[0;32m  OK  [0m] Started irqbalance daemon.
         Starting LSB: Record successful boot for GRUB...
[[0;32m  OK  [0m] Started Regular background program processing daemon.
         Starting Permit User Sessions...
[[0;32m  OK  [0m] Started FUSE filesystem for LXC.
[[0;32m  OK  [0m] Reached target Login Prompts (Pre).
         Starting Login Service...
         Starting Accounts Service...
[[0;32m  OK  [0m] Started D-Bus System Message Bus.
         Starting Dispatcher daemon for systemd-networkd...
         Starting LXD - container startup/shutdown...
         Starting OpenBSD Secure Shell server...
         Starting vboxadd.service...
         Starting System Logging Service...
         Starting LSB: automatic crash report generation...
[[0;32m  OK  [0m] Started Deferred execution scheduler.
         Starting Snap Daemon...
[[0;32m  OK  [0m] Started System Logging Service.
[[0;32m  OK  [0m] Started Permit User Sessions.
[[0;32m  OK  [0m] Started LXD - container startup/shutdown.
[[0;32m  OK  [0m] Started Login Service.
[[0;32m  OK  [0m] Started OpenBSD Secure Shell server.
[[0;32m  OK  [0m] Started Dispatcher daemon for systemd-networkd.
         Starting Authorization Manager...
[[0;32m  OK  [0m] Started Unattended Upgrades Shutdown.
         Starting Terminate Plymouth Boot Screen...
         Starting Hold until boot process finishes up...
[[0;32m  OK  [0m] Started Hold until boot process finishes up.
[[0;32m  OK  [0m] Started Serial Getty on ttyS0.
         Starting Set console scheme...
[[0;32m  OK  [0m] Started Terminate Plymouth Boot Screen.
[[0;32m  OK  [0m] Started LSB: automatic crash report generation.
[[0;32m  OK  [0m] Started Authorization Manager.
[[0;32m  OK  [0m] Started Accounts Service.
[[0;32m  OK  [0m] Started Set console scheme.
[[0;32m  OK  [0m] Started LSB: Record successful boot for GRUB.
[[0;32m  OK  [0m] Created slice system-getty.slice.
[[0;32m  OK  [0m] Started Getty on tty1.
[[0;32m  OK  [0m] Reached target Login Prompts.
[[0;32m  OK  [0m] Created slice User Slice of vagrant.
         Starting User Manager for UID 1000...
[[0;32m  OK  [0m] Started Session 1 of user vagrant.
[[0;32m  OK  [0m] Started Snap Daemon.
         Starting Wait until snapd is fully seeded...
[[0;32m  OK  [0m] Started User Manager for UID 1000.
         Starting Time & Date Service...
[[0;32m  OK  [0m] Started Time & Date Service.
[[0;32m  OK  [0m] Started Wait until snapd is fully seeded.
         Starting Apply the settings specified in cloud-config...
[   14.792832] cloud-init[1297]: Cloud-init v. 23.1.1-0ubuntu0~18.04.1 running 'modules:config' at Wed, 12 Apr 2023 01:20:07 +0000. Up 14.63 seconds.
[[0;32m  OK  [0m] Started Apply the settings specified in cloud-config.
[[0;32m  OK  [0m] Stopped Wait for Network to be Configured.
         Stopping Network Service...
         Starting Network Service...
[[0;32m  OK  [0m] Started Network Service.

Ubuntu 18.04.6 LTS control-node ttyS0

control-node login: [   35.241322] cloud-init[9331]: Cloud-init v. 23.1.1-0ubuntu0~18.04.1 running 'modules:final' at Wed, 12 Apr 2023 01:20:27 +0000. Up 35.08 seconds.
[   35.242457] cloud-init[9331]: Cloud-init v. 23.1.1-0ubuntu0~18.04.1 finished at Wed, 12 Apr 2023 01:20:28 +0000. Datasource DataSourceNoCloud [seed=/dev/sdb][dsmode=net].  Up 35.23 seconds
