[    0.000000] Linux version 4.15.0-208-generic (buildd@lcy02-amd64-015) (gcc version 7.5.0 (Ubuntu 7.5.0-3ubuntu1~18.04)) #220-Ubuntu SMP Mon Mar 20 14:27:01 UTC 2023 (Ubuntu 4.15.0-208.220-generic 4.15.18)
[    0.000000] Command line: BOOT_IMAGE=/boot/vmlinuz-4.15.0-208-generic root=LABEL=cloudimg-rootfs ro console=tty1 console=ttyS0
[    0.000000] KERNEL supported cpus:
[    0.000000]   Intel GenuineIntel
[    0.000000]   AMD AuthenticAMD
[    0.000000]   Centaur CentaurHauls
[    0.000000] x86/fpu: Supporting XSAVE feature 0x001: 'x87 floating point registers'
[    0.000000] x86/fpu: Supporting XSAVE feature 0x002: 'SSE registers'
[    0.000000] x86/fpu: Supporting XSAVE feature 0x004: 'AVX registers'
[    0.000000] x86/fpu: xstate_offset[2]:  576, xstate_sizes[2]:  256
[    0.000000] x86/fpu: Enabled xstate features 0x7, context size is 832 bytes, using 'standard' format.
[    0.000000] e820: BIOS-provided physical RAM map:
[    0.000000] BIOS-e820: [mem 0x0000000000000000-0x000000000009fbff] usable
[    0.000000] BIOS-e820: [mem 0x000000000009fc00-0x000000000009ffff] reserved
[    0.000000] BIOS-e820: [mem 0x00000000000f0000-0x00000000000fffff] reserved
[    0.000000] BIOS-e820: [mem 0x0000000000100000-0x000000003ffeffff] usable
[    0.000000] BIOS-e820: [mem 0x000000003fff0000-0x000000003fffffff] ACPI data
[    0.000000] BIOS-e820: [mem 0x00000000fec00000-0x00000000fec00fff] reserved
[    0.000000] BIOS-e820: [mem 0x00000000fee00000-0x00000000fee00fff] reserved
[    0.000000] BIOS-e820: [mem 0x00000000fffc0000-0x00000000ffffffff] reserved
[    0.000000] NX (Execute Disable) protection: active
[    0.000000] SMBIOS 2.5 present.
[    0.000000] DMI: innotek GmbH VirtualBox/VirtualBox, BIOS VirtualBox 12/01/2006
[    0.000000] Hypervisor detected: KVM
[    0.000000] e820: last_pfn = 0x3fff0 max_arch_pfn = 0x400000000
[    0.000000] MTRR: Disabled
[    0.000000] x86/PAT: MTRRs disabled, skipping PAT initialization too.
[    0.000000] CPU MTRRs all blank - virtualized system.
[    0.000000] x86/PAT: Configuration [0-7]: WB  WT  UC- UC  WB  WT  UC- UC  
[    0.000000] found SMP MP-table at [mem 0x0009fff0-0x0009ffff]
[    0.000000] Scanning 1 areas for low memory corruption
[    0.000000] RAMDISK: [mem 0x359c9000-0x36cdbfff]
[    0.000000] ACPI: Early table checksum verification disabled
[    0.000000] ACPI: RSDP 0x00000000000E0000 000024 (v02 VBOX  )
[    0.000000] ACPI: XSDT 0x000000003FFF0030 00003C (v01 VBOX   VBOXXSDT 00000001 ASL  00000061)
[    0.000000] ACPI: FACP 0x000000003FFF00F0 0000F4 (v04 VBOX   VBOXFACP 00000001 ASL  00000061)
[    0.000000] ACPI: DSDT 0x000000003FFF0470 002325 (v02 VBOX   VBOXBIOS 00000002 INTL 20200925)
[    0.000000] ACPI: FACS 0x000000003FFF0200 000040
[    0.000000] ACPI: FACS 0x000000003FFF0200 000040
[    0.000000] ACPI: APIC 0x000000003FFF0240 00005C (v02 VBOX   VBOXAPIC 00000001 ASL  00000061)
[    0.000000] ACPI: SSDT 0x000000003FFF02A0 0001CC (v01 VBOX   VBOXCPUT 00000002 INTL 20200925)
[    0.000000] ACPI: Reserving FACP table memory at [mem 0x3fff00f0-0x3fff01e3]
[    0.000000] ACPI: Reserving DSDT table memory at [mem 0x3fff0470-0x3fff2794]
[    0.000000] ACPI: Reserving FACS table memory at [mem 0x3fff0200-0x3fff023f]
[    0.000000] ACPI: Reserving FACS table memory at [mem 0x3fff0200-0x3fff023f]
[    0.000000] ACPI: Reserving APIC table memory at [mem 0x3fff0240-0x3fff029b]
[    0.000000] ACPI: Reserving SSDT table memory at [mem 0x3fff02a0-0x3fff046b]
[    0.000000] No NUMA configuration found
[    0.000000] Faking a node at [mem 0x0000000000000000-0x000000003ffeffff]
[    0.000000] NODE_DATA(0) allocated [mem 0x3ffc5000-0x3ffeffff]
[    0.000000] kvm-clock: cpu 0, msr 0:3ff44001, primary cpu clock
[    0.000000] kvm-clock: Using msrs 4b564d01 and 4b564d00
[    0.000000] kvm-clock: using sched offset of 3206636085 cycles
[    0.000000] clocksource: kvm-clock: mask: 0xffffffffffffffff max_cycles: 0x1cd42e4dffb, max_idle_ns: 881590591483 ns
[    0.000000] Zone ranges:
[    0.000000]   DMA      [mem 0x0000000000001000-0x0000000000ffffff]
[    0.000000]   DMA32    [mem 0x0000000001000000-0x000000003ffeffff]
[    0.000000]   Normal   empty
[    0.000000]   Device   empty
[    0.000000] Movable zone start for each node
[    0.000000] Early memory node ranges
[    0.000000]   node   0: [mem 0x0000000000001000-0x000000000009efff]
[    0.000000]   node   0: [mem 0x0000000000100000-0x000000003ffeffff]
[    0.000000] Reserved but unavailable: 104 pages
[    0.000000] Initmem setup node 0 [mem 0x0000000000001000-0x000000003ffeffff]
[    0.000000] ACPI: PM-Timer IO Port: 0x4008
[    0.000000] IOAPIC[0]: apic_id 2, version 32, address 0xfec00000, GSI 0-23
[    0.000000] ACPI: INT_SRC_OVR (bus 0 bus_irq 0 global_irq 2 dfl dfl)
[    0.000000] ACPI: INT_SRC_OVR (bus 0 bus_irq 9 global_irq 9 low level)
[    0.000000] Using ACPI (MADT) for SMP configuration information
[    0.000000] smpboot: Allowing 2 CPUs, 0 hotplug CPUs
[    0.000000] PM: Registered nosave memory: [mem 0x00000000-0x00000fff]
[    0.000000] PM: Registered nosave memory: [mem 0x0009f000-0x0009ffff]
[    0.000000] PM: Registered nosave memory: [mem 0x000a0000-0x000effff]
[    0.000000] PM: Registered nosave memory: [mem 0x000f0000-0x000fffff]
[    0.000000] e820: [mem 0x40000000-0xfebfffff] available for PCI devices
[    0.000000] Booting paravirtualized kernel on KVM
[    0.000000] clocksource: refined-jiffies: mask: 0xffffffff max_cycles: 0xffffffff, max_idle_ns: 7645519600211568 ns
[    0.000000] setup_percpu: NR_CPUS:8192 nr_cpumask_bits:2 nr_cpu_ids:2 nr_node_ids:1
[    0.000000] percpu: Embedded 50 pages/cpu s167936 r8192 d28672 u1048576
[    0.000000] PV qspinlock hash table entries: 256 (order: 0, 4096 bytes)
[    0.000000] Built 1 zonelists, mobility grouping on.  Total pages: 257913
[    0.000000] Policy zone: DMA32
[    0.000000] Kernel command line: BOOT_IMAGE=/boot/vmlinuz-4.15.0-208-generic root=LABEL=cloudimg-rootfs ro console=tty1 console=ttyS0
[    0.000000] Memory: 982640K/1048120K available (12300K kernel code, 2477K rwdata, 4324K rodata, 2480K init, 2720K bss, 65480K reserved, 0K cma-reserved)
[    0.000000] SLUB: HWalign=64, Order=0-3, MinObjects=0, CPUs=2, Nodes=1
[    0.000000] Kernel/User page tables isolation: enabled
[    0.000000] ftrace: allocating 39494 entries in 155 pages
[    0.004000] Hierarchical RCU implementation.
[    0.004000] 	RCU restricting CPUs from NR_CPUS=8192 to nr_cpu_ids=2.
[    0.004000] 	Tasks RCU enabled.
[    0.004000] RCU: Adjusting geometry for rcu_fanout_leaf=16, nr_cpu_ids=2
[    0.004000] NR_IRQS: 524544, nr_irqs: 440, preallocated irqs: 16
[    0.004000] random: crng init done
[    0.004000] Console: colour VGA+ 80x25
[    0.004000] console [tty1] enabled
[    0.004000] console [ttyS0] enabled
[    0.004000] ACPI: Core revision 20170831
[    0.004000] ACPI: 2 ACPI AML tables successfully acquired and loaded
[    0.004000] APIC: Switch to symmetric I/O mode setup
[    0.004000] x2apic enabled
[    0.004000] Switched APIC routing to physical x2apic.
[    0.004000] ..TIMER: vector=0x30 apic1=0 pin1=2 apic2=-1 pin2=-1
[    0.004004] tsc: Detected 3000.032 MHz processor
[    0.004794] Calibrating delay loop (skipped) preset value.. 6000.06 BogoMIPS (lpj=12000128)
[    0.005385] pid_max: default: 32768 minimum: 301
[    0.006148] Security Framework initialized
[    0.008003] Yama: becoming mindful.
[    0.008655] AppArmor: AppArmor initialized
[    0.010045] Dentry cache hash table entries: 131072 (order: 8, 1048576 bytes)
[    0.011237] Inode-cache hash table entries: 65536 (order: 7, 524288 bytes)
[    0.012010] Mount-cache hash table entries: 2048 (order: 2, 16384 bytes)
[    0.013088] Mountpoint-cache hash table entries: 2048 (order: 2, 16384 bytes)
[    0.014536] Last level iTLB entries: 4KB 128, 2MB 8, 4MB 8
[    0.016002] Last level dTLB entries: 4KB 64, 2MB 0, 4MB 0, 1GB 4
[    0.016990] Spectre V1 : Mitigation: usercopy/swapgs barriers and __user pointer sanitization
[    0.018399] Spectre V2 : Mitigation: Retpolines
[    0.019183] Spectre V2 : Spectre v2 / SpectreRSB mitigation: Filling RSB on context switch
[    0.020001] Spectre V2 : Spectre v2 / SpectreRSB : Filling RSB on VMEXIT
[    0.021074] RETBleed: WARNING: Spectre v2 mitigation leaves CPU vulnerable to RETBleed attacks, data leaks possible!
[    0.022762] RETBleed: Vulnerable
[    0.024001] Speculative Store Bypass: Vulnerable
[    0.024881] MDS: Mitigation: Clear CPU buffers
[    0.025647] MMIO Stale Data: Mitigation: Clear CPU buffers
[    0.026553] SRBDS: Unknown: Dependent on hypervisor status
[    0.027618] Freeing SMP alternatives memory: 36K
[    0.138377] smpboot: CPU0: Intel(R) Core(TM) i5-9500 CPU @ 3.00GHz (family: 0x6, model: 0x9e, stepping: 0xa)
[    0.140000] Performance Events: unsupported p6 CPU model 158 no PMU driver, software events only.
[    0.140000] Hierarchical SRCU implementation.
[    0.140198] NMI watchdog: Perf event create on CPU 0 failed with -2
[    0.142396] NMI watchdog: Perf NMI watchdog permanently disabled
[    0.144036] smp: Bringing up secondary CPUs ...
[    0.144876] x86: Booting SMP configuration:
[    0.145600] .... node  #0, CPUs:      #1
[    0.004000] kvm-clock: cpu 1, msr 0:3ff44041, secondary cpu clock
[    0.150031] smp: Brought up 1 node, 2 CPUs
[    0.150031] smpboot: Max logical packages: 1
[    0.150031] smpboot: Total of 2 processors activated (12000.12 BogoMIPS)
[    0.152102] devtmpfs: initialized
[    0.152732] x86/mm: Memory block size: 128MB
[    0.153611] evm: security.selinux
[    0.154185] evm: security.SMACK64
[    0.154778] evm: security.SMACK64EXEC
[    0.156002] evm: security.SMACK64TRANSMUTE
[    0.156741] evm: security.SMACK64MMAP
[    0.157400] evm: security.apparmor
[    0.158029] evm: security.ima
[    0.158584] evm: security.capability
[    0.159233] clocksource: jiffies: mask: 0xffffffff max_cycles: 0xffffffff, max_idle_ns: 7645041785100000 ns
[    0.160006] futex hash table entries: 512 (order: 3, 32768 bytes)
[    0.160979] pinctrl core: initialized pinctrl subsystem
[    0.162404] RTC time: 21:54:01, date: 04/07/23
[    0.164138] NET: Registered protocol family 16
[    0.165000] audit: initializing netlink subsys (disabled)
[    0.165902] audit: type=2000 audit(1680904445.862:1): state=initialized audit_enabled=0 res=1
[    0.165902] cpuidle: using governor ladder
[    0.168008] cpuidle: using governor menu
[    0.168757] ACPI: bus type PCI registered
[    0.169458] acpiphp: ACPI Hot Plug PCI Controller Driver version: 0.5
[    0.170548] PCI: Using configuration type 1 for base access
[    0.172968] HugeTLB registered 2.00 MiB page size, pre-allocated 0 pages
[    0.173124] ACPI: Added _OSI(Module Device)
[    0.173124] ACPI: Added _OSI(Processor Device)
[    0.176005] ACPI: Added _OSI(3.0 _SCP Extensions)
[    0.176844] ACPI: Added _OSI(Processor Aggregator Device)
[    0.177701] ACPI: Added _OSI(Linux-Dell-Video)
[    0.178464] ACPI: Added _OSI(Linux-Lenovo-NV-HDMI-Audio)
[    0.179331] ACPI: Added _OSI(Linux-HPI-Hybrid-Graphics)
[    0.180236] ACPI: Executed 1 blocks of module-level executable AML code
[    0.184891] ACPI: Interpreter enabled
[    0.185558] ACPI: (supports S0 S5)
[    0.186165] ACPI: Using IOAPIC for interrupt routing
[    0.187205] PCI: Using host bridge windows from ACPI; if necessary, use "pci=nocrs" and report a bug
[    0.188186] ACPI: Enabled 2 GPEs in block 00 to 07
[    0.195348] ACPI: PCI Root Bridge [PCI0] (domain 0000 [bus 00-ff])
[    0.196005] acpi PNP0A03:00: _OSC: OS supports [ASPM ClockPM Segments MSI]
[    0.197613] acpi PNP0A03:00: _OSC: not requesting OS control; OS requires [ExtendedConfig ASPM ClockPM MSI]
[    0.199193] acpi PNP0A03:00: fail to add MMCONFIG information, can't access extended PCI configuration space under this bridge.
[    0.200325] PCI host bridge to bus 0000:00
[    0.202032] pci_bus 0000:00: root bus resource [io  0x0000-0x0cf7 window]
[    0.204002] pci_bus 0000:00: root bus resource [io  0x0d00-0xffff window]
[    0.205105] pci_bus 0000:00: root bus resource [mem 0x000a0000-0x000bffff window]
[    0.206344] pci_bus 0000:00: root bus resource [mem 0x40000000-0xfdffffff window]
[    0.207584] pci_bus 0000:00: root bus resource [bus 00-ff]
[    0.209529] pci 0000:00:01.1: legacy IDE quirk: reg 0x10: [io  0x01f0-0x01f7]
[    0.210641] pci 0000:00:01.1: legacy IDE quirk: reg 0x14: [io  0x03f6]
[    0.212002] pci 0000:00:01.1: legacy IDE quirk: reg 0x18: [io  0x0170-0x0177]
[    0.213117] pci 0000:00:01.1: legacy IDE quirk: reg 0x1c: [io  0x0376]
[    0.224734] pci 0000:00:07.0: quirk: [io  0x4000-0x403f] claimed by PIIX4 ACPI
[    0.225967] pci 0000:00:07.0: quirk: [io  0x4100-0x410f] claimed by PIIX4 SMB
[    0.233616] ACPI: PCI Interrupt Link [LNKA] (IRQs 5 9 10 *11)
[    0.234920] ACPI: PCI Interrupt Link [LNKB] (IRQs 5 9 *10 11)
[    0.235952] ACPI: PCI Interrupt Link [LNKC] (IRQs 5 *9 10 11)
[    0.236103] ACPI: PCI Interrupt Link [LNKD] (IRQs 5 9 10 *11)
[    0.237350] SCSI subsystem initialized
[    0.238048] pci 0000:00:02.0: vgaarb: setting as boot VGA device
[    0.238048] pci 0000:00:02.0: vgaarb: VGA device added: decodes=io+mem,owns=io+mem,locks=none
[    0.240007] pci 0000:00:02.0: vgaarb: bridge control possible
[    0.240950] vgaarb: loaded
[    0.241496] ACPI: bus type USB registered
[    0.242218] usbcore: registered new interface driver usbfs
[    0.244014] usbcore: registered new interface driver hub
[    0.244898] usbcore: registered new device driver usb
[    0.245763] EDAC MC: Ver: 3.0.0
[    0.245763] PCI: Using ACPI for IRQ routing
[    0.248233] NetLabel: Initializing
[    0.248878] NetLabel:  domain hash size = 128
[    0.249643] NetLabel:  protocols = UNLABELED CIPSOv4 CALIPSO
[    0.250569] NetLabel:  unlabeled traffic allowed by default
[    0.251480] clocksource: Switched to clocksource kvm-clock
[    0.258241] VFS: Disk quotas dquot_6.6.0
[    0.258959] VFS: Dquot-cache hash table entries: 512 (order 0, 4096 bytes)
[    0.260080] AppArmor: AppArmor Filesystem Enabled
[    0.261002] pnp: PnP ACPI init
[    0.262479] pnp: PnP ACPI: found 3 devices
[    0.270373] clocksource: acpi_pm: mask: 0xffffff max_cycles: 0xffffff, max_idle_ns: 2085701024 ns
[    0.272005] NET: Registered protocol family 2
[    0.272823] IP idents hash table entries: 16384 (order: 5, 131072 bytes)
[    0.274575] TCP established hash table entries: 8192 (order: 4, 65536 bytes)
[    0.275750] TCP bind hash table entries: 8192 (order: 5, 131072 bytes)
[    0.276904] TCP: Hash tables configured (established 8192 bind 8192)
[    0.277932] UDP hash table entries: 512 (order: 2, 16384 bytes)
[    0.278876] UDP-Lite hash table entries: 512 (order: 2, 16384 bytes)
[    0.279898] NET: Registered protocol family 1
[    0.280710] pci 0000:00:00.0: Limiting direct PCI/PCI transfers
[    0.281673] pci 0000:00:01.0: Activating ISA DMA hang workarounds
[    0.282670] pci 0000:00:02.0: Video device with shadowed ROM at [mem 0x000c0000-0x000dffff]
[    0.284090] Unpacking initramfs...
[    0.503695] Freeing initrd memory: 19532K
[    0.504607] clocksource: tsc: mask: 0xffffffffffffffff max_cycles: 0x2b3e6348d2e, max_idle_ns: 440795211700 ns
[    0.506220] platform rtc_cmos: registered platform RTC device (no PNP device found)
[    0.507514] Scanning for low memory corruption every 60 seconds
[    0.509074] Initialise system trusted keyrings
[    0.509823] Key type blacklist registered
[    0.510602] workingset: timestamp_bits=36 max_order=18 bucket_order=0
[    0.512489] zbud: loaded
[    0.513499] squashfs: version 4.0 (2009/01/31) Phillip Lougher
[    0.514614] fuse init (API version 7.26)
[    0.516633] Key type asymmetric registered
[    0.517353] Asymmetric key parser 'x509' registered
[    0.518179] Block layer SCSI generic (bsg) driver version 0.4 loaded (major 246)
[    0.519438] io scheduler noop registered
[    0.520171] io scheduler deadline registered
[    0.521004] io scheduler cfq registered (default)
[    0.522026] ACPI: AC Adapter [AC] (on-line)
[    0.522792] input: Power Button as /devices/LNXSYSTM:00/LNXPWRBN:00/input/input0
[    0.524127] ACPI: Power Button [PWRF]
[    0.524854] input: Sleep Button as /devices/LNXSYSTM:00/LNXSLPBN:00/input/input1
[    0.526086] ACPI: Sleep Button [SLPF]
[    0.527025] Serial: 8250/16550 driver, 32 ports, IRQ sharing enabled
[    0.548787] 00:02: ttyS0 at I/O 0x3f8 (irq = 4, base_baud = 115200) is a 16550A
[    0.551957] Linux agpgart interface v0.103
[    0.554461] loop: module loaded
[    0.555438] scsi host0: ata_piix
[    0.556221] scsi host1: ata_piix
[    0.556891] ata1: PATA max UDMA/33 cmd 0x1f0 ctl 0x3f6 bmdma 0xd000 irq 14
[    0.557957] ata2: PATA max UDMA/33 cmd 0x170 ctl 0x376 bmdma 0xd008 irq 15
[    0.559097] tun: Universal TUN/TAP device driver, 1.6
[    0.560021] PPP generic driver version 2.4.2
[    0.560908] ehci_hcd: USB 2.0 'Enhanced' Host Controller (EHCI) Driver
[    0.561941] ehci-pci: EHCI PCI platform driver
[    0.562706] ehci-platform: EHCI generic platform driver
[    0.563568] ohci_hcd: USB 1.1 'Open' Host Controller (OHCI) Driver
[    0.564589] ohci-pci: OHCI PCI platform driver
[    0.565323] ohci-platform: OHCI generic platform driver
[    0.566181] uhci_hcd: USB Universal Host Controller Interface driver
[    0.567223] i8042: PNP: PS/2 Controller [PNP0303:PS2K,PNP0f03:PS2M] at 0x60,0x64 irq 1,12
[    0.569012] serio: i8042 KBD port at 0x60,0x64 irq 1
[    0.569856] serio: i8042 AUX port at 0x60,0x64 irq 12
[    0.570889] mousedev: PS/2 mouse device common for all mice
[    0.572260] rtc_cmos rtc_cmos: rtc core: registered rtc_cmos as rtc0
[    0.573428] rtc_cmos rtc_cmos: alarms up to one day, 114 bytes nvram
[    0.574489] input: AT Translated Set 2 keyboard as /devices/platform/i8042/serio0/input/input2
[    0.575915] i2c /dev entries driver
[    0.576769] device-mapper: uevent: version 1.0.3
[    0.577661] device-mapper: ioctl: 4.37.0-ioctl (2017-09-20) initialised: dm-devel@redhat.com
[    0.579087] ledtrig-cpu: registered to indicate activity on CPUs
[    0.580310] NET: Registered protocol family 10
[    0.584181] Segment Routing with IPv6
[    0.584922] NET: Registered protocol family 17
[    0.585746] Key type dns_resolver registered
[    0.586681] mce: Using 0 MCE banks
[    0.587320] RAS: Correctable Errors collector initialized.
[    0.588274] sched_clock: Marking stable (588253687, 0)->(745586362, -157332675)
[    0.589911] registered taskstats version 1
[    0.590639] Loading compiled-in X.509 certificates
[    0.593448] Loaded X.509 cert 'Build time autogenerated kernel key: 05d3fa630a0ed8a65520e390196b077fd5e65720'
[    0.595521] Loaded X.509 cert 'Canonical Ltd. Live Patch Signing: 14df34d1a87cf37625abec039ef2bf521249b969'
[    0.597530] Loaded X.509 cert 'Canonical Ltd. Kernel Module Signing: 88f752e560a1e0737e31163a466ad7b70a850c19'
[    0.599118] blacklist: Loading compiled-in revocation X.509 certificates
[    0.600195] Loaded X.509 cert 'Canonical Ltd. Secure Boot Signing: 61482aa2830d0ab2ad5af10b7250da9033ddcef0'
[    0.601790] Loaded X.509 cert 'Canonical Ltd. Secure Boot Signing (2017): 242ade75ac4a15e50d50c84b0d45ff3eae707a03'
[    0.603410] Loaded X.509 cert 'Canonical Ltd. Secure Boot Signing (ESM 2018): 365188c1d374d6b07c3c8f240f8ef722433d6a8b'
[    0.605199] Loaded X.509 cert 'Canonical Ltd. Secure Boot Signing (2019): c0746fd6c5da3ae827864651ad66ae47fe24b3e8'
[    0.606829] Loaded X.509 cert 'Canonical Ltd. Secure Boot Signing (2021 v1): a8d54bbb3825cfb94fa13c9f8a594a195c107b8d'
[    0.608513] Loaded X.509 cert 'Canonical Ltd. Secure Boot Signing (2021 v2): 4cf046892d6fd3c9a5b03f98d845f90851dc6a8c'
[    0.610184] Loaded X.509 cert 'Canonical Ltd. Secure Boot Signing (2021 v3): 100437bb6de6e469b581e61cd66bce3ef4ed53af'
[    0.611836] Loaded X.509 cert 'Canonical Ltd. Secure Boot Signing (Ubuntu Core 2019): c1d57b8f6b743f23ee41f4f7ee292f06eecadfb9'
[    0.613690] zswap: loaded using pool lzo/zbud
[    0.617446] Key type big_key registered
[    0.619286] Key type trusted registered
[    0.622001] Key type encrypted registered
[    0.622750] AppArmor: AppArmor sha1 policy hashing enabled
[    0.623679] ima: No TPM chip found, activating TPM-bypass! (rc=-19)
[    0.624728] ima: Allocated hash algorithm: sha1
[    0.625537] evm: HMAC attrs: 0x1
[    0.626356]   Magic number: 3:632:954
[    0.627029] memory memory7: hash matches
[    0.627805] rtc_cmos rtc_cmos: setting system clock to 2023-04-07 21:54:02 UTC (1680904442)
[    0.629356] BIOS EDD facility v0.16 2004-Jun-25, 0 devices found
[    0.630337] EDD information not available.
[    0.756427] Freeing unused kernel image memory: 2480K
[    1.044005] Write protecting the kernel read-only data: 20480k
[    1.045814] Freeing unused kernel image memory: 2008K
[    1.047083] Freeing unused kernel image memory: 1820K
[    1.057090] x86/mm: Checked W+X mappings: passed, no W+X pages found.
[    1.058366] x86/mm: Checking user space page tables
[    1.067783] x86/mm: Checked W+X mappings: passed, no W+X pages found.
Loading, please wait...
starting version 237
[    1.135439] e1000: Intel(R) PRO/1000 Network Driver - version 7.3.21-k8-NAPI
[    1.136699] e1000: Copyright (c) 1999-2006 Intel Corporation.
[    1.139438] Fusion MPT base driver 3.04.20
[    1.140706] Copyright (c) 1999-2008 LSI Corporation
[    1.152911] Fusion MPT SPI Host driver 3.04.20
[    1.155948] AVX2 version of gcm_enc/dec engaged.
[    1.156823] AES CTR mode by8 optimization enabled
[    1.341268] input: ImExPS/2 Generic Explorer Mouse as /devices/platform/i8042/serio1/input/input4
[    1.528400] e1000 0000:00:03.0 eth0: (PCI:33MHz:32-bit) 02:6d:e6:35:46:3a
[    1.529618] e1000 0000:00:03.0 eth0: Intel(R) PRO/1000 Network Connection
[    1.531586] mptbase: ioc0: Initiating bringup
[    1.641268] ioc0: LSI53C1030 A0: Capabilities={Initiator}
[    1.897201] scsi host2: ioc0: LSI53C1030 A0, FwRev=00000000h, Ports=1, MaxQ=256, IRQ=20
[    2.069212] scsi 2:0:0:0: Direct-Access     VBOX     HARDDISK         1.0  PQ: 0 ANSI: 5
[    2.136093] scsi target2:0:0: Beginning Domain Validation
[    2.139839] scsi target2:0:0: Domain Validation skipping write tests
[    2.141134] scsi target2:0:0: Ending Domain Validation
[    2.142069] scsi target2:0:0: asynchronous
[    2.143294] scsi 2:0:1:0: Direct-Access     VBOX     HARDDISK         1.0  PQ: 0 ANSI: 5
[    2.458132] scsi target2:0:1: Beginning Domain Validation
[    2.460495] scsi target2:0:1: Domain Validation skipping write tests
[    2.461708] scsi target2:0:1: Ending Domain Validation
[    2.462844] scsi target2:0:1: asynchronous
[    2.467034] sd 2:0:0:0: [sda] 83886080 512-byte logical blocks: (42.9 GB/40.0 GiB)
[    2.468412] sd 2:0:0:0: [sda] Write Protect is off
[    2.469411] sd 2:0:0:0: Attached scsi generic sg0 type 0
[    2.470344] sd 2:0:0:0: [sda] Incomplete mode parameter data
[    2.471339] sd 2:0:0:0: [sda] Assuming drive cache: write through
[    2.471775] e1000 0000:00:08.0 eth1: (PCI:33MHz:32-bit) 08:00:27:15:02:6c
[    2.473646] sd 2:0:1:0: Attached scsi generic sg1 type 0
[    2.473813] e1000 0000:00:08.0 eth1: Intel(R) PRO/1000 Network Connection
[    2.474877]  sda: sda1
[    2.476632] sd 2:0:1:0: [sdb] 20480 512-byte logical blocks: (10.5 MB/10.0 MiB)
[    2.477965] sd 2:0:1:0: [sdb] Write Protect is off
[    2.478996] sd 2:0:1:0: [sdb] Incomplete mode parameter data
[    2.479928] sd 2:0:1:0: [sdb] Assuming drive cache: write through
[    2.481701] sd 2:0:0:0: [sda] Attached SCSI disk
[    2.484793] sd 2:0:1:0: [sdb] Attached SCSI disk
[    2.486343] e1000 0000:00:08.0 enp0s8: renamed from eth1
[    2.512500] e1000 0000:00:03.0 enp0s3: renamed from eth0
Begin: Loading essential drivers ... [    4.104189] raid6: sse2x1   gen() 13570 MB/s
[    4.152083] raid6: sse2x1   xor()  9974 MB/s
[    4.200356] raid6: sse2x2   gen() 17496 MB/s
[    4.255926] raid6: sse2x2   xor() 13625 MB/s
[    4.308012] raid6: sse2x4   gen() 20963 MB/s
[    4.356217] raid6: sse2x4   xor() 12002 MB/s
[    4.407843] raid6: avx2x1   gen() 29606 MB/s
[    4.460403] raid6: avx2x1   xor() 20146 MB/s
[    4.516275] raid6: avx2x2   gen() 37853 MB/s
[    4.564446] raid6: avx2x2   xor() 20837 MB/s
[    4.623743] raid6: avx2x4   gen() 48870 MB/s
[    4.675717] raid6: avx2x4   xor() 24392 MB/s
[    4.676586] raid6: using algorithm avx2x4 gen() 48870 MB/s
[    4.677515] raid6: .... xor() 24392 MB/s, rmw enabled
[    4.678381] raid6: using avx2x2 recovery algorithm
[    4.679926] xor: automatically using best checksumming function   avx       
[    4.681901] async_tx: api initialized (async)
done.
Begin: Running /scripts/init-premount ... done.
Begin: Mounting root file system ... Begin: Running /scripts/local-top ... done.
Begin: Running /scripts/local-premount ... [    4.722080] Btrfs loaded, crc32c=crc32c-intel
Scanning for Btrfs filesystems
done.
Warning: fsck not present, so skipping root file system
[    4.748268] EXT4-fs (sda1): mounted filesystem with ordered data mode. Opts: (null)
done.
Begin: Running /scripts/local-bottom ... done.
Begin: Running /scripts/init-bottom ... done.
[    4.981385] ip_tables: (C) 2000-2006 Netfilter Core Team
[    4.995068] systemd[1]: systemd 237 running in system mode. (+PAM +AUDIT +SELINUX +IMA +APPARMOR +SMACK +SYSVINIT +UTMP +LIBCRYPTSETUP +GCRYPT +GNUTLS +ACL +XZ +LZ4 +SECCOMP +BLKID +ELFUTILS +KMOD -IDN2 +IDN -PCRE2 default-hierarchy=hybrid)
[    5.000233] systemd[1]: Detected virtualization oracle.
[    5.002762] systemd[1]: Detected architecture x86-64.

Welcome to [1mUbuntu 18.04.6 LTS[0m!

[    5.009199] systemd[1]: Set hostname to <ubuntu>.
[    5.011841] systemd[1]: Initializing machine ID from random generator.
[    5.013016] systemd[1]: Installed transient /etc/machine-id file.
[    5.300183] systemd[1]: Started Forward Password Requests to Wall Directory Watch.
[[0;32m  OK  [0m] Started Forward Password Requests to Wall Directory Watch.
[    5.303075] systemd[1]: Reached target User and Group Name Lookups.
[[0;32m  OK  [0m] Reached target User and Group Name Lookups.
[    5.305154] systemd[1]: Reached target System Time Synchronized.
[[0;32m  OK  [0m] Reached target System Time Synchronized.
[    5.308718] systemd[1]: Created slice System Slice.
[[0;32m  OK  [0m] Created slice System Slice.
[[0;32m  OK  [0m] Listening on LVM2 metadata daemon socket.
[[0;32m  OK  [0m] Listening on Network Service Netlink Socket.
[[0;32m  OK  [0m] Listening on /dev/initctl Compatibility Named Pipe.
[[0;32m  OK  [0m] Listening on LVM2 poll daemon socket.
[[0;32m  OK  [0m] Listening on Journal Socket (/dev/log).
[[0;32m  OK  [0m] Listening on Journal Audit Socket.
[[0;32m  OK  [0m] Listening on Journal Socket.
         Starting Load Kernel Modules...
         Starting Create list of required stâ€¦ce nodes for the current kernel...
         Mounting Huge Pages File System...
         Starting Uncomplicated firewall...
[[0;32m  OK  [0m] Set up automount Arbitrary Executabâ€¦rmats File System Automount Point.
[[0;32m  OK  [0m] Listening on Syslog Socket.
[[0;32m  OK  [0m] Reached target Swap.
[[0;32m  OK  [0m] Listening on fsck to fsckd communication Socket.
         Starting File System Check on Root Device...
[[0;32m  OK  [0m] Reached target Mounting snaps.
[[0;32m  OK  [0m] Reached target Mounted snaps.
         Mounting POSIX Message Queue File System...
[[0;32m  OK  [0m] Created slice system-serial\x2dgetty.slice.
         Starting Journal Service...
[[0;32m  OK  [0m] Listening on Device-mapper event daemon FIFOs.
         Starting Monitoring of LVM2 mirrorsâ€¦ng dmeventd or progress polling...
[[0;32m  OK  [0m] Created slice User and Session Slice.
[[0;32m  OK  [0m] Reached target Slices.
[[0;32m  OK  [0m] Listening on udev Kernel Socket.
[[0;32m  OK  [0m] Listening on udev Control Socket.
         Starting udev Coldplug all Devices...
         Starting Set the console keyboard layout...
         Mounting Kernel Debug File System...
[[0;32m  OK  [0m] Started Create list of required staâ€¦vice nodes for the current kernel.
         Starting Create Static Device Nodes in /dev...
[[0;32m  OK  [0m] Started Uncomplicated firewall.
[[0;32m  OK  [0m] Started File System Check Daemon to report status.
[[0;32m  OK  [0m] Started LVM2 metadata daemon.
[[0;32m  OK  [0m] Started udev Coldplug all Devices.
[[0;32m  OK  [0m] Started Journal Service.
[[0;32m  OK  [0m] Mounted Huge Pages File System.
[[0;32m  OK  [0m] Mounted POSIX Message Queue File System.
[[0;32m  OK  [0m] Mounted Kernel Debug File System.
[[0;32m  OK  [0m] Started Create Static Device Nodes in /dev.
[    5.436747] Loading iSCSI transport class v2.0-870.
[    5.441960] iscsi: registered transport (tcp)
[    5.455491] iscsi: registered transport (iser)
[[0;32m  OK  [0m] Started Load Kernel Modules.
         Starting Apply Kernel Variables...
         Mounting Kernel Configuration File System...
         Mounting FUSE Control File System...
[[0;32m  OK  [0m] Mounted Kernel Configuration File System.
[[0;32m  OK  [0m] Mounted FUSE Control File System.
[[0;32m  OK  [0m] Started File System Check on Root Device.
         Starting Remount Root and Kernel File Systems...
[[0;32m  OK  [0m] Started Monitoring of LVM2 mirrors,â€¦sing dmeventd or progress polling.
[[0;32m  OK  [0m] Started Apply Kernel Variables.
[[0;32m  OK  [0m] Started Remount Root and Kernel File Systems.
         Starting Flush Journal to Persistent Storage...
         Starting Load/Save Random Seed...
         Starting udev Kernel Device Manager...
[[0;32m  OK  [0m] Started Load/Save Random Seed.
[[0;32m  OK  [0m] Started udev Kernel Device Manager.
[[0;32m  OK  [0m] Started Flush Journal to Persistent Storage.
[[0;32m  OK  [0m] Found device /dev/ttyS0.
[[0;32m  OK  [0m] Listening on Load/Save RF Kill Switch Status /dev/rfkill Watch.
         Mounting Arbitrary Executable File Formats File System...
[[0;32m  OK  [0m] Mounted Arbitrary Executable File Formats File System.
[[0;32m  OK  [0m] Started Set the console keyboard layout.
[[0;32m  OK  [0m] Started Dispatch Password Requests to Console Directory Watch.
[[0;32m  OK  [0m] Reached target Local Encrypted Volumes.
[[0;32m  OK  [0m] Reached target Local File Systems (Pre).
[[0;32m  OK  [0m] Reached target Local File Systems.
         Starting Create Volatile Files and Directories...
         Starting Tell Plymouth To Write Out Runtime Data...
         Starting Commit a transient machine-id on disk...
         Starting AppArmor initialization...
         Starting Set console font and keymap...
         Starting ebtables ruleset management...
[[0;32m  OK  [0m] Started Create Volatile Files and Directories.
         Starting Update UTMP about System Boot/Shutdown...
[[0;32m  OK  [0m] Started Tell Plymouth To Write Out Runtime Data.
[[0;32m  OK  [0m] Started Update UTMP about System Boot/Shutdown.
[[0;32m  OK  [0m] Started Commit a transient machine-id on disk.
[[0;32m  OK  [0m] Started ebtables ruleset management.
[[0;32m  OK  [0m] Started Set console font and keymap.
[[0;32m  OK  [0m] Started AppArmor initialization.
         Starting Initial cloud-init job (pre-networking)...
         Starting Load AppArmor profiles managed internally by snapd...
[[0;32m  OK  [0m] Started Load AppArmor profiles managed internally by snapd.
[    9.172260] cloud-init[897]: Cloud-init v. 23.1.1-0ubuntu0~18.04.1 running 'init-local' at Fri, 07 Apr 2023 21:54:10 +0000. Up 8.83 seconds.
[[0;32m  OK  [0m] Started Initial cloud-init job (pre-networking).
[[0;32m  OK  [0m] Reached target Network (Pre).
         Starting Network Service...
[[0;32m  OK  [0m] Started Network Service.
         Starting Network Name Resolution...
         Starting Wait for Network to be Configured...
[[0;32m  OK  [0m] Started Network Name Resolution.
[[0;32m  OK  [0m] Reached target Network.
[[0;32m  OK  [0m] Reached target Host and Network Name Lookups.
[[0;32m  OK  [0m] Started Wait for Network to be Configured.
         Starting Initial cloud-init job (metadata service crawler)...
[   11.361338] cloud-init[1022]: Cloud-init v. 23.1.1-0ubuntu0~18.04.1 running 'init' at Fri, 07 Apr 2023 21:54:13 +0000. Up 11.18 seconds.
[   11.363200] cloud-init[1022]: ci-info: ++++++++++++++++++++++++++++++++++++++Net device info+++++++++++++++++++++++++++++++++++++++
[   11.364249] cloud-init[1022]: ci-info: +--------+-------+----------------------------+---------------+--------+-------------------+
[   11.365473] cloud-init[1022]: ci-info: | Device |   Up  |          Address           |      Mask     | Scope  |     Hw-Address    |
[   11.366752] cloud-init[1022]: ci-info: +--------+-------+----------------------------+---------------+--------+-------------------+
[   11.368302] cloud-init[1022]: ci-info: | enp0s3 |  True |         10.0.2.15          | 255.255.255.0 | global | 02:6d:e6:35:46:3a |
[   11.369520] cloud-init[1022]: ci-info: | enp0s3 |  True | fe80::6d:e6ff:fe35:463a/64 |       .       |  link  | 02:6d:e6:35:46:3a |
[   11.370696] cloud-init[1022]: ci-info: | enp0s8 | False |             .              |       .       |   .    | 08:00:27:15:02:6c |
[   11.371987] cloud-init[1022]: ci-info: |   lo   |  True |         127.0.0.1          |   255.0.0.0   |  host  |         .         |
[   11.373202] cloud-init[1022]: ci-info: |   lo   |  True |          ::1/128           |       .       |  host  |         .         |
[   11.374437] cloud-init[1022]: ci-info: +--------+-------+----------------------------+---------------+--------+-------------------+
[   11.375618] cloud-init[1022]: ci-info: ++++++++++++++++++++++++++++Route IPv4 info+++++++++++++++++++++++++++++
[   11.376684] cloud-init[1022]: ci-info: +-------+-------------+----------+-----------------+-----------+-------+
[   11.377809] cloud-init[1022]: ci-info: | Route | Destination | Gateway  |     Genmask     | Interface | Flags |
[   11.378871] cloud-init[1022]: ci-info: +-------+-------------+----------+-----------------+-----------+-------+
[   11.379916] cloud-init[1022]: ci-info: |   0   |   0.0.0.0   | 10.0.2.2 |     0.0.0.0     |   enp0s3  |   UG  |
[   11.381137] cloud-init[1022]: ci-info: |   1   |   10.0.2.0  | 0.0.0.0  |  255.255.255.0  |   enp0s3  |   U   |
[   11.382186] cloud-init[1022]: ci-info: |   2   |   10.0.2.2  | 0.0.0.0  | 255.255.255.255 |   enp0s3  |   UH  |
[   11.383235] cloud-init[1022]: ci-info: +-------+-------------+----------+-----------------+-----------+-------+
[   11.384318] cloud-init[1022]: ci-info: +++++++++++++++++++Route IPv6 info+++++++++++++++++++
[   11.385509] cloud-init[1022]: ci-info: +-------+-------------+---------+-----------+-------+
[   11.387048] cloud-init[1022]: ci-info: | Route | Destination | Gateway | Interface | Flags |
[   11.389647] cloud-init[1022]: ci-info: +-------+-------------+---------+-----------+-------+
[   11.390427] cloud-init[1022]: ci-info: |   1   |  fe80::/64  |    ::   |   enp0s3  |   U   |
[   11.391400] cloud-init[1022]: ci-info: |   3   |    local    |    ::   |   enp0s3  |   U   |
[   11.392345] cloud-init[1022]: ci-info: |   4   |   ff00::/8  |    ::   |   enp0s3  |   U   |
[   11.393270] cloud-init[1022]: ci-info: +-------+-------------+---------+-----------+-------+
[   12.166778] cloud-init[1022]: Generating public/private rsa key pair.
[   12.167568] cloud-init[1022]: Your identification has been saved in /etc/ssh/ssh_host_rsa_key.
[   12.168537] cloud-init[1022]: Your public key has been saved in /etc/ssh/ssh_host_rsa_key.pub.
[   12.169471] cloud-init[1022]: The key fingerprint is:
[   12.170101] cloud-init[1022]: SHA256:N0Y+5BkHRGhCxasXYindDwRADdKcMrJmao3rTXfhTb8 root@ubuntu-bionic
[   12.171059] cloud-init[1022]: The key's randomart image is:
[   12.171734] cloud-init[1022]: +---[RSA 2048]----+
[   12.172296] cloud-init[1022]: |  .++*o+.++      |
[   12.172900] cloud-init[1022]: |. o.+ o =  .     |
[   12.173511] cloud-init[1022]: | o o . * .+ .    |
[   12.174117] cloud-init[1022]: |.o  . = == +     |
[   12.174720] cloud-init[1022]: |+ o  o +S=O      |
[   12.175327] cloud-init[1022]: |.o .  o =ooo     |
[   12.175962] cloud-init[1022]: |. .. . + . .     |
[   12.176591] cloud-init[1022]: | .o . .     .    |
[   12.177208] cloud-init[1022]: |.. .       E     |
[   12.177831] cloud-init[1022]: +----[SHA256]-----+
[   12.178447] cloud-init[1022]: Generating public/private dsa key pair.
[   12.179503] cloud-init[1022]: Your identification has been saved in /etc/ssh/ssh_host_dsa_key.
[   12.180586] cloud-init[1022]: Your public key has been saved in /etc/ssh/ssh_host_dsa_key.pub.
[   12.181717] cloud-init[1022]: The key fingerprint is:
[   12.182226] cloud-init[1022]: SHA256:s2hcFQTRfnp/gotktr1zL8fGIxCErr1GppmJZdF8LYI root@ubuntu-bionic
[   12.192202] cloud-init[1022]: The key's randomart image is:
[   12.192905] cloud-init[1022]: +---[DSA 1024]----+
[   12.193585] cloud-init[1022]: |        o=+      |
[   12.194235] cloud-init[1022]: |         ..o     |
[   12.194880] cloud-init[1022]: |        =.o .    |
[   12.204191] cloud-init[1022]: |       E *.+..   |
[   12.204807] cloud-init[1022]: |        S ooo    |
[   12.205408] cloud-init[1022]: |     . * *...    |
[   12.206026] cloud-init[1022]: |      B O =..o o |
[   12.206642] cloud-init[1022]: |     o = * +o.=.*|
[   12.207239] cloud-init[1022]: |        . o +=.Bo|
[   12.221124] cloud-init[1022]: +----[SHA256]-----+
[   12.225110] cloud-init[1022]: Generating public/private ecdsa key pair.
[[0;32m  OK  [0m] Started Initial cloud-init job (metadata service crawler).
[   12.227782] cloud-init[1022]: Your identification has been saved in /etc/ssh/ssh_host_ecdsa_key.
[   12.228773] cloud-init[1022]: Your public key has been saved in /etc/ssh/ssh_host_ecdsa_key.pub.
[[   12.230474] cloud-init[1022]: The key fingerprint is:
[0;32m  OK  [0m] Reached target System Initialization.
[   12.231697] cloud-init[1022]: SHA256:dI6fkAmxg1zZ92mSraNRVTg5DYFIRFZOYoocyMP387s root@ubuntu-bionic
[   12.234023] cloud-init[1022]: The key's randomart image is:
[[0;32m  OK  [0m] Started Message of the Day.
[   12.234396] cloud-init[1022]: +---[ECDSA 256]---+
[   12.234554] cloud-init[1022]: | o .. o*Boo.oB.  |
[[   12.244214] cloud-init[1022]: |  =o.=.*o+o * .  |
[   12.244324] cloud-init[1022]: |   o=.= ..o= +   |
[   12.244652] cloud-init[1022]: |      o+ *+ =    |
[   12.245456] cloud-init[1022]: |       oS..+     |
[   12.246741] cloud-init[1022]: |        ooo.     |
[   12.247205] cloud-init[1022]: |         +o.     |
[   12.247666] cloud-init[1022]: |        o        |
[   12.248651] cloud-init[1022]: |        E.       |
[   12.249146] cloud-init[1022]: +----[SHA256]-----+
[   12.250531] cloud-init[1022]: Generating public/private ed25519 key pair.
[   12.251074] cloud-init[1022]: Your identification has been saved in /etc/ssh/ssh_host_ed25519_key.
[0;32m  OK  [0m] Started Daily apt download activities.
[   12.251131] cloud-init[1022]: Your public key has been saved in /etc/ssh/ssh_host_ed25519_key.pub.
[[   12.264121] cloud-init[1022]: The key fingerprint is:
[   12.264188] cloud-init[1022]: SHA256:C8Rch6mlt5QinDi9BVYqUgpQ/pm4Wvenxw4A6jH9cjc root@ubuntu-bionic
[   12.264473] cloud-init[1022]: The key's randomart image is:
[   12.264550] cloud-init[1022]: +--[ED25519 256]--+
[   12.264630] cloud-init[1022]: |+.o  .. .o.      |
[   12.264880] cloud-init[1022]: |.+  o+ .+.       |
[0;32m  OK  [0m] Started Daily apt upgrade and clean activities.
[   12.264926] cloud-init[1022]: |o +=.o++ .       |
         [   12.276220] Starting Socket activation for snappy daemon.cloud-init
[1022]: | o+==+= +        |
[   12.277009] cloud-init[1022]: |.o.o=+.+S.       |
[   12.277494] cloud-init[1022]: |. o.o. ...       |
[   12.277963] cloud-init[1022]: | .o..o.E.        |
[   12.278464] cloud-init[1022]: | o .o...=        |
[[0;32m  OK  [0m[   12.278946] cloud-init[1022]: |.     o=.        |
[   12.279127] cloud-init[1022]: +----[SHA256]-----+
] Listening on ACPID Listen Socket.
[[0;32m  OK  [0m] Started Discard unused blocks once a week.
[[0;32m  OK  [0m] Started Daily Cleanup of Temporary Directories.
         Starting LXD - unix socket.
[[0;32m  OK  [0m] Started ACPI Events Check.
[[0;32m  OK  [0m] Reached target Paths.
[[0;32m  OK  [0m] Started Ubuntu Advantage Timer for running repeated jobs.
[[0;32m  OK  [0m] Listening on Open-iSCSI iscsid Socket.
[[0;32m  OK  [0m] Listening on cloud-init hotplug hook socket.
[[0;32m  OK  [0m] Listening on UUID daemon activation socket.
[[0;32m  OK  [0m] Reached target Timers.
[[0;32m  OK  [0m] Listening on D-Bus System Message Bus Socket.
[[0;32m  OK  [0m] Reached target Network is Online.
[[0;32m  OK  [0m] Reached target Remote File Systems (Pre).
[[0;32m  OK  [0m] Reached target Remote File Systems.
         Starting Availability of block devices...
[[0;32m  OK  [0m] Reached target Cloud-config availability.
[[0;32m  OK  [0m] Listening on Socket activation for snappy daemon.
[[0;32m  OK  [0m] Listening on LXD - unix socket.
[[0;32m  OK  [0m] Reached target Sockets.
[[0;32m  OK  [0m] Reached target Basic System.
         Starting Virtualbox guest utils...
[[0;32m  OK  [0m] Started Regular background program processing daemon.
[[0;32m  OK  [0m] Started D-Bus System Message Bus.
         Starting Dispatcher daemon for systemd-networkd...
         Starting Accounts Service...
[[0;32m  OK  [0m] Reached target Login Prompts (Pre).
[[0;32m  OK  [0m] Started irqbalance daemon.
[[0;32m  OK  [0m] Started FUSE filesystem for LXC.
         Starting Pollinate to seed the pseudo random number generator...
         Starting Permit User Sessions...
         Starting LSB: automatic crash report generation...
         Starting System Logging Service...
         Starting LSB: Record successful boot for GRUB...
[[0;32m  OK  [0m] Started Deferred execution scheduler.
         Starting LXD - container startup/shutdown...
         Starting Login Service...
         Starting Snap Daemon...
[[0;32m  OK  [0m] Started System Logging Service.
[[0;32m  OK  [0m] Started Availability of block devices.
[[0;32m  OK  [0m] Started Permit User Sessions.
         Starting Hold until boot process finishes up...
         Starting Terminate Plymouth Boot Screen...
[[0;32m  OK  [0m] Started Hold until boot process finishes up.
[[0;32m  OK  [0m] Started Terminate Plymouth Boot Screen.
[[0;32m  OK  [0m] Started Login Service.
[[0;32m  OK  [0m] Started Unattended Upgrades Shutdown.
         Starting Set console scheme...
[[0;32m  OK  [0m] Started Serial Getty on ttyS0.
         Starting Authorization Manager...
[[0;32m  OK  [0m] Started LSB: automatic crash report generation.
[[0;32m  OK  [0m] Started Set console scheme.
[[0;32m  OK  [0m] Created slice system-getty.slice.
[[0;32m  OK  [0m] Started Getty on tty1.
[[0;32m  OK  [0m] Reached target Login Prompts.
[[0;32m  OK  [0m] Started LSB: Record successful boot for GRUB.
[[0;32m  OK  [0m] Started Authorization Manager.
[[0;32m  OK  [0m] Started Accounts Service.
[[0;32m  OK  [0m] Started LXD - container startup/shutdown.
[[0;32m  OK  [0m] Started Virtualbox guest utils.
[[0;32m  OK  [0m] Started Dispatcher daemon for systemd-networkd.
[[0;32m  OK  [0m] Started Snap Daemon.
         Starting Wait until snapd is fully seeded...
         Starting Time & Date Service...
[[0;32m  OK  [0m] Started Time & Date Service.
[[0;32m  OK  [0m] Started Pollinate to seed the pseudo random number generator.
         Starting OpenBSD Secure Shell server...
[[0;32m  OK  [0m] Started OpenBSD Secure Shell server.
[[0;32m  OK  [0m] Created slice User Slice of vagrant.
         Starting User Manager for UID 1000...
[[0;32m  OK  [0m] Started Session 1 of user vagrant.
[[0;32m  OK  [0m] Started User Manager for UID 1000.
[[0;32m  OK  [0m] Started Wait until snapd is fully seeded.
         Starting Apply the settings specified in cloud-config...
[   17.649492] cloud-init[1814]: Cloud-init v. 23.1.1-0ubuntu0~18.04.1 running 'modules:config' at Fri, 07 Apr 2023 21:54:19 +0000. Up 17.26 seconds.
ci-info: no authorized SSH keys fingerprints found for user ubuntu.
<14>Apr  7 21:54:20 cloud-init: #############################################################
<14>Apr  7 21:54:20 cloud-init: -----BEGIN SSH HOST KEY FINGERPRINTS-----
<14>Apr  7 21:54:20 cloud-init: 1024 SHA256:s2hcFQTRfnp/gotktr1zL8fGIxCErr1GppmJZdF8LYI root@ubuntu-bionic (DSA)
<14>Apr  7 21:54:20 cloud-init: 256 SHA256:dI6fkAmxg1zZ92mSraNRVTg5DYFIRFZOYoocyMP387s root@ubuntu-bionic (ECDSA)
<14>Apr  7 21:54:20 cloud-init: 256 SHA256:C8Rch6mlt5QinDi9BVYqUgpQ/pm4Wvenxw4A6jH9cjc root@ubuntu-bionic (ED25519)
<14>Apr  7 21:54:20 cloud-init: 2048 SHA256:N0Y+5BkHRGhCxasXYindDwRADdKcMrJmao3rTXfhTb8 root@ubuntu-bionic (RSA)
<14>Apr  7 21:54:20 cloud-init: -----END SSH HOST KEY FINGERPRINTS-----
<14>Apr  7 21:54:20 cloud-init: #############################################################
-----BEGIN SSH HOST KEY KEYS-----
ecdsa-sha2-nistp256 AAAAE2VjZHNhLXNoYTItbmlzdHAyNTYAAAAIbmlzdHAyNTYAAABBBFKAOfhbjRhURDuRljAAuMsTSmarTRLxcrhLKFsJJ6uaMGFLAyM2hbVqm3AoCEDBAhBOY/ZAA8lJURjeBzGRVv0= root@ubuntu-bionic
ssh-ed25519 AAAAC3NzaC1lZDI1NTE5AAAAIAhpNndn7ItgN9b+eOpuy9KZrT4N/lrlZEFAJVhuOku/ root@ubuntu-bionic
ssh-rsa AAAAB3NzaC1yc2EAAAADAQABAAABAQCtm9dszOQUXU+1Ng74uiJINOtjtEo+yR31aG87bAA/+RYxQ9YvnHvuJATrBrc64REkOC7gC2gwBPcXKr5eIjUWJEcEJDE0E3YMMlNDKAvvuVVOxp47cPaZj4l7Qsa4BLnpkzbHz7HAFKuyicrjdgmLLItYZpAFaBJrHU4STy0fycmv/edpx2GaAQMLHGOYanhvQVeBpwqGDX0C2uGhI+3Pt4Qwvr+dqOFSzHg0FA984vDeFRioY8Mv/rlWXLnQWECd8RooDE4lPPkuGcP69195ZcAz3+b9LYL7teBVTybe9Hl8zaWe1yH3qRB20/Yuxi/cCL6dgiWS1RQnr9X+5uUB root@ubuntu-bionic
-----END SSH HOST KEY KEYS-----
[   18.394611] cloud-init[1941]: Cloud-init v. 23.1.1-0ubuntu0~18.04.1 running 'modules:final' at Fri, 07 Apr 2023 21:54:20 +0000. Up 18.20 seconds.
[   18.395669] cloud-init[1941]: Cloud-init v. 23.1.1-0ubuntu0~18.04.1 finished at Fri, 07 Apr 2023 21:54:20 +0000. Datasource DataSourceNoCloud [seed=/dev/sdb][dsmode=net].  Up 18.38 seconds

Ubuntu 18.04.6 LTS ubuntu-bionic ttyS0

ubuntu-bionic login: 