[    0.000000] Linux version 4.15.0-208-generic (buildd@lcy02-amd64-015) (gcc version 7.5.0 (Ubuntu 7.5.0-3ubuntu1~18.04)) #220-Ubuntu SMP Mon Mar 20 14:27:01 UTC 2023 (Ubuntu 4.15.0-208.220-generic 4.15.18)
[    0.000000] Command line: BOOT_IMAGE=/boot/vmlinuz-4.15.0-208-generic root=LABEL=cloudimg-rootfs ro console=tty1 console=ttyS0
[    0.000000] KERNEL supported cpus:
[    0.000000]   Intel GenuineIntel
[    0.000000]   AMD AuthenticAMD
[    0.000000]   Centaur CentaurHauls
[    0.000000] x86/fpu: Supporting XSAVE feature 0x001: 'x87 floating point registers'
[    0.000000] x86/fpu: Supporting XSAVE feature 0x002: 'SSE registers'
[    0.000000] x86/fpu: Supporting XSAVE feature 0x004: 'AVX registers'
[    0.000000] x86/fpu: xstate_offset[2]:  576, xstate_sizes[2]:  256
[    0.000000] x86/fpu: Enabled xstate features 0x7, context size is 832 bytes, using 'standard' format.
[    0.000000] e820: BIOS-provided physical RAM map:
[    0.000000] BIOS-e820: [mem 0x0000000000000000-0x000000000009fbff] usable
[    0.000000] BIOS-e820: [mem 0x000000000009fc00-0x000000000009ffff] reserved
[    0.000000] BIOS-e820: [mem 0x00000000000f0000-0x00000000000fffff] reserved
[    0.000000] BIOS-e820: [mem 0x0000000000100000-0x000000003ffeffff] usable
[    0.000000] BIOS-e820: [mem 0x000000003fff0000-0x000000003fffffff] ACPI data
[    0.000000] BIOS-e820: [mem 0x00000000fec00000-0x00000000fec00fff] reserved
[    0.000000] BIOS-e820: [mem 0x00000000fee00000-0x00000000fee00fff] reserved
[    0.000000] BIOS-e820: [mem 0x00000000fffc0000-0x00000000ffffffff] reserved
[    0.000000] NX (Execute Disable) protection: active
[    0.000000] SMBIOS 2.5 present.
[    0.000000] DMI: innotek GmbH VirtualBox/VirtualBox, BIOS VirtualBox 12/01/2006
[    0.000000] Hypervisor detected: KVM
[    0.000000] e820: last_pfn = 0x3fff0 max_arch_pfn = 0x400000000
[    0.000000] MTRR: Disabled
[    0.000000] x86/PAT: MTRRs disabled, skipping PAT initialization too.
[    0.000000] CPU MTRRs all blank - virtualized system.
[    0.000000] x86/PAT: Configuration [0-7]: WB  WT  UC- UC  WB  WT  UC- UC  
[    0.000000] found SMP MP-table at [mem 0x0009fff0-0x0009ffff]
[    0.000000] Scanning 1 areas for low memory corruption
[    0.000000] RAMDISK: [mem 0x3580d000-0x36bfdfff]
[    0.000000] ACPI: Early table checksum verification disabled
[    0.000000] ACPI: RSDP 0x00000000000E0000 000024 (v02 VBOX  )
[    0.000000] ACPI: XSDT 0x000000003FFF0030 00003C (v01 VBOX   VBOXXSDT 00000001 ASL  00000061)
[    0.000000] ACPI: FACP 0x000000003FFF00F0 0000F4 (v04 VBOX   VBOXFACP 00000001 ASL  00000061)
[    0.000000] ACPI: DSDT 0x000000003FFF0470 002325 (v02 VBOX   VBOXBIOS 00000002 INTL 20200925)
[    0.000000] ACPI: FACS 0x000000003FFF0200 000040
[    0.000000] ACPI: FACS 0x000000003FFF0200 000040
[    0.000000] ACPI: APIC 0x000000003FFF0240 00005C (v02 VBOX   VBOXAPIC 00000001 ASL  00000061)
[    0.000000] ACPI: SSDT 0x000000003FFF02A0 0001CC (v01 VBOX   VBOXCPUT 00000002 INTL 20200925)
[    0.000000] ACPI: Reserving FACP table memory at [mem 0x3fff00f0-0x3fff01e3]
[    0.000000] ACPI: Reserving DSDT table memory at [mem 0x3fff0470-0x3fff2794]
[    0.000000] ACPI: Reserving FACS table memory at [mem 0x3fff0200-0x3fff023f]
[    0.000000] ACPI: Reserving FACS table memory at [mem 0x3fff0200-0x3fff023f]
[    0.000000] ACPI: Reserving APIC table memory at [mem 0x3fff0240-0x3fff029b]
[    0.000000] ACPI: Reserving SSDT table memory at [mem 0x3fff02a0-0x3fff046b]
[    0.000000] No NUMA configuration found
[    0.000000] Faking a node at [mem 0x0000000000000000-0x000000003ffeffff]
[    0.000000] NODE_DATA(0) allocated [mem 0x3ffc5000-0x3ffeffff]
[    0.000000] kvm-clock: cpu 0, msr 0:3ff44001, primary cpu clock
[    0.000000] kvm-clock: Using msrs 4b564d01 and 4b564d00
[    0.000000] kvm-clock: using sched offset of 3352904765 cycles
[    0.000000] clocksource: kvm-clock: mask: 0xffffffffffffffff max_cycles: 0x1cd42e4dffb, max_idle_ns: 881590591483 ns
[    0.000000] Zone ranges:
[    0.000000]   DMA      [mem 0x0000000000001000-0x0000000000ffffff]
[    0.000000]   DMA32    [mem 0x0000000001000000-0x000000003ffeffff]
[    0.000000]   Normal   empty
[    0.000000]   Device   empty
[    0.000000] Movable zone start for each node
[    0.000000] Early memory node ranges
[    0.000000]   node   0: [mem 0x0000000000001000-0x000000000009efff]
[    0.000000]   node   0: [mem 0x0000000000100000-0x000000003ffeffff]
[    0.000000] Reserved but unavailable: 104 pages
[    0.000000] Initmem setup node 0 [mem 0x0000000000001000-0x000000003ffeffff]
[    0.000000] ACPI: PM-Timer IO Port: 0x4008
[    0.000000] IOAPIC[0]: apic_id 2, version 32, address 0xfec00000, GSI 0-23
[    0.000000] ACPI: INT_SRC_OVR (bus 0 bus_irq 0 global_irq 2 dfl dfl)
[    0.000000] ACPI: INT_SRC_OVR (bus 0 bus_irq 9 global_irq 9 low level)
[    0.000000] Using ACPI (MADT) for SMP configuration information
[    0.000000] smpboot: Allowing 2 CPUs, 0 hotplug CPUs
[    0.000000] PM: Registered nosave memory: [mem 0x00000000-0x00000fff]
[    0.000000] PM: Registered nosave memory: [mem 0x0009f000-0x0009ffff]
[    0.000000] PM: Registered nosave memory: [mem 0x000a0000-0x000effff]
[    0.000000] PM: Registered nosave memory: [mem 0x000f0000-0x000fffff]
[    0.000000] e820: [mem 0x40000000-0xfebfffff] available for PCI devices
[    0.000000] Booting paravirtualized kernel on KVM
[    0.000000] clocksource: refined-jiffies: mask: 0xffffffff max_cycles: 0xffffffff, max_idle_ns: 7645519600211568 ns
[    0.000000] setup_percpu: NR_CPUS:8192 nr_cpumask_bits:2 nr_cpu_ids:2 nr_node_ids:1
[    0.000000] percpu: Embedded 50 pages/cpu s167936 r8192 d28672 u1048576
[    0.000000] PV qspinlock hash table entries: 256 (order: 0, 4096 bytes)
[    0.000000] Built 1 zonelists, mobility grouping on.  Total pages: 257913
[    0.000000] Policy zone: DMA32
[    0.000000] Kernel command line: BOOT_IMAGE=/boot/vmlinuz-4.15.0-208-generic root=LABEL=cloudimg-rootfs ro console=tty1 console=ttyS0
[    0.000000] Memory: 981752K/1048120K available (12300K kernel code, 2477K rwdata, 4324K rodata, 2480K init, 2720K bss, 66368K reserved, 0K cma-reserved)
[    0.000000] SLUB: HWalign=64, Order=0-3, MinObjects=0, CPUs=2, Nodes=1
[    0.000000] Kernel/User page tables isolation: enabled
[    0.000000] ftrace: allocating 39494 entries in 155 pages
[    0.004000] Hierarchical RCU implementation.
[    0.004000] 	RCU restricting CPUs from NR_CPUS=8192 to nr_cpu_ids=2.
[    0.004000] 	Tasks RCU enabled.
[    0.004000] RCU: Adjusting geometry for rcu_fanout_leaf=16, nr_cpu_ids=2
[    0.004000] NR_IRQS: 524544, nr_irqs: 440, preallocated irqs: 16
[    0.004000] random: crng init done
[    0.004000] Console: colour VGA+ 80x25
[    0.004000] console [tty1] enabled
[    0.004000] console [ttyS0] enabled
[    0.004000] ACPI: Core revision 20170831
[    0.004000] ACPI: 2 ACPI AML tables successfully acquired and loaded
[    0.004000] APIC: Switch to symmetric I/O mode setup
[    0.004000] x2apic enabled
[    0.004000] Switched APIC routing to physical x2apic.
[    0.005360] ..TIMER: vector=0x30 apic1=0 pin1=2 apic2=-1 pin2=-1
[    0.008008] tsc: Detected 3000.000 MHz processor
[    0.012012] Calibrating delay loop (skipped) preset value.. 6000.00 BogoMIPS (lpj=12000000)
[    0.014395] pid_max: default: 32768 minimum: 301
[    0.016037] Security Framework initialized
[    0.017242] Yama: becoming mindful.
[    0.018303] AppArmor: AppArmor initialized
[    0.020040] Dentry cache hash table entries: 131072 (order: 8, 1048576 bytes)
[    0.022107] Inode-cache hash table entries: 65536 (order: 7, 524288 bytes)
[    0.024022] Mount-cache hash table entries: 2048 (order: 2, 16384 bytes)
[    0.025937] Mountpoint-cache hash table entries: 2048 (order: 2, 16384 bytes)
[    0.028281] Last level iTLB entries: 4KB 128, 2MB 8, 4MB 8
[    0.029861] Last level dTLB entries: 4KB 64, 2MB 0, 4MB 0, 1GB 4
[    0.032007] Spectre V1 : Mitigation: usercopy/swapgs barriers and __user pointer sanitization
[    0.034452] Spectre V2 : Mitigation: Retpolines
[    0.036003] Spectre V2 : Spectre v2 / SpectreRSB mitigation: Filling RSB on context switch
[    0.038411] Spectre V2 : Spectre v2 / SpectreRSB : Filling RSB on VMEXIT
[    0.040004] RETBleed: WARNING: Spectre v2 mitigation leaves CPU vulnerable to RETBleed attacks, data leaks possible!
[    0.042981] RETBleed: Vulnerable
[    0.044003] Speculative Store Bypass: Vulnerable
[    0.045454] MDS: Mitigation: Clear CPU buffers
[    0.046746] MMIO Stale Data: Mitigation: Clear CPU buffers
[    0.048006] SRBDS: Unknown: Dependent on hypervisor status
[    0.049756] Freeing SMP alternatives memory: 36K
[    0.161963] smpboot: CPU0: Intel(R) Core(TM) i5-9500 CPU @ 3.00GHz (family: 0x6, model: 0x9e, stepping: 0xa)
[    0.164000] Performance Events: unsupported p6 CPU model 158 no PMU driver, software events only.
[    0.164051] Hierarchical SRCU implementation.
[    0.165780] NMI watchdog: Perf event create on CPU 0 failed with -2
[    0.168005] NMI watchdog: Perf NMI watchdog permanently disabled
[    0.169801] smp: Bringing up secondary CPUs ...
[    0.172100] x86: Booting SMP configuration:
[    0.172918] .... node  #0, CPUs:      #1
[    0.004000] kvm-clock: cpu 1, msr 0:3ff44041, secondary cpu clock
[    0.176019] smp: Brought up 1 node, 2 CPUs
[    0.176818] smpboot: Max logical packages: 1
[    0.177605] smpboot: Total of 2 processors activated (12000.00 BogoMIPS)
[    0.180120] devtmpfs: initialized
[    0.180718] x86/mm: Memory block size: 128MB
[    0.181659] evm: security.selinux
[    0.182645] evm: security.SMACK64
[    0.184005] evm: security.SMACK64EXEC
[    0.185087] evm: security.SMACK64TRANSMUTE
[    0.186280] evm: security.SMACK64MMAP
[    0.188003] evm: security.apparmor
[    0.189007] evm: security.ima
[    0.189901] evm: security.capability
[    0.191003] clocksource: jiffies: mask: 0xffffffff max_cycles: 0xffffffff, max_idle_ns: 7645041785100000 ns
[    0.192011] futex hash table entries: 512 (order: 3, 32768 bytes)
[    0.193775] pinctrl core: initialized pinctrl subsystem
[    0.196638] RTC time:  1:01:12, date: 04/12/23
[    0.198049] NET: Registered protocol family 16
[    0.200088] audit: initializing netlink subsys (disabled)
[    0.201693] audit: type=2000 audit(1681261277.227:1): state=initialized audit_enabled=0 res=1
[    0.236014] cpuidle: using governor ladder
[    0.236783] cpuidle: using governor menu
[    0.237556] ACPI: bus type PCI registered
[    0.238281] acpiphp: ACPI Hot Plug PCI Controller Driver version: 0.5
[    0.239458] PCI: Using configuration type 1 for base access
[    0.241191] HugeTLB registered 2.00 MiB page size, pre-allocated 0 pages
[    0.244064] ACPI: Added _OSI(Module Device)
[    0.244954] ACPI: Added _OSI(Processor Device)
[    0.245873] ACPI: Added _OSI(3.0 _SCP Extensions)
[    0.246910] ACPI: Added _OSI(Processor Aggregator Device)
[    0.248006] ACPI: Added _OSI(Linux-Dell-Video)
[    0.248890] ACPI: Added _OSI(Linux-Lenovo-NV-HDMI-Audio)
[    0.250018] ACPI: Added _OSI(Linux-HPI-Hybrid-Graphics)
[    0.252456] ACPI: Executed 1 blocks of module-level executable AML code
[    0.257642] ACPI: Interpreter enabled
[    0.258575] ACPI: (supports S0 S5)
[    0.259383] ACPI: Using IOAPIC for interrupt routing
[    0.260318] PCI: Using host bridge windows from ACPI; if necessary, use "pci=nocrs" and report a bug
[    0.262664] ACPI: Enabled 2 GPEs in block 00 to 07
[    0.271671] ACPI: PCI Root Bridge [PCI0] (domain 0000 [bus 00-ff])
[    0.272038] acpi PNP0A03:00: _OSC: OS supports [ASPM ClockPM Segments MSI]
[    0.276372] acpi PNP0A03:00: _OSC: not requesting OS control; OS requires [ExtendedConfig ASPM ClockPM MSI]
[    0.279619] acpi PNP0A03:00: fail to add MMCONFIG information, can't access extended PCI configuration space under this bridge.
[    0.284837] PCI host bridge to bus 0000:00
[    0.288011] pci_bus 0000:00: root bus resource [io  0x0000-0x0cf7 window]
[    0.290601] pci_bus 0000:00: root bus resource [io  0x0d00-0xffff window]
[    0.292008] pci_bus 0000:00: root bus resource [mem 0x000a0000-0x000bffff window]
[    0.296011] pci_bus 0000:00: root bus resource [mem 0x40000000-0xfdffffff window]
[    0.298893] pci_bus 0000:00: root bus resource [bus 00-ff]
[    0.301639] pci 0000:00:01.1: legacy IDE quirk: reg 0x10: [io  0x01f0-0x01f7]
[    0.304007] pci 0000:00:01.1: legacy IDE quirk: reg 0x14: [io  0x03f6]
[    0.305877] pci 0000:00:01.1: legacy IDE quirk: reg 0x18: [io  0x0170-0x0177]
[    0.308007] pci 0000:00:01.1: legacy IDE quirk: reg 0x1c: [io  0x0376]
[    0.327812] pci 0000:00:07.0: quirk: [io  0x4000-0x403f] claimed by PIIX4 ACPI
[    0.328017] pci 0000:00:07.0: quirk: [io  0x4100-0x410f] claimed by PIIX4 SMB
[    0.341759] ACPI: PCI Interrupt Link [LNKA] (IRQs 5 9 10 *11)
[    0.343178] ACPI: PCI Interrupt Link [LNKB] (IRQs 5 9 *10 11)
[    0.344120] ACPI: PCI Interrupt Link [LNKC] (IRQs 5 *9 10 11)
[    0.345231] ACPI: PCI Interrupt Link [LNKD] (IRQs 5 9 10 *11)
[    0.346708] SCSI subsystem initialized
[    0.350821] pci 0000:00:02.0: vgaarb: setting as boot VGA device
[    0.350821] pci 0000:00:02.0: vgaarb: VGA device added: decodes=io+mem,owns=io+mem,locks=none
[    0.350821] pci 0000:00:02.0: vgaarb: bridge control possible
[    0.350821] vgaarb: loaded
[    0.350821] ACPI: bus type USB registered
[    0.350821] usbcore: registered new interface driver usbfs
[    0.350821] usbcore: registered new interface driver hub
[    0.350821] usbcore: registered new device driver usb
[    0.352028] EDAC MC: Ver: 3.0.0
[    0.356039] PCI: Using ACPI for IRQ routing
[    0.357081] NetLabel: Initializing
[    0.357081] NetLabel:  domain hash size = 128
[    0.357081] NetLabel:  protocols = UNLABELED CIPSOv4 CALIPSO
[    0.357878] NetLabel:  unlabeled traffic allowed by default
[    0.360099] clocksource: Switched to clocksource kvm-clock
[    0.371359] VFS: Disk quotas dquot_6.6.0
[    0.372154] VFS: Dquot-cache hash table entries: 512 (order 0, 4096 bytes)
[    0.373427] AppArmor: AppArmor Filesystem Enabled
[    0.374314] pnp: PnP ACPI init
[    0.375850] pnp: PnP ACPI: found 3 devices
[    0.382154] clocksource: acpi_pm: mask: 0xffffff max_cycles: 0xffffff, max_idle_ns: 2085701024 ns
[    0.384615] NET: Registered protocol family 2
[    0.386501] IP idents hash table entries: 16384 (order: 5, 131072 bytes)
[    0.388627] TCP established hash table entries: 8192 (order: 4, 65536 bytes)
[    0.390650] TCP bind hash table entries: 8192 (order: 5, 131072 bytes)
[    0.392527] TCP: Hash tables configured (established 8192 bind 8192)
[    0.394385] UDP hash table entries: 512 (order: 2, 16384 bytes)
[    0.396087] UDP-Lite hash table entries: 512 (order: 2, 16384 bytes)
[    0.397990] NET: Registered protocol family 1
[    0.398793] pci 0000:00:00.0: Limiting direct PCI/PCI transfers
[    0.399885] pci 0000:00:01.0: Activating ISA DMA hang workarounds
[    0.401140] pci 0000:00:02.0: Video device with shadowed ROM at [mem 0x000c0000-0x000dffff]
[    0.402645] Unpacking initramfs...
[    0.650232] Freeing initrd memory: 20420K
[    0.651102] clocksource: tsc: mask: 0xffffffffffffffff max_cycles: 0x2b3e459bf4c, max_idle_ns: 440795289890 ns
[    0.652930] platform rtc_cmos: registered platform RTC device (no PNP device found)
[    0.654340] Scanning for low memory corruption every 60 seconds
[    0.656388] Initialise system trusted keyrings
[    0.657223] Key type blacklist registered
[    0.658100] workingset: timestamp_bits=36 max_order=18 bucket_order=0
[    0.660861] zbud: loaded
[    0.662203] squashfs: version 4.0 (2009/01/31) Phillip Lougher
[    0.664107] fuse init (API version 7.26)
[    0.667035] Key type asymmetric registered
[    0.668259] Asymmetric key parser 'x509' registered
[    0.669783] Block layer SCSI generic (bsg) driver version 0.4 loaded (major 246)
[    0.672025] io scheduler noop registered
[    0.673181] io scheduler deadline registered
[    0.674455] io scheduler cfq registered (default)
[    0.676119] ACPI: AC Adapter [AC] (on-line)
[    0.677402] input: Power Button as /devices/LNXSYSTM:00/LNXPWRBN:00/input/input0
[    0.679607] ACPI: Power Button [PWRF]
[    0.680796] input: Sleep Button as /devices/LNXSYSTM:00/LNXSLPBN:00/input/input1
[    0.682948] ACPI: Sleep Button [SLPF]
[    0.684333] Serial: 8250/16550 driver, 32 ports, IRQ sharing enabled
[    0.706977] 00:02: ttyS0 at I/O 0x3f8 (irq = 4, base_baud = 115200) is a 16550A
[    0.710319] Linux agpgart interface v0.103
[    0.712539] loop: module loaded
[    0.714006] scsi host0: ata_piix
[    0.715133] scsi host1: ata_piix
[    0.716149] ata1: PATA max UDMA/33 cmd 0x1f0 ctl 0x3f6 bmdma 0xd000 irq 14
[    0.718125] ata2: PATA max UDMA/33 cmd 0x170 ctl 0x376 bmdma 0xd008 irq 15
[    0.720111] tun: Universal TUN/TAP device driver, 1.6
[    0.721641] PPP generic driver version 2.4.2
[    0.722930] ehci_hcd: USB 2.0 'Enhanced' Host Controller (EHCI) Driver
[    0.724822] ehci-pci: EHCI PCI platform driver
[    0.726164] ehci-platform: EHCI generic platform driver
[    0.727695] ohci_hcd: USB 1.1 'Open' Host Controller (OHCI) Driver
[    0.729569] ohci-pci: OHCI PCI platform driver
[    0.730904] ohci-platform: OHCI generic platform driver
[    0.732460] uhci_hcd: USB Universal Host Controller Interface driver
[    0.734355] i8042: PNP: PS/2 Controller [PNP0303:PS2K,PNP0f03:PS2M] at 0x60,0x64 irq 1,12
[    0.737335] serio: i8042 KBD port at 0x60,0x64 irq 1
[    0.738869] serio: i8042 AUX port at 0x60,0x64 irq 12
[    0.740465] mousedev: PS/2 mouse device common for all mice
[    0.742421] input: AT Translated Set 2 keyboard as /devices/platform/i8042/serio0/input/input2
[    0.745428] rtc_cmos rtc_cmos: rtc core: registered rtc_cmos as rtc0
[    0.751274] rtc_cmos rtc_cmos: alarms up to one day, 114 bytes nvram
[    0.753062] i2c /dev entries driver
[    0.761408] device-mapper: uevent: version 1.0.3
[    0.767348] device-mapper: ioctl: 4.37.0-ioctl (2017-09-20) initialised: dm-devel@redhat.com
[    0.772320] ledtrig-cpu: registered to indicate activity on CPUs
[    0.784667] NET: Registered protocol family 10
[    0.789834] Segment Routing with IPv6
[    0.790977] NET: Registered protocol family 17
[    0.792398] Key type dns_resolver registered
[    0.793805] mce: Using 0 MCE banks
[    0.794831] RAS: Correctable Errors collector initialized.
[    0.796451] sched_clock: Marking stable (796422877, 0)->(1044540526, -248117649)
[    0.805653] registered taskstats version 1
[    0.807003] Loading compiled-in X.509 certificates
[    0.813175] Loaded X.509 cert 'Build time autogenerated kernel key: 05d3fa630a0ed8a65520e390196b077fd5e65720'
[    0.816537] Loaded X.509 cert 'Canonical Ltd. Live Patch Signing: 14df34d1a87cf37625abec039ef2bf521249b969'
[    0.819728] Loaded X.509 cert 'Canonical Ltd. Kernel Module Signing: 88f752e560a1e0737e31163a466ad7b70a850c19'
[    0.822689] blacklist: Loading compiled-in revocation X.509 certificates
[    0.824713] Loaded X.509 cert 'Canonical Ltd. Secure Boot Signing: 61482aa2830d0ab2ad5af10b7250da9033ddcef0'
[    0.827547] Loaded X.509 cert 'Canonical Ltd. Secure Boot Signing (2017): 242ade75ac4a15e50d50c84b0d45ff3eae707a03'
[    0.830670] Loaded X.509 cert 'Canonical Ltd. Secure Boot Signing (ESM 2018): 365188c1d374d6b07c3c8f240f8ef722433d6a8b'
[    0.833916] Loaded X.509 cert 'Canonical Ltd. Secure Boot Signing (2019): c0746fd6c5da3ae827864651ad66ae47fe24b3e8'
[    0.838267] Loaded X.509 cert 'Canonical Ltd. Secure Boot Signing (2021 v1): a8d54bbb3825cfb94fa13c9f8a594a195c107b8d'
[    0.841442] Loaded X.509 cert 'Canonical Ltd. Secure Boot Signing (2021 v2): 4cf046892d6fd3c9a5b03f98d845f90851dc6a8c'
[    0.844995] Loaded X.509 cert 'Canonical Ltd. Secure Boot Signing (2021 v3): 100437bb6de6e469b581e61cd66bce3ef4ed53af'
[    0.848096] Loaded X.509 cert 'Canonical Ltd. Secure Boot Signing (Ubuntu Core 2019): c1d57b8f6b743f23ee41f4f7ee292f06eecadfb9'
[    0.851578] zswap: loaded using pool lzo/zbud
[    0.865455] Key type big_key registered
[    0.867048] Key type trusted registered
[    0.875860] Key type encrypted registered
[    0.882031] AppArmor: AppArmor sha1 policy hashing enabled
[    0.899509] ima: No TPM chip found, activating TPM-bypass! (rc=-19)
[    0.911802] ima: Allocated hash algorithm: sha1
[    0.914683] evm: HMAC attrs: 0x1
[    0.917074]   Magic number: 3:951:2
[    0.939968] rtc_cmos rtc_cmos: setting system clock to 2023-04-12 01:01:13 UTC (1681261273)
[    0.947638] BIOS EDD facility v0.16 2004-Jun-25, 0 devices found
[    0.954736] EDD information not available.
[    0.962288] Freeing unused kernel image memory: 2480K
[    0.984053] Write protecting the kernel read-only data: 20480k
[    0.993624] Freeing unused kernel image memory: 2008K
[    1.001232] Freeing unused kernel image memory: 1820K
[    1.015278] x86/mm: Checked W+X mappings: passed, no W+X pages found.
[    1.024085] x86/mm: Checking user space page tables
[    1.037005] x86/mm: Checked W+X mappings: passed, no W+X pages found.
Loading, please wait...
starting version 237
[    1.121211] e1000: Intel(R) PRO/1000 Network Driver - version 7.3.21-k8-NAPI
[    1.123233] e1000: Copyright (c) 1999-2006 Intel Corporation.
[    1.126442] Fusion MPT base driver 3.04.20
[    1.127696] Copyright (c) 1999-2008 LSI Corporation
[    1.132911] Fusion MPT SPI Host driver 3.04.20
[    1.140967] vboxvideo: loading out-of-tree module taints kernel.
[    1.145654] vboxvideo: module verification failed: signature and/or required key missing - tainting kernel
[    1.155538] vboxvideo: loading version 6.1.42 r155177
[    1.164148] mptbase: ioc0: Initiating bringup
[    1.167417] AVX2 version of gcm_enc/dec engaged.
[    1.171481] AES CTR mode by8 optimization enabled
[    1.260397] ioc0: LSI53C1030 A0: Capabilities={Initiator}
[    1.342465] input: ImExPS/2 Generic Explorer Mouse as /devices/platform/i8042/serio1/input/input4
[    1.505989] scsi host2: ioc0: LSI53C1030 A0, FwRev=00000000h, Ports=1, MaxQ=256, IRQ=20
[    1.681345] scsi 2:0:0:0: Direct-Access     VBOX     HARDDISK         1.0  PQ: 0 ANSI: 5
[    1.724133] scsi target2:0:0: Beginning Domain Validation
[    1.739203] scsi target2:0:0: Domain Validation skipping write tests
[    1.745811] scsi target2:0:0: Ending Domain Validation
[    1.746764] scsi target2:0:0: asynchronous
[    1.752847] scsi 2:0:1:0: Direct-Access     VBOX     HARDDISK         1.0  PQ: 0 ANSI: 5
[    2.048139] scsi target2:0:1: Beginning Domain Validation
[    2.052562] scsi target2:0:1: Domain Validation skipping write tests
[    2.054035] scsi target2:0:1: Ending Domain Validation
[    2.055448] scsi target2:0:1: asynchronous
[    2.058975] sd 2:0:0:0: [sda] 83886080 512-byte logical blocks: (42.9 GB/40.0 GiB)
[    2.060380] sd 2:0:0:0: [sda] Write Protect is off
[    2.061282] sd 2:0:0:0: [sda] Incomplete mode parameter data
[    2.063351] sd 2:0:0:0: [sda] Assuming drive cache: write through
[    2.064356] sd 2:0:0:0: Attached scsi generic sg0 type 0
[    2.071535] sd 2:0:1:0: Attached scsi generic sg1 type 0
[    2.071585] sd 2:0:1:0: [sdb] 20480 512-byte logical blocks: (10.5 MB/10.0 MiB)
[    2.081685]  sda: sda1
[    2.082282] sd 2:0:1:0: [sdb] Write Protect is off
[    2.083190] sd 2:0:1:0: [sdb] Incomplete mode parameter data
[    2.084285] sd 2:0:1:0: [sdb] Assuming drive cache: write through
[    2.086242] sd 2:0:0:0: [sda] Attached SCSI disk
[    2.089479] sd 2:0:1:0: [sdb] Attached SCSI disk
[    2.096674] e1000 0000:00:03.0 eth0: (PCI:33MHz:32-bit) 02:6d:e6:35:46:3a
[    2.099704] e1000 0000:00:03.0 eth0: Intel(R) PRO/1000 Network Connection
[    2.481736] e1000 0000:00:08.0 eth1: (PCI:33MHz:32-bit) 08:00:27:7a:64:85
[    2.485128] e1000 0000:00:08.0 eth1: Intel(R) PRO/1000 Network Connection
[    2.488794] e1000 0000:00:03.0 enp0s3: renamed from eth0
[    2.494962] [drm] VRAM 01000000
[    2.499401] [TTM] Zone  kernel: Available graphics memory: 504258 kiB
[    2.505731] [TTM] Initializing pool allocator
[    2.507487] [TTM] Initializing DMA pool allocator
[    2.511036] fbcon: vboxdrmfb (fb0) is primary device
[    2.512494] e1000 0000:00:08.0 enp0s8: renamed from eth1
[    2.513812] Console: switching to colour frame buffer device 100x37
[    2.516481] vboxvideo 0000:00:02.0: fb0: vboxdrmfb frame buffer device
[    2.532112] [drm] Initialized vboxvideo 1.0.0 20130823 for 0000:00:02.0 on minor 0
Begin: Loading essential drivers ... [    2.736128] raid6: sse2x1   gen() 10830 MB/s
[    2.784049] raid6: sse2x1   xor()  8706 MB/s
[    2.833079] raid6: sse2x2   gen() 14933 MB/s
[    2.880429] raid6: sse2x2   xor() 10304 MB/s
[    2.928045] raid6: sse2x4   gen() 18265 MB/s
[    2.980029] raid6: sse2x4   xor() 11910 MB/s
[    3.028037] raid6: avx2x1   gen() 26590 MB/s
[    3.076026] raid6: avx2x1   xor() 18330 MB/s
[    3.128055] raid6: avx2x2   gen() 29992 MB/s
[    3.180067] raid6: avx2x2   xor() 20238 MB/s
[    3.228065] raid6: avx2x4   gen() 37058 MB/s
[    3.276068] raid6: avx2x4   xor() 22421 MB/s
[    3.277129] raid6: using algorithm avx2x4 gen() 37058 MB/s
[    3.277808] raid6: .... xor() 22421 MB/s, rmw enabled
[    3.278458] raid6: using avx2x2 recovery algorithm
[    3.280380] xor: automatically using best checksumming function   avx       
[    3.281966] async_tx: api initialized (async)
done.
Begin: Running /scripts/init-premount ... done.
Begin: Mounting root file system ... Begin: Running /scripts/local-top ... done.
Begin: Running /scripts/local-premount ... [    3.323389] Btrfs loaded, crc32c=crc32c-intel
Scanning for Btrfs filesystems
done.
Begin: Will now check root file system ... fsck from util-linux 2.31.1
[/sbin/fsck.ext4 (1) -- /dev/sda1] fsck.ext4 -a -C0 /dev/sda1 
cloudimg-rootfs: recovering journal
cloudimg-rootfs: clean, 75904/5120000 files, 743985/10485499 blocks
done.
[    3.462512] EXT4-fs (sda1): mounted filesystem with ordered data mode. Opts: (null)
done.
Begin: Running /scripts/local-bottom ... done.
Begin: Running /scripts/init-bottom ... done.
[    3.733187] ip_tables: (C) 2000-2006 Netfilter Core Team
[    3.744540] systemd[1]: systemd 237 running in system mode. (+PAM +AUDIT +SELINUX +IMA +APPARMOR +SMACK +SYSVINIT +UTMP +LIBCRYPTSETUP +GCRYPT +GNUTLS +ACL +XZ +LZ4 +SECCOMP +BLKID +ELFUTILS +KMOD -IDN2 +IDN -PCRE2 default-hierarchy=hybrid)
[    3.748198] systemd[1]: Detected virtualization oracle.
[    3.749077] systemd[1]: Detected architecture x86-64.

Welcome to [1mUbuntu 18.04.6 LTS[0m!

[    3.761670] systemd[1]: Set hostname to <app01>.
[    4.044386] systemd[1]: Reached target Mounting snaps.
[[0;32m  OK  [0m] Reached target Mounting snaps.
[    4.049309] systemd[1]: Created slice System Slice.
[[0;32m  OK  [0m] Created slice System Slice.
[    4.050852] systemd[1]: Listening on LVM2 metadata daemon socket.
[[0;32m  OK  [0m] Listening on LVM2 metadata daemon socket.
[    4.068279] systemd[1]: Listening on LVM2 poll daemon socket.
[[0;32m  OK  [0m] Listening on LVM2 poll daemon socket.
[    4.071437] systemd[1]: Listening on fsck to fsckd communication Socket.
[[0;32m  OK  [0m] Listening on fsck to fsckd communication Socket.
[    4.073269] systemd[1]: Listening on Journal Socket (/dev/log).
[[0;32m  OK  [0m] Listening on Journal Socket (/dev/log).
[[0;32m  OK  [0m] Reached target Mounted snaps.
[[0;32m  OK  [0m] Reached target Swap.
[[0;32m  OK  [0m] Created slice User and Session Slice.
[[0;32m  OK  [0m] Reached target Slices.
[[0;32m  OK  [0m] Listening on Syslog Socket.
[[0;32m  OK  [0m] Listening on Device-mapper event daemon FIFOs.
[[0;32m  OK  [0m] Listening on udev Control Socket.
[[0;32m  OK  [0m] Listening on Journal Socket.
         Mounting POSIX Message Queue File System...
         Starting Create list of required stâ€¦ce nodes for the current kernel...
         Mounting Kernel Debug File System...
         Starting Load Kernel Modules...
         Starting Uncomplicated firewall...
         Starting Set the console keyboard layout...
         Starting Remount Root and Kernel File Systems...
[[0;32m  OK  [0m] Listening on Network Service Netlink Socket.
[    4.127210] Loading iSCSI transport class v2.0-870.
         Starting Monitoring of LVM2 mirrorsâ€¦ng dmeventd or progress polling...
[[0;32m  OK  [0m] Set up automount Arbitrary Executabâ€¦rmats File System Automount Point.
[    4.134275] iscsi: registered transport (tcp)
[[0;32m  OK  [0m] Created slice system-serial\x2dgetty.slice.
         Mounting Huge Pages File System...
[[0;32m  OK  [0m] Listening on udev Kernel Socket.
         Starting udev Coldplug all Devices...
[[0;32m  OK  [0m] Listening on /dev/initctl Compatibility Named Pipe.
[[0;32m  OK  [0m] Reached target User and Group Name Lookups.
[[0;32m  OK  [0m] Reached target System Time Synchronized.
[[0;32m  OK  [0m] Started Forward Password Requests to Wall Directory Watch.
[[0;32m  OK  [0m] Listening on Journal Audit Socket.
         Starting Journal Service...
[[0;32m  OK  [0m] Mounted POSIX Message Queue File System.
[    4.209567] EXT4-fs (sda1): re-mounted. Opts: (null)
[[0;32m  OK  [0m] Started Create list of required staâ€¦vice nodes for the current kernel.
[[0;32m  OK  [0m] Mounted Kernel Debug File System.
[[0;32m  OK  [0m] Started Uncomplicated firewall.
[[0;32m  OK  [0m] Mounted Huge Pages File System.
[[0;32m  OK  [0m] Started Remount Root and Kernel File Systems.
         Starting Load/Save Random Seed...
[    4.267032] iscsi: registered transport (iser)
         Starting Create Static Device Nodes in /dev...
[[0;32m  OK  [0m] Started Load Kernel Modules.
         Starting Apply Kernel Variables...
         Mounting FUSE Control File System...
         Mounting Kernel Configuration File System...
[[0;32m  OK  [0m] Started udev Coldplug all Devices.
[[0;32m  OK  [0m] Started Load/Save Random Seed.
[[0;32m  OK  [0m] Started Journal Service.
[[0;32m  OK  [0m] Mounted FUSE Control File System.
[[0;32m  OK  [0m] Mounted Kernel Configuration File System.
[[0;32m  OK  [0m] Started LVM2 metadata daemon.
         Starting Flush Journal to Persistent Storage...
[[0;32m  OK  [0m] Started Create Static Device Nodes in /dev.
         Starting udev Kernel Device Manager...
[[0;32m  OK  [0m] Started udev Kernel Device Manager.
[[0;32m  OK  [0m] Started Apply Kernel Variables.
[[0;32m  OK  [0m] Started Monitoring of LVM2 mirrors,â€¦sing dmeventd or progress polling.
[[0;32m  OK  [0m] Started Set the console keyboard layout.
[[0;32m  OK  [0m] Started Dispatch Password Requests to Console Directory Watch.
[[0;32m  OK  [0m] Reached target Local Encrypted Volumes.
[[0;32m  OK  [0m] Reached target Local File Systems (Pre).
[[0;32m  OK  [0m] Reached target Local File Systems.
         Starting ebtables ruleset management...
         Starting Tell Plymouth To Write Out Runtime Data...
         Starting AppArmor initialization...
         Starting Set console font and keymap...
[[0;32m  OK  [0m] Started Flush Journal to Persistent Storage.
         Starting Create Volatile Files and Directories...
[[0;32m  OK  [0m] Started Tell Plymouth To Write Out Runtime Data.
[[0;32m  OK  [0m] Started Set console font and keymap.
[[0;32m  OK  [0m] Started Create Volatile Files and Directories.
         Starting Update UTMP about System Boot/Shutdown...
[[0;32m  OK  [0m] Started Update UTMP about System Boot/Shutdown.
[[0;32m  OK  [0m] Started ebtables ruleset management.
[[0;32m  OK  [0m] Found device /dev/ttyS0.
[[0;32m  OK  [0m] Listening on Load/Save RF Kill Switch Status /dev/rfkill Watch.
[[0;32m  OK  [0m] Started AppArmor initialization.
         Starting Initial cloud-init job (pre-networking)...
         Starting Load AppArmor profiles managed internally by snapd...
         Mounting Arbitrary Executable File Formats File System...
[[0;32m  OK  [0m] Mounted Arbitrary Executable File Formats File System.
[[0;32m  OK  [0m] Started Load AppArmor profiles managed internally by snapd.
[    6.388758] cloud-init[553]: Cloud-init v. 23.1.1-0ubuntu0~18.04.1 running 'init-local' at Wed, 12 Apr 2023 01:01:18 +0000. Up 6.15 seconds.
[[0;32m  OK  [0m] Started Initial cloud-init job (pre-networking).
[[0;32m  OK  [0m] Reached target Network (Pre).
         Starting Network Service...
[[0;32m  OK  [0m] Started Network Service.
         Starting Wait for Network to be Configured...
         Starting Network Name Resolution...
[[0;32m  OK  [0m] Started Network Name Resolution.
[[0;32m  OK  [0m] Reached target Host and Network Name Lookups.
[[0;32m  OK  [0m] Reached target Network.
[[0;32m  OK  [0m] Started Wait for Network to be Configured.
         Starting Initial cloud-init job (metadata service crawler)...
[    9.616960] cloud-init[715]: Cloud-init v. 23.1.1-0ubuntu0~18.04.1 running 'init' at Wed, 12 Apr 2023 01:01:21 +0000. Up 9.33 seconds.
[    9.621803] cloud-init[715]: ci-info: ++++++++++++++++++++++++++++++++++++++Net device info+++++++++++++++++++++++++++++++++++++++
[    9.622973] cloud-init[715]: ci-info: +--------+------+-----------------------------+---------------+--------+-------------------+
[    9.624108] cloud-init[715]: ci-info: | Device |  Up  |           Address           |      Mask     | Scope  |     Hw-Address    |
[    9.625193] cloud-init[715]: ci-info: +--------+------+-----------------------------+---------------+--------+-------------------+
[    9.626349] cloud-init[715]: ci-info: | enp0s3 | True |          10.0.2.15          | 255.255.255.0 | global | 02:6d:e6:35:46:3a |
[    9.627498] cloud-init[715]: ci-info: | enp0s3 | True |  fe80::6d:e6ff:fe35:463a/64 |       .       |  link  | 02:6d:e6:35:46:3a |
[    9.628741] cloud-init[715]: ci-info: | enp0s8 | True |         192.168.1.3         | 255.255.255.0 | global | 08:00:27:7a:64:85 |
[    9.629869] cloud-init[715]: ci-info: | enp0s8 | True | fe80::a00:27ff:fe7a:6485/64 |       .       |  link  | 08:00:27:7a:64:85 |
[    9.636566] cloud-init[715]: ci-info: |   lo   | True |          127.0.0.1          |   255.0.0.0   |  host  |         .         |
[    9.637852] cloud-init[715]: ci-info: |   lo   | True |           ::1/128           |       .       |  host  |         .         |
[    9.639039] cloud-init[715]: ci-info: +--------+------+-----------------------------+---------------+--------+-------------------+
[    9.640287] cloud-init[715]: ci-info: ++++++++++++++++++++++++++++Route IPv4 info+++++++++++++++++++++++++++++
[    9.641174] cloud-init[715]: ci-info: +-------+-------------+----------+-----------------+-----------+-------+
[    9.643705] cloud-init[715]: ci-info: | Route | Destination | Gateway  |     Genmask     | Interface | Flags |
[    9.644691] cloud-init[715]: ci-info: +-------+-------------+----------+-----------------+-----------+-------+
[    9.645772] cloud-init[715]: ci-info: |   0   |   0.0.0.0   | 10.0.2.2 |     0.0.0.0     |   enp0s3  |   UG  |
[    9.646776] cloud-init[715]: ci-info: |   1   |   10.0.2.0  | 0.0.0.0  |  255.255.255.0  |   enp0s3  |   U   |
[    9.647907] cloud-init[715]: ci-info: |   2   |   10.0.2.2  | 0.0.0.0  | 255.255.255.255 |   enp0s3  |   UH  |
[    9.648934] cloud-init[715]: ci-info: |   3   | 192.168.1.0 | 0.0.0.0  |  255.255.255.0  |   enp0s8  |   U   |
[    9.650611] cloud-init[715]: ci-info: +-------+-------------+----------+-----------------+-----------+-------+
[    9.651711] cloud-init[715]: ci-info: +++++++++++++++++++Route IPv6 info+++++++++++++++++++
[    9.652814] cloud-init[715]: ci-info: +-------+-------------+---------+-----------+-------+
[    9.653853] cloud-init[715]: ci-info: | Route | Destination | Gateway | Interface | Flags |
[    9.654892] cloud-init[715]: ci-info: +-------+-------------+---------+-----------+-------+
[    9.655856] cloud-init[715]: ci-info: |   1   |  fe80::/64  |    ::   |   enp0s8  |   U   |
[    9.656703] cloud-init[715]: ci-info: |   2   |  fe80::/64  |    ::   |   enp0s3  |   U   |
[    9.657873] cloud-init[715]: ci-info: |   4   |    local    |    ::   |   enp0s3  |   U   |
[    9.658859] cloud-init[715]: ci-info: |   5   |    local    |    ::   |   enp0s8  |   U   |
[    9.659773] cloud-init[715]: ci-info: |   6   |   ff00::/8  |    ::   |   enp0s8  |   U   |
[    9.660761] cloud-init[715]: ci-info: |   7   |   ff00::/8  |    ::   |   enp0s3  |   U   |
[    9.661727] cloud-init[715]: ci-info: +-------+-------------+---------+-----------+-------+
[[0;32m  OK  [0m] Started Initial cloud-init job (metadata service crawler).
[[0;32m  OK  [0m] Reached target Cloud-config availability.
[[0;32m  OK  [0m] Reached target Network is Online.
[[0;32m  OK  [0m] Reached target Remote File Systems (Pre).
         Starting Availability of block devices...
         Mounting /vagrant...
[[0;32m  OK  [0m] Reached target System Initialization.
[[0;32m  OK  [0m] Listening on D-Bus System Message Bus Socket.
[[0;32m  OK  [0m] Listening on ACPID Listen Socket.
[[0;32m  OK  [0m] Started Daily apt download activities.
[[0;32m  OK  [0m] Started Daily apt upgrade and clean activities.
[[0;32m  OK  [0m] Started Discard unused blocks once a week.
[[0;32m  OK  [0m] Listening on cloud-init hotplug hook socket.
[[0;32m  OK  [0m] Started Daily Cleanup of Temporary Directories.
[[0;32m  OK  [0m] Started ACPI Events Check.
[[0;32m  OK  [0m] Listening on Open-iSCSI iscsid Socket.
         Starting LXD - unix socket.
[[0;32m  OK  [0m] Reached target Paths.
[[0;32m  OK  [0m] Started Ubuntu Advantage Timer for running repeated jobs.
[[0;32m  OK  [0m] Started Message of the Day.
[[0;32m  OK  [0m] Reached target Timers.
[[0;32m  OK  [0m] Listening on UUID daemon activation socket.
         Starting Socket activation for snappy daemon.
[[0;32m  OK  [0m] Started Availability of block devices.
[[0;1;31mFAILED[0m] Failed to mount /vagrant.
See 'systemctl status vagrant.mount' for details.
[[0;1;33mDEPEND[0m] Dependency failed for Remote File Systems.
[[0;32m  OK  [0m] Listening on LXD - unix socket.
[[0;32m  OK  [0m] Listening on Socket activation for snappy daemon.
[[0;32m  OK  [0m] Reached target Sockets.
[[0;32m  OK  [0m] Reached target Basic System.
         Starting Message of the Day...
[[0;32m  OK  [0m] Reached target Login Prompts (Pre).
         Starting Snap Daemon...
         Starting Login Service...
[[0;32m  OK  [0m] Started D-Bus System Message Bus.
[[0;32m  OK  [0m] Started Login Service.
[[0;32m  OK  [0m] Started Unattended Upgrades Shutdown.
[[0;32m  OK  [0m] Started Regular background program processing daemon.
         Starting LSB: Record successful boot for GRUB...
[[0;32m  OK  [0m] Started Deferred execution scheduler.
         Starting Accounts Service...
[[0;32m  OK  [0m] Started irqbalance daemon.
         Starting Dispatcher daemon for systemd-networkd...
         Starting vboxadd.service...
         Starting OpenBSD Secure Shell server...
         Starting Discard unused blocks...
         Starting System Logging Service...
[[0;32m  OK  [0m] Started FUSE filesystem for LXC.
         Starting LXD - container startup/shutdown...
         Starting Permit User Sessions...
         Starting LSB: automatic crash report generation...
[[0;32m  OK  [0m] Started System Logging Service.
[[0;32m  OK  [0m] Started OpenBSD Secure Shell server.
[[0;32m  OK  [0m] Started Discard unused blocks.
[[0;32m  OK  [0m] Started Permit User Sessions.
         Starting Terminate Plymouth Boot Screen...
         Starting Hold until boot process finishes up...
         Starting Authorization Manager...
[[0;32m  OK  [0m] Started Terminate Plymouth Boot Screen.
[[0;32m  OK  [0m] Started Hold until boot process finishes up.
         Starting Set console scheme...
[[0;32m  OK  [0m] Started Serial Getty on ttyS0.
[[0;32m  OK  [0m] Started Authorization Manager.
[[0;32m  OK  [0m] Started Accounts Service.
[[0;32m  OK  [0m] Started Set console scheme.
[[0;32m  OK  [0m] Created slice system-getty.slice.
[[0;32m  OK  [0m] Started Getty on tty1.
[[0;32m  OK  [0m] Reached target Login Prompts.
[[0;32m  OK  [0m] Started Dispatcher daemon for systemd-networkd.
[[0;32m  OK  [0m] Started LSB: Record successful boot for GRUB.
[[0;32m  OK  [0m] Started LSB: automatic crash report generation.
[[0;32m  OK  [0m] Started Snap Daemon.
         Starting Wait until snapd is fully seeded...
[[0;32m  OK  [0m] Started LXD - container startup/shutdown.
         Starting Time & Date Service...
[[0;32m  OK  [0m] Started Time & Date Service.
[[0;32m  OK  [0m] Started Wait until snapd is fully seeded.
         Starting Apply the settings specified in cloud-config...
[[0;32m  OK  [0m] Created slice User Slice of vagrant.
[   12.922211] cloud-init[1182]: Cloud-init v. 23.1.1-0ubuntu0~18.04.1 running 'modules:config' at Wed, 12 Apr 2023 01:01:25 +0000. Up 12.73 seconds.
         Starting User Manager for UID 1000...
[[0;32m  OK  [0m] Started Session 1 of user vagrant.
[[0;32m  OK  [0m] Started Message of the Day.
[[0;32m  OK  [0m] Started User Manager for UID 1000.
[[0;32m  OK  [0m] Started Apply the settings specified in cloud-config.

Ubuntu 18.04.6 LTS app01 ttyS0

app01 login: [   37.708365] cloud-init[9647]: Cloud-init v. 23.1.1-0ubuntu0~18.04.1 running 'modules:final' at Wed, 12 Apr 2023 01:01:50 +0000. Up 37.53 seconds.
[   37.709758] cloud-init[9647]: Cloud-init v. 23.1.1-0ubuntu0~18.04.1 finished at Wed, 12 Apr 2023 01:01:50 +0000. Datasource DataSourceNoCloud [seed=/dev/sdb][dsmode=net].  Up 37.69 seconds
