[    0.000000] Linux version 4.15.0-208-generic (buildd@lcy02-amd64-015) (gcc version 7.5.0 (Ubuntu 7.5.0-3ubuntu1~18.04)) #220-Ubuntu SMP Mon Mar 20 14:27:01 UTC 2023 (Ubuntu 4.15.0-208.220-generic 4.15.18)
[    0.000000] Command line: BOOT_IMAGE=/boot/vmlinuz-4.15.0-208-generic root=LABEL=cloudimg-rootfs ro console=tty1 console=ttyS0
[    0.000000] KERNEL supported cpus:
[    0.000000]   Intel GenuineIntel
[    0.000000]   AMD AuthenticAMD
[    0.000000]   Centaur CentaurHauls
[    0.000000] x86/fpu: Supporting XSAVE feature 0x001: 'x87 floating point registers'
[    0.000000] x86/fpu: Supporting XSAVE feature 0x002: 'SSE registers'
[    0.000000] x86/fpu: Supporting XSAVE feature 0x004: 'AVX registers'
[    0.000000] x86/fpu: xstate_offset[2]:  576, xstate_sizes[2]:  256
[    0.000000] x86/fpu: Enabled xstate features 0x7, context size is 832 bytes, using 'standard' format.
[    0.000000] e820: BIOS-provided physical RAM map:
[    0.000000] BIOS-e820: [mem 0x0000000000000000-0x000000000009fbff] usable
[    0.000000] BIOS-e820: [mem 0x000000000009fc00-0x000000000009ffff] reserved
[    0.000000] BIOS-e820: [mem 0x00000000000f0000-0x00000000000fffff] reserved
[    0.000000] BIOS-e820: [mem 0x0000000000100000-0x000000003ffeffff] usable
[    0.000000] BIOS-e820: [mem 0x000000003fff0000-0x000000003fffffff] ACPI data
[    0.000000] BIOS-e820: [mem 0x00000000fec00000-0x00000000fec00fff] reserved
[    0.000000] BIOS-e820: [mem 0x00000000fee00000-0x00000000fee00fff] reserved
[    0.000000] BIOS-e820: [mem 0x00000000fffc0000-0x00000000ffffffff] reserved
[    0.000000] NX (Execute Disable) protection: active
[    0.000000] SMBIOS 2.5 present.
[    0.000000] DMI: innotek GmbH VirtualBox/VirtualBox, BIOS VirtualBox 12/01/2006
[    0.000000] Hypervisor detected: KVM
[    0.000000] e820: last_pfn = 0x3fff0 max_arch_pfn = 0x400000000
[    0.000000] MTRR: Disabled
[    0.000000] x86/PAT: MTRRs disabled, skipping PAT initialization too.
[    0.000000] CPU MTRRs all blank - virtualized system.
[    0.000000] x86/PAT: Configuration [0-7]: WB  WT  UC- UC  WB  WT  UC- UC  
[    0.000000] found SMP MP-table at [mem 0x0009fff0-0x0009ffff]
[    0.000000] Scanning 1 areas for low memory corruption
[    0.000000] RAMDISK: [mem 0x359c9000-0x36cdbfff]
[    0.000000] ACPI: Early table checksum verification disabled
[    0.000000] ACPI: RSDP 0x00000000000E0000 000024 (v02 VBOX  )
[    0.000000] ACPI: XSDT 0x000000003FFF0030 00003C (v01 VBOX   VBOXXSDT 00000001 ASL  00000061)
[    0.000000] ACPI: FACP 0x000000003FFF00F0 0000F4 (v04 VBOX   VBOXFACP 00000001 ASL  00000061)
[    0.000000] ACPI: DSDT 0x000000003FFF0470 002325 (v02 VBOX   VBOXBIOS 00000002 INTL 20200925)
[    0.000000] ACPI: FACS 0x000000003FFF0200 000040
[    0.000000] ACPI: FACS 0x000000003FFF0200 000040
[    0.000000] ACPI: APIC 0x000000003FFF0240 00005C (v02 VBOX   VBOXAPIC 00000001 ASL  00000061)
[    0.000000] ACPI: SSDT 0x000000003FFF02A0 0001CC (v01 VBOX   VBOXCPUT 00000002 INTL 20200925)
[    0.000000] ACPI: Reserving FACP table memory at [mem 0x3fff00f0-0x3fff01e3]
[    0.000000] ACPI: Reserving DSDT table memory at [mem 0x3fff0470-0x3fff2794]
[    0.000000] ACPI: Reserving FACS table memory at [mem 0x3fff0200-0x3fff023f]
[    0.000000] ACPI: Reserving FACS table memory at [mem 0x3fff0200-0x3fff023f]
[    0.000000] ACPI: Reserving APIC table memory at [mem 0x3fff0240-0x3fff029b]
[    0.000000] ACPI: Reserving SSDT table memory at [mem 0x3fff02a0-0x3fff046b]
[    0.000000] No NUMA configuration found
[    0.000000] Faking a node at [mem 0x0000000000000000-0x000000003ffeffff]
[    0.000000] NODE_DATA(0) allocated [mem 0x3ffc5000-0x3ffeffff]
[    0.000000] kvm-clock: cpu 0, msr 0:3ff44001, primary cpu clock
[    0.000000] kvm-clock: Using msrs 4b564d01 and 4b564d00
[    0.000000] kvm-clock: using sched offset of 3418838237 cycles
[    0.000000] clocksource: kvm-clock: mask: 0xffffffffffffffff max_cycles: 0x1cd42e4dffb, max_idle_ns: 881590591483 ns
[    0.000000] Zone ranges:
[    0.000000]   DMA      [mem 0x0000000000001000-0x0000000000ffffff]
[    0.000000]   DMA32    [mem 0x0000000001000000-0x000000003ffeffff]
[    0.000000]   Normal   empty
[    0.000000]   Device   empty
[    0.000000] Movable zone start for each node
[    0.000000] Early memory node ranges
[    0.000000]   node   0: [mem 0x0000000000001000-0x000000000009efff]
[    0.000000]   node   0: [mem 0x0000000000100000-0x000000003ffeffff]
[    0.000000] Reserved but unavailable: 104 pages
[    0.000000] Initmem setup node 0 [mem 0x0000000000001000-0x000000003ffeffff]
[    0.000000] ACPI: PM-Timer IO Port: 0x4008
[    0.000000] IOAPIC[0]: apic_id 2, version 32, address 0xfec00000, GSI 0-23
[    0.000000] ACPI: INT_SRC_OVR (bus 0 bus_irq 0 global_irq 2 dfl dfl)
[    0.000000] ACPI: INT_SRC_OVR (bus 0 bus_irq 9 global_irq 9 low level)
[    0.000000] Using ACPI (MADT) for SMP configuration information
[    0.000000] smpboot: Allowing 2 CPUs, 0 hotplug CPUs
[    0.000000] PM: Registered nosave memory: [mem 0x00000000-0x00000fff]
[    0.000000] PM: Registered nosave memory: [mem 0x0009f000-0x0009ffff]
[    0.000000] PM: Registered nosave memory: [mem 0x000a0000-0x000effff]
[    0.000000] PM: Registered nosave memory: [mem 0x000f0000-0x000fffff]
[    0.000000] e820: [mem 0x40000000-0xfebfffff] available for PCI devices
[    0.000000] Booting paravirtualized kernel on KVM
[    0.000000] clocksource: refined-jiffies: mask: 0xffffffff max_cycles: 0xffffffff, max_idle_ns: 7645519600211568 ns
[    0.000000] setup_percpu: NR_CPUS:8192 nr_cpumask_bits:2 nr_cpu_ids:2 nr_node_ids:1
[    0.000000] percpu: Embedded 50 pages/cpu s167936 r8192 d28672 u1048576
[    0.000000] PV qspinlock hash table entries: 256 (order: 0, 4096 bytes)
[    0.000000] Built 1 zonelists, mobility grouping on.  Total pages: 257913
[    0.000000] Policy zone: DMA32
[    0.000000] Kernel command line: BOOT_IMAGE=/boot/vmlinuz-4.15.0-208-generic root=LABEL=cloudimg-rootfs ro console=tty1 console=ttyS0
[    0.000000] Memory: 982640K/1048120K available (12300K kernel code, 2477K rwdata, 4324K rodata, 2480K init, 2720K bss, 65480K reserved, 0K cma-reserved)
[    0.000000] SLUB: HWalign=64, Order=0-3, MinObjects=0, CPUs=2, Nodes=1
[    0.000000] Kernel/User page tables isolation: enabled
[    0.000000] ftrace: allocating 39494 entries in 155 pages
[    0.004000] Hierarchical RCU implementation.
[    0.004000] 	RCU restricting CPUs from NR_CPUS=8192 to nr_cpu_ids=2.
[    0.004000] 	Tasks RCU enabled.
[    0.004000] RCU: Adjusting geometry for rcu_fanout_leaf=16, nr_cpu_ids=2
[    0.004000] NR_IRQS: 524544, nr_irqs: 440, preallocated irqs: 16
[    0.004000] random: crng init done
[    0.004000] Console: colour VGA+ 80x25
[    0.004000] console [tty1] enabled
[    0.004000] console [ttyS0] enabled
[    0.004000] ACPI: Core revision 20170831
[    0.004000] ACPI: 2 ACPI AML tables successfully acquired and loaded
[    0.004000] APIC: Switch to symmetric I/O mode setup
[    0.004000] x2apic enabled
[    0.004000] Switched APIC routing to physical x2apic.
[    0.004000] ..TIMER: vector=0x30 apic1=0 pin1=2 apic2=-1 pin2=-1
[    0.004004] tsc: Detected 3000.032 MHz processor
[    0.004939] Calibrating delay loop (skipped) preset value.. 6000.06 BogoMIPS (lpj=12000128)
[    0.008008] pid_max: default: 32768 minimum: 301
[    0.012035] Security Framework initialized
[    0.012965] Yama: becoming mindful.
[    0.013662] AppArmor: AppArmor initialized
[    0.016824] Dentry cache hash table entries: 131072 (order: 8, 1048576 bytes)
[    0.019487] Inode-cache hash table entries: 65536 (order: 7, 524288 bytes)
[    0.020017] Mount-cache hash table entries: 2048 (order: 2, 16384 bytes)
[    0.021603] Mountpoint-cache hash table entries: 2048 (order: 2, 16384 bytes)
[    0.024000] Last level iTLB entries: 4KB 128, 2MB 8, 4MB 8
[    0.024004] Last level dTLB entries: 4KB 64, 2MB 0, 4MB 0, 1GB 4
[    0.028005] Spectre V1 : Mitigation: usercopy/swapgs barriers and __user pointer sanitization
[    0.029613] Spectre V2 : Mitigation: Retpolines
[    0.030538] Spectre V2 : Spectre v2 / SpectreRSB mitigation: Filling RSB on context switch
[    0.032003] Spectre V2 : Spectre v2 / SpectreRSB : Filling RSB on VMEXIT
[    0.033258] RETBleed: WARNING: Spectre v2 mitigation leaves CPU vulnerable to RETBleed attacks, data leaks possible!
[    0.036005] RETBleed: Vulnerable
[    0.036655] Speculative Store Bypass: Vulnerable
[    0.037949] MDS: Mitigation: Clear CPU buffers
[    0.040005] MMIO Stale Data: Mitigation: Clear CPU buffers
[    0.040998] SRBDS: Unknown: Dependent on hypervisor status
[    0.042183] Freeing SMP alternatives memory: 36K
[    0.153328] smpboot: CPU0: Intel(R) Core(TM) i5-9500 CPU @ 3.00GHz (family: 0x6, model: 0x9e, stepping: 0xa)
[    0.155036] Performance Events: unsupported p6 CPU model 158 no PMU driver, software events only.
[    0.156000] Hierarchical SRCU implementation.
[    0.156453] NMI watchdog: Perf event create on CPU 0 failed with -2
[    0.157458] NMI watchdog: Perf NMI watchdog permanently disabled
[    0.158530] smp: Bringing up secondary CPUs ...
[    0.159373] x86: Booting SMP configuration:
[    0.160003] .... node  #0, CPUs:      #1
[    0.004000] kvm-clock: cpu 1, msr 0:3ff44041, secondary cpu clock
[    0.163374] smp: Brought up 1 node, 2 CPUs
[    0.164005] smpboot: Max logical packages: 1
[    0.164726] smpboot: Total of 2 processors activated (12000.12 BogoMIPS)
[    0.165894] devtmpfs: initialized
[    0.165894] x86/mm: Memory block size: 128MB
[    0.168155] evm: security.selinux
[    0.168793] evm: security.SMACK64
[    0.169439] evm: security.SMACK64EXEC
[    0.170146] evm: security.SMACK64TRANSMUTE
[    0.171018] evm: security.SMACK64MMAP
[    0.172002] evm: security.apparmor
[    0.172608] evm: security.ima
[    0.173215] evm: security.capability
[    0.173891] clocksource: jiffies: mask: 0xffffffff max_cycles: 0xffffffff, max_idle_ns: 7645041785100000 ns
[    0.176010] futex hash table entries: 512 (order: 3, 32768 bytes)
[    0.177011] pinctrl core: initialized pinctrl subsystem
[    0.178622] RTC time: 19:07:31, date: 04/07/23
[    0.179573] NET: Registered protocol family 16
[    0.180080] audit: initializing netlink subsys (disabled)
[    0.181557] audit: type=2000 audit(1680894457.040:1): state=initialized audit_enabled=0 res=1
[    0.181557] cpuidle: using governor ladder
[    0.184013] cpuidle: using governor menu
[    0.184821] ACPI: bus type PCI registered
[    0.185811] acpiphp: ACPI Hot Plug PCI Controller Driver version: 0.5
[    0.186969] PCI: Using configuration type 1 for base access
[    0.189006] HugeTLB registered 2.00 MiB page size, pre-allocated 0 pages
[    0.189194] ACPI: Added _OSI(Module Device)
[    0.189194] ACPI: Added _OSI(Processor Device)
[    0.192006] ACPI: Added _OSI(3.0 _SCP Extensions)
[    0.192791] ACPI: Added _OSI(Processor Aggregator Device)
[    0.193654] ACPI: Added _OSI(Linux-Dell-Video)
[    0.194463] ACPI: Added _OSI(Linux-Lenovo-NV-HDMI-Audio)
[    0.195445] ACPI: Added _OSI(Linux-HPI-Hybrid-Graphics)
[    0.196253] ACPI: Executed 1 blocks of module-level executable AML code
[    0.202328] ACPI: Interpreter enabled
[    0.203153] ACPI: (supports S0 S5)
[    0.203787] ACPI: Using IOAPIC for interrupt routing
[    0.204281] PCI: Using host bridge windows from ACPI; if necessary, use "pci=nocrs" and report a bug
[    0.206226] ACPI: Enabled 2 GPEs in block 00 to 07
[    0.213857] ACPI: PCI Root Bridge [PCI0] (domain 0000 [bus 00-ff])
[    0.216000] acpi PNP0A03:00: _OSC: OS supports [ASPM ClockPM Segments MSI]
[    0.216552] acpi PNP0A03:00: _OSC: not requesting OS control; OS requires [ExtendedConfig ASPM ClockPM MSI]
[    0.220015] acpi PNP0A03:00: fail to add MMCONFIG information, can't access extended PCI configuration space under this bridge.
[    0.222288] PCI host bridge to bus 0000:00
[    0.224005] pci_bus 0000:00: root bus resource [io  0x0000-0x0cf7 window]
[    0.225357] pci_bus 0000:00: root bus resource [io  0x0d00-0xffff window]
[    0.228006] pci_bus 0000:00: root bus resource [mem 0x000a0000-0x000bffff window]
[    0.229301] pci_bus 0000:00: root bus resource [mem 0x40000000-0xfdffffff window]
[    0.230609] pci_bus 0000:00: root bus resource [bus 00-ff]
[    0.233574] pci 0000:00:01.1: legacy IDE quirk: reg 0x10: [io  0x01f0-0x01f7]
[    0.236006] pci 0000:00:01.1: legacy IDE quirk: reg 0x14: [io  0x03f6]
[    0.237224] pci 0000:00:01.1: legacy IDE quirk: reg 0x18: [io  0x0170-0x0177]
[    0.239227] pci 0000:00:01.1: legacy IDE quirk: reg 0x1c: [io  0x0376]
[    0.250948] pci 0000:00:07.0: quirk: [io  0x4000-0x403f] claimed by PIIX4 ACPI
[    0.252016] pci 0000:00:07.0: quirk: [io  0x4100-0x410f] claimed by PIIX4 SMB
[    0.261371] ACPI: PCI Interrupt Link [LNKA] (IRQs 5 9 10 *11)
[    0.262655] ACPI: PCI Interrupt Link [LNKB] (IRQs 5 9 *10 11)
[    0.263717] ACPI: PCI Interrupt Link [LNKC] (IRQs 5 *9 10 11)
[    0.264112] ACPI: PCI Interrupt Link [LNKD] (IRQs 5 9 10 *11)
[    0.265420] SCSI subsystem initialized
[    0.266208] pci 0000:00:02.0: vgaarb: setting as boot VGA device
[    0.266208] pci 0000:00:02.0: vgaarb: VGA device added: decodes=io+mem,owns=io+mem,locks=none
[    0.268016] pci 0000:00:02.0: vgaarb: bridge control possible
[    0.269072] vgaarb: loaded
[    0.269617] ACPI: bus type USB registered
[    0.272021] usbcore: registered new interface driver usbfs
[    0.272909] usbcore: registered new interface driver hub
[    0.273784] usbcore: registered new device driver usb
[    0.274716] EDAC MC: Ver: 3.0.0
[    0.276116] PCI: Using ACPI for IRQ routing
[    0.277029] NetLabel: Initializing
[    0.277678] NetLabel:  domain hash size = 128
[    0.279326] NetLabel:  protocols = UNLABELED CIPSOv4 CALIPSO
[    0.280000] NetLabel:  unlabeled traffic allowed by default
[    0.280063] clocksource: Switched to clocksource kvm-clock
[    0.291506] VFS: Disk quotas dquot_6.6.0
[    0.292322] VFS: Dquot-cache hash table entries: 512 (order 0, 4096 bytes)
[    0.293584] AppArmor: AppArmor Filesystem Enabled
[    0.294621] pnp: PnP ACPI init
[    0.296151] pnp: PnP ACPI: found 3 devices
[    0.304944] clocksource: acpi_pm: mask: 0xffffff max_cycles: 0xffffff, max_idle_ns: 2085701024 ns
[    0.306484] NET: Registered protocol family 2
[    0.307327] IP idents hash table entries: 16384 (order: 5, 131072 bytes)
[    0.310585] TCP established hash table entries: 8192 (order: 4, 65536 bytes)
[    0.311954] TCP bind hash table entries: 8192 (order: 5, 131072 bytes)
[    0.313046] TCP: Hash tables configured (established 8192 bind 8192)
[    0.314126] UDP hash table entries: 512 (order: 2, 16384 bytes)
[    0.315098] UDP-Lite hash table entries: 512 (order: 2, 16384 bytes)
[    0.316199] NET: Registered protocol family 1
[    0.317001] pci 0000:00:00.0: Limiting direct PCI/PCI transfers
[    0.317979] pci 0000:00:01.0: Activating ISA DMA hang workarounds
[    0.319058] pci 0000:00:02.0: Video device with shadowed ROM at [mem 0x000c0000-0x000dffff]
[    0.320530] Unpacking initramfs...
[    0.551461] Freeing initrd memory: 19532K
[    0.552379] clocksource: tsc: mask: 0xffffffffffffffff max_cycles: 0x2b3e6348d2e, max_idle_ns: 440795211700 ns
[    0.554117] platform rtc_cmos: registered platform RTC device (no PNP device found)
[    0.555412] Scanning for low memory corruption every 60 seconds
[    0.556963] Initialise system trusted keyrings
[    0.557764] Key type blacklist registered
[    0.558599] workingset: timestamp_bits=36 max_order=18 bucket_order=0
[    0.560519] zbud: loaded
[    0.561470] squashfs: version 4.0 (2009/01/31) Phillip Lougher
[    0.562584] fuse init (API version 7.26)
[    0.564621] Key type asymmetric registered
[    0.565824] Asymmetric key parser 'x509' registered
[    0.566646] Block layer SCSI generic (bsg) driver version 0.4 loaded (major 246)
[    0.568050] io scheduler noop registered
[    0.568715] io scheduler deadline registered
[    0.569458] io scheduler cfq registered (default)
[    0.570496] ACPI: AC Adapter [AC] (on-line)
[    0.571259] input: Power Button as /devices/LNXSYSTM:00/LNXPWRBN:00/input/input0
[    0.572606] ACPI: Power Button [PWRF]
[    0.573282] input: Sleep Button as /devices/LNXSYSTM:00/LNXSLPBN:00/input/input1
[    0.574507] ACPI: Sleep Button [SLPF]
[    0.575529] Serial: 8250/16550 driver, 32 ports, IRQ sharing enabled
[    0.597242] 00:02: ttyS0 at I/O 0x3f8 (irq = 4, base_baud = 115200) is a 16550A
[    0.600867] Linux agpgart interface v0.103
[    0.603335] loop: module loaded
[    0.604376] scsi host0: ata_piix
[    0.605035] scsi host1: ata_piix
[    0.605717] ata1: PATA max UDMA/33 cmd 0x1f0 ctl 0x3f6 bmdma 0xd000 irq 14
[    0.606778] ata2: PATA max UDMA/33 cmd 0x170 ctl 0x376 bmdma 0xd008 irq 15
[    0.607910] tun: Universal TUN/TAP device driver, 1.6
[    0.608815] PPP generic driver version 2.4.2
[    0.609703] ehci_hcd: USB 2.0 'Enhanced' Host Controller (EHCI) Driver
[    0.611458] ehci-pci: EHCI PCI platform driver
[    0.612330] ehci-platform: EHCI generic platform driver
[    0.613169] ohci_hcd: USB 1.1 'Open' Host Controller (OHCI) Driver
[    0.614166] ohci-pci: OHCI PCI platform driver
[    0.614937] ohci-platform: OHCI generic platform driver
[    0.616578] uhci_hcd: USB Universal Host Controller Interface driver
[    0.617636] i8042: PNP: PS/2 Controller [PNP0303:PS2K,PNP0f03:PS2M] at 0x60,0x64 irq 1,12
[    0.619453] serio: i8042 KBD port at 0x60,0x64 irq 1
[    0.620297] serio: i8042 AUX port at 0x60,0x64 irq 12
[    0.621329] mousedev: PS/2 mouse device common for all mice
[    0.622775] input: AT Translated Set 2 keyboard as /devices/platform/i8042/serio0/input/input2
[    0.624403] rtc_cmos rtc_cmos: rtc core: registered rtc_cmos as rtc0
[    0.625492] rtc_cmos rtc_cmos: alarms up to one day, 114 bytes nvram
[    0.626489] i2c /dev entries driver
[    0.627140] device-mapper: uevent: version 1.0.3
[    0.629113] device-mapper: ioctl: 4.37.0-ioctl (2017-09-20) initialised: dm-devel@redhat.com
[    0.631637] ledtrig-cpu: registered to indicate activity on CPUs
[    0.633148] NET: Registered protocol family 10
[    0.637270] Segment Routing with IPv6
[    0.638207] NET: Registered protocol family 17
[    0.639068] Key type dns_resolver registered
[    0.640032] mce: Using 0 MCE banks
[    0.640703] RAS: Correctable Errors collector initialized.
[    0.641606] sched_clock: Marking stable (640686820, 0)->(834495164, -193808344)
[    0.643148] registered taskstats version 1
[    0.643847] Loading compiled-in X.509 certificates
[    0.646552] Loaded X.509 cert 'Build time autogenerated kernel key: 05d3fa630a0ed8a65520e390196b077fd5e65720'
[    0.649085] Loaded X.509 cert 'Canonical Ltd. Live Patch Signing: 14df34d1a87cf37625abec039ef2bf521249b969'
[    0.652864] Loaded X.509 cert 'Canonical Ltd. Kernel Module Signing: 88f752e560a1e0737e31163a466ad7b70a850c19'
[    0.654532] blacklist: Loading compiled-in revocation X.509 certificates
[    0.655600] Loaded X.509 cert 'Canonical Ltd. Secure Boot Signing: 61482aa2830d0ab2ad5af10b7250da9033ddcef0'
[    0.657395] Loaded X.509 cert 'Canonical Ltd. Secure Boot Signing (2017): 242ade75ac4a15e50d50c84b0d45ff3eae707a03'
[    0.659982] Loaded X.509 cert 'Canonical Ltd. Secure Boot Signing (ESM 2018): 365188c1d374d6b07c3c8f240f8ef722433d6a8b'
[    0.663180] Loaded X.509 cert 'Canonical Ltd. Secure Boot Signing (2019): c0746fd6c5da3ae827864651ad66ae47fe24b3e8'
[    0.666260] Loaded X.509 cert 'Canonical Ltd. Secure Boot Signing (2021 v1): a8d54bbb3825cfb94fa13c9f8a594a195c107b8d'
[    0.668099] Loaded X.509 cert 'Canonical Ltd. Secure Boot Signing (2021 v2): 4cf046892d6fd3c9a5b03f98d845f90851dc6a8c'
[    0.669876] Loaded X.509 cert 'Canonical Ltd. Secure Boot Signing (2021 v3): 100437bb6de6e469b581e61cd66bce3ef4ed53af'
[    0.671995] Loaded X.509 cert 'Canonical Ltd. Secure Boot Signing (Ubuntu Core 2019): c1d57b8f6b743f23ee41f4f7ee292f06eecadfb9'
[    0.674546] zswap: loaded using pool lzo/zbud
[    0.678981] Key type big_key registered
[    0.679999] Key type trusted registered
[    0.682226] Key type encrypted registered
[    0.683021] AppArmor: AppArmor sha1 policy hashing enabled
[    0.684167] ima: No TPM chip found, activating TPM-bypass! (rc=-19)
[    0.685314] ima: Allocated hash algorithm: sha1
[    0.686160] evm: HMAC attrs: 0x1
[    0.687036]   Magic number: 3:593:141
[    0.687901] rtc_cmos rtc_cmos: setting system clock to 2023-04-07 19:07:32 UTC (1680894452)
[    0.689715] BIOS EDD facility v0.16 2004-Jun-25, 0 devices found
[    0.690668] EDD information not available.
[    0.788957] Freeing unused kernel image memory: 2480K
[    0.800050] Write protecting the kernel read-only data: 20480k
[    0.816220] Freeing unused kernel image memory: 2008K
[    0.820160] Freeing unused kernel image memory: 1820K
[    0.835333] x86/mm: Checked W+X mappings: passed, no W+X pages found.
[    0.841850] x86/mm: Checking user space page tables
[    0.850726] x86/mm: Checked W+X mappings: passed, no W+X pages found.
Loading, please wait...
starting version 237
[    0.932134] e1000: Intel(R) PRO/1000 Network Driver - version 7.3.21-k8-NAPI
[    0.934124] e1000: Copyright (c) 1999-2006 Intel Corporation.
[    0.938252] Fusion MPT base driver 3.04.20
[    0.939598] Copyright (c) 1999-2008 LSI Corporation
[    0.949850] Fusion MPT SPI Host driver 3.04.20
[    0.953762] AVX2 version of gcm_enc/dec engaged.
[    0.958939] AES CTR mode by8 optimization enabled
[    1.149344] input: ImExPS/2 Generic Explorer Mouse as /devices/platform/i8042/serio1/input/input4
[    1.317846] e1000 0000:00:03.0 eth0: (PCI:33MHz:32-bit) 02:6d:e6:35:46:3a
[    1.319009] e1000 0000:00:03.0 eth0: Intel(R) PRO/1000 Network Connection
[    1.755627] e1000 0000:00:08.0 eth1: (PCI:33MHz:32-bit) 08:00:27:7a:64:85
[    1.756793] e1000 0000:00:08.0 eth1: Intel(R) PRO/1000 Network Connection
[    1.758662] mptbase: ioc0: Initiating bringup
[    1.758994] e1000 0000:00:03.0 enp0s3: renamed from eth0
[    1.792616] e1000 0000:00:08.0 enp0s8: renamed from eth1
[    2.346983] ioc0: LSI53C1030 A0: Capabilities={Initiator}
[    4.939494] scsi host2: ioc0: LSI53C1030 A0, FwRev=00000000h, Ports=1, MaxQ=256, IRQ=20
[    7.378765] scsi 2:0:0:0: Direct-Access     VBOX     HARDDISK         1.0  PQ: 0 ANSI: 5
[    7.419171] scsi target2:0:0: Beginning Domain Validation
[    7.421087] scsi target2:0:0: Domain Validation skipping write tests
[    7.422154] scsi target2:0:0: Ending Domain Validation
[    7.423108] scsi target2:0:0: asynchronous
[    7.424503] scsi 2:0:1:0: Direct-Access     VBOX     HARDDISK         1.0  PQ: 0 ANSI: 5
[    8.334034] scsi target2:0:1: Beginning Domain Validation
[    8.336309] scsi target2:0:1: Domain Validation skipping write tests
[    8.337788] scsi target2:0:1: Ending Domain Validation
[    8.339182] scsi target2:0:1: asynchronous
[    8.344144] sd 2:0:0:0: Attached scsi generic sg0 type 0
[    8.345571] sd 2:0:0:0: [sda] 83886080 512-byte logical blocks: (42.9 GB/40.0 GiB)
[    8.347921] sd 2:0:0:0: [sda] Write Protect is off
[    8.349403] sd 2:0:0:0: [sda] Incomplete mode parameter data
[    8.351920] sd 2:0:0:0: [sda] Assuming drive cache: write through
[    8.352110] sd 2:0:1:0: Attached scsi generic sg1 type 0
[    8.354887]  sda: sda1
[    8.355756] sd 2:0:1:0: [sdb] 20480 512-byte logical blocks: (10.5 MB/10.0 MiB)
[    8.356455] sd 2:0:0:0: [sda] Attached SCSI disk
[    8.358959] sd 2:0:1:0: [sdb] Write Protect is off
[    8.360404] sd 2:0:1:0: [sdb] Incomplete mode parameter data
[    8.361780] sd 2:0:1:0: [sdb] Assuming drive cache: write through
[    8.367034] sd 2:0:1:0: [sdb] Attached SCSI disk
Begin: Loading essential drivers ... [    9.937438] raid6: sse2x1   gen() 16294 MB/s
[    9.987782] raid6: sse2x1   xor()  9718 MB/s
[   10.036509] raid6: sse2x2   gen() 16797 MB/s
[   10.087586] raid6: sse2x2   xor() 11992 MB/s
[   10.151757] raid6: sse2x4   gen() 20488 MB/s
[   10.203747] raid6: sse2x4   xor() 12883 MB/s
[   10.259735] raid6: avx2x1   gen() 30538 MB/s
[   10.315333] raid6: avx2x1   xor() 21165 MB/s
[   10.367588] raid6: avx2x2   gen() 33352 MB/s
[   10.431618] raid6: avx2x2   xor() 27349 MB/s
[   10.487734] raid6: avx2x4   gen() 43094 MB/s
[   10.543680] raid6: avx2x4   xor() 26270 MB/s
[   10.544470] raid6: using algorithm avx2x4 gen() 43094 MB/s
[   10.545612] raid6: .... xor() 26270 MB/s, rmw enabled
[   10.546445] raid6: using avx2x2 recovery algorithm
[   10.548026] xor: automatically using best checksumming function   avx       
[   10.551367] async_tx: api initialized (async)
done.
Begin: Running /scripts/init-premount ... done.
Begin: Mounting root file system ... Begin: Running /scripts/local-top ... done.
Begin: Running /scripts/local-premount ... [   10.593733] Btrfs loaded, crc32c=crc32c-intel
Scanning for Btrfs filesystems
done.
Warning: fsck not present, so skipping root file system
[   10.615426] EXT4-fs (sda1): mounted filesystem with ordered data mode. Opts: (null)
done.
Begin: Running /scripts/local-bottom ... done.
Begin: Running /scripts/init-bottom ... done.
[   10.741525] ip_tables: (C) 2000-2006 Netfilter Core Team
[   10.749363] systemd[1]: systemd 237 running in system mode. (+PAM +AUDIT +SELINUX +IMA +APPARMOR +SMACK +SYSVINIT +UTMP +LIBCRYPTSETUP +GCRYPT +GNUTLS +ACL +XZ +LZ4 +SECCOMP +BLKID +ELFUTILS +KMOD -IDN2 +IDN -PCRE2 default-hierarchy=hybrid)
[   10.752703] systemd[1]: Detected virtualization oracle.
[   10.753633] systemd[1]: Detected architecture x86-64.

Welcome to [1mUbuntu 18.04.6 LTS[0m!

[   11.378219] systemd[1]: Set hostname to <ubuntu>.
[   11.380975] systemd[1]: Initializing machine ID from random generator.
[   11.382131] systemd[1]: Installed transient /etc/machine-id file.
[   11.619745] systemd[1]: Created slice System Slice.
[[0;32m  OK  [0m] Created slice System Slice.
[   11.622861] systemd[1]: Created slice User and Session Slice.
[[0;32m  OK  [0m] Created slice User and Session Slice.
[   12.159615] systemd[1]: Reached target Slices.
[[0;32m  OK  [0m] Reached target Slices.
[   12.162775] systemd[1]: Listening on Journal Socket.
[[0;32m  OK  [0m] Listening on Journal Socket.
         Mounting Huge Pages File System...
[[0;32m  OK  [0m] Reached target Mounting snaps.
         Starting Create list of required stâ€¦ce nodes for the current kernel...
[[0;32m  OK  [0m] Reached target System Time Synchronized.
[[0;32m  OK  [0m] Listening on udev Control Socket.
         Starting Load Kernel Modules...
[[0;32m  OK  [0m] Set up automount Arbitrary Executabâ€¦rmats File System Automount Point.
[[0;32m  OK  [0m] Created slice system-serial\x2dgetty.slice.
[[0;32m  OK  [0m] Started Forward Password Requests to Wall Directory Watch.
[[0;32m  OK  [0m] Listening on fsck to fsckd communication Socket.
         Starting File System Check on Root Device...
[[0;32m  OK  [0m] Listening on udev Kernel Socket.
         Mounting POSIX Message Queue File System...
[[0;32m  OK  [0m] Listening on LVM2 poll daemon socket.
[[0;32m  OK  [0m] Listening on Device-mapper event daemon FIFOs.
[[0;32m  OK  [0m] Listening on Net[   12.208002] Loading iSCSI transport class v2.0-870.
work Service Netlink Socket.
[   12.216198] iscsi: registered transport (tcp)
[[0;32m  OK  [0m] Listening on LVM2 metadata daemon socket.
[[0;32m  OK  [0m] Reached target User and Group Name Lookups.
         Starting Monitoring of LVM2 mirrorsâ€¦ng dmeventd or progress polling...
         Mounting Kernel Debug File System...
[[0;32m  OK  [0m] Listening on Journal Audit Socket.
[[0;32m  OK  [0m] Listening on Journal Socket (/dev/log).
         Starting Set the console keyboard layout...
[[0;32m  OK  [0m] Reached target Swap.
[[0;32m  OK  [0m] Reached target Mounted snaps.
         Starting Uncomplicated firewall...
         Starting udev Coldplug all Devices...
[[0;32m  OK  [0m] Listening on /dev/initctl Compatibility Named Pipe.
[[0;32m  OK  [0m] Listening on Syslog Socket.
[   12.234741] iscsi: registered transport (iser)
         Starting Journal Service...
[[0;32m  OK  [0m] Mounted Huge Pages File System.
[[0;32m  OK  [0m] Started Create list of required staâ€¦vice nodes for the current kernel.
[[0;32m  OK  [0m] Started Load Kernel Modules.
[[0;32m  OK  [0m] Mounted POSIX Message Queue File System.
[[0;32m  OK  [0m] Mounted Kernel Debug File System.
[[0;32m  OK  [0m] Started Uncomplicated firewall.
[[0;32m  OK  [0m] Started File System Check Daemon to report status.
[[0;32m  OK  [0m] Started LVM2 metadata daemon.
         Mounting FUSE Control File System...
         Mounting Kernel Configuration File System...
         Starting Apply Kernel Variables...
         Starting Create Static Device Nodes in /dev...
[[0;32m  OK  [0m] Mounted FUSE Control File System.
[[0;32m  OK  [0m] Started File System Check on Root Device.
[[0;32m  OK  [0m] Mounted Kernel Configuration File System.
         Starting Remount Root and Kernel File Systems...
[[0;32m  OK  [0m] Started Journal Service.
[[0;32m  OK  [0m] Started udev Coldplug all Devices.
[[0;32m  OK  [0m] Started Create Static Device Nodes in /dev.
[[0;32m  OK  [0m] Started Remount Root and Kernel File Systems.
         Starting Load/Save Random Seed...
         Starting Flush Journal to Persistent Storage...
         Starting udev Kernel Device Manager...
[[0;32m  OK  [0m] Started Monitoring of LVM2 mirrors,â€¦sing dmeventd or progress polling.
[[0;32m  OK  [0m] Started Apply Kernel Variables.
[[0;32m  OK  [0m] Started Load/Save Random Seed.
[[0;32m  OK  [0m] Started udev Kernel Device Manager.
[[0;32m  OK  [0m] Started Flush Journal to Persistent Storage.
[[0;32m  OK  [0m] Found device /dev/ttyS0.
[[0;32m  OK  [0m] Listening on Load/Save RF Kill Switch Status /dev/rfkill Watch.
         Mounting Arbitrary Executable File Formats File System...
[[0;32m  OK  [0m] Mounted Arbitrary Executable File Formats File System.
[[0;32m  OK  [0m] Started Set the console keyboard layout.
[[0;32m  OK  [0m] Reached target Local File Systems (Pre).
[[0;32m  OK  [0m] Reached target Local File Systems.
         Starting Tell Plymouth To Write Out Runtime Data...
         Starting Commit a transient machine-id on disk...
         Starting AppArmor initialization...
         Starting ebtables ruleset management...
         Starting Set console font and keymap...
         Starting Create Volatile Files and Directories...
[[0;32m  OK  [0m] Started Dispatch Password Requests to Console Directory Watch.
[[0;32m  OK  [0m] Reached target Local Encrypted Volumes.
[[0;32m  OK  [0m] Started Tell Plymouth To Write Out Runtime Data.
[[0;32m  OK  [0m] Started Create Volatile Files and Directories.
         Starting Update UTMP about System Boot/Shutdown...
[[0;32m  OK  [0m] Started Update UTMP about System Boot/Shutdown.
[[0;32m  OK  [0m] Started Commit a transient machine-id on disk.
[[0;32m  OK  [0m] Started ebtables ruleset management.
[[0;32m  OK  [0m] Started Set console font and keymap.
[[0;32m  OK  [0m] Started AppArmor initialization.
         Starting Load AppArmor profiles managed internally by snapd...
         Starting Initial cloud-init job (pre-networking)...
[[0;32m  OK  [0m] Started Load AppArmor profiles managed internally by snapd.
[   16.269723] cloud-init[886]: Cloud-init v. 23.1.1-0ubuntu0~18.04.1 running 'init-local' at Fri, 07 Apr 2023 19:07:47 +0000. Up 15.92 seconds.
[[0;32m  OK  [0m] Started Initial cloud-init job (pre-networking).
[[0;32m  OK  [0m] Reached target Network (Pre).
         Starting Network Service...
[[0;32m  OK  [0m] Started Network Service.
         Starting Wait for Network to be Configured...
         Starting Network Name Resolution...
[[0;32m  OK  [0m] Started Network Name Resolution.
[[0;32m  OK  [0m] Reached target Host and Network Name Lookups.
[[0;32m  OK  [0m] Reached target Network.
[[0;32m  OK  [0m] Started Wait for Network to be Configured.
         Starting Initial cloud-init job (metadata service crawler)...
[   18.471359] cloud-init[995]: Cloud-init v. 23.1.1-0ubuntu0~18.04.1 running 'init' at Fri, 07 Apr 2023 19:07:50 +0000. Up 18.27 seconds.
[   18.472465] cloud-init[995]: ci-info: ++++++++++++++++++++++++++++++++++++++Net device info+++++++++++++++++++++++++++++++++++++++
[   18.473570] cloud-init[995]: ci-info: +--------+-------+----------------------------+---------------+--------+-------------------+
[   18.474674] cloud-init[995]: ci-info: | Device |   Up  |          Address           |      Mask     | Scope  |     Hw-Address    |
[   18.475715] cloud-init[995]: ci-info: +--------+-------+----------------------------+---------------+--------+-------------------+
[   18.476735] cloud-init[995]: ci-info: | enp0s3 |  True |         10.0.2.15          | 255.255.255.0 | global | 02:6d:e6:35:46:3a |
[   18.477915] cloud-init[995]: ci-info: | enp0s3 |  True | fe80::6d:e6ff:fe35:463a/64 |       .       |  link  | 02:6d:e6:35:46:3a |
[   18.479059] cloud-init[995]: ci-info: | enp0s8 | False |             .              |       .       |   .    | 08:00:27:7a:64:85 |
[   18.480203] cloud-init[995]: ci-info: |   lo   |  True |         127.0.0.1          |   255.0.0.0   |  host  |         .         |
[   18.481320] cloud-init[995]: ci-info: |   lo   |  True |          ::1/128           |       .       |  host  |         .         |
[   18.482330] cloud-init[995]: ci-info: +--------+-------+----------------------------+---------------+--------+-------------------+
[   18.492252] cloud-init[995]: ci-info: ++++++++++++++++++++++++++++Route IPv4 info+++++++++++++++++++++++++++++
[   18.493041] cloud-init[995]: ci-info: +-------+-------------+----------+-----------------+-----------+-------+
[   18.494528] cloud-init[995]: ci-info: | Route | Destination | Gateway  |     Genmask     | Interface | Flags |
[   18.495329] cloud-init[995]: ci-info: +-------+-------------+----------+-----------------+-----------+-------+
[   18.497635] cloud-init[995]: ci-info: |   0   |   0.0.0.0   | 10.0.2.2 |     0.0.0.0     |   enp0s3  |   UG  |
[   18.498730] cloud-init[995]: ci-info: |   1   |   10.0.2.0  | 0.0.0.0  |  255.255.255.0  |   enp0s3  |   U   |
[   18.500455] cloud-init[995]: ci-info: |   2   |   10.0.2.2  | 0.0.0.0  | 255.255.255.255 |   enp0s3  |   UH  |
[   18.501692] cloud-init[995]: ci-info: +-------+-------------+----------+-----------------+-----------+-------+
[   18.502761] cloud-init[995]: ci-info: +++++++++++++++++++Route IPv6 info+++++++++++++++++++
[   18.503666] cloud-init[995]: ci-info: +-------+-------------+---------+-----------+-------+
[   18.504518] cloud-init[995]: ci-info: | Route | Destination | Gateway | Interface | Flags |
[   18.505325] cloud-init[995]: ci-info: +-------+-------------+---------+-----------+-------+
[   18.506130] cloud-init[995]: ci-info: |   1   |  fe80::/64  |    ::   |   enp0s3  |   U   |
[   18.506927] cloud-init[995]: ci-info: |   3   |    local    |    ::   |   enp0s3  |   U   |
[   18.516214] cloud-init[995]: ci-info: |   4   |   ff00::/8  |    ::   |   enp0s3  |   U   |
[   18.516999] cloud-init[995]: ci-info: +-------+-------------+---------+-----------+-------+
[   19.482184] cloud-init[995]: Generating public/private rsa key pair.
[   19.492182] cloud-init[995]: Your identification has been saved in /etc/ssh/ssh_host_rsa_key.
[   19.493037] cloud-init[995]: Your public key has been saved in /etc/ssh/ssh_host_rsa_key.pub.
[   19.493846] cloud-init[995]: The key fingerprint is:
[   19.494302] cloud-init[995]: SHA256:o4fsVtc/uYZ1rYeaSp3qnIKUndlM7cl2Q9WG2M+h68I root@ubuntu-bionic
[   19.495152] cloud-init[995]: The key's randomart image is:
[   19.495769] cloud-init[995]: +---[RSA 2048]----+
[   19.519996] cloud-init[995]: |             o ..|
[   19.536538] cloud-init[995]: |            . o.+|
[[0;32m  OK  [0m[   19.548191] cloud-init[995]: |           .  .=.|
[   19.548378] cloud-init[995]: |          . ... o|
[   19.548725] cloud-init[995]: |       oS* + o. .|
[   19.549068] cloud-init[995]: |     .oo=.+.*o+ o|
[   19.549420] cloud-init[995]: |     .+o..o.+= * |
[   19.549762] cloud-init[995]: |     .o..o E.oB .|
[   19.550106] cloud-init[995]: |     ..  o*.+o.+ |
[   19.550453] cloud-init[995]: +----[SHA256]-----+
] Started Initial cloud-init job (metadata service crawler).
[   19.550553] cloud-init[995]: Generating public/private dsa key pair.
[   19.552467] cloud-init[995]: Your identification has been saved in /etc/ssh/ssh_host_dsa_key.
[[0;32m  OK  [0m[   19.564130] cloud-init[995]: Your public key has been saved in /etc/ssh/ssh_host_dsa_key.pub.
[   19.564345] cloud-init[995]: The key fingerprint is:
[   19.564667] cloud-init[995]: SHA256:9mX/xk3lE9bKWpekuQwL5Ndzu/JEjLuuPWYd+RZR4vI root@ubuntu-bionic
] Reached target Cloud-config availability.
[   19.564861] cloud-init[995]: The key's randomart image is:
[   19.565236] cloud-init[995]: +---[DSA 1024]----+
[   19.565504] cloud-init[995]: |                 |
[   19.565834] cloud-init[995]: |              . .|
[   19.566187] cloud-init[995]: |             . .o|
[   19.566467] cloud-init[995]: |         .  . +=o|
[   19.566789] cloud-init[995]: |        S   +===*|
[   19.567082] cloud-init[995]: |       . + = *EB+|
[   19.567453] cloud-init[995]: |          + ++*=B|
[   19.567810] cloud-init[995]: |           .oBo+*|
[   19.568075] cloud-init[995]: |           .=++=o|
[   19.568314] cloud-init[995]: +----[SHA256]-----+
[   19.568619] cloud-init[995]: Generating public/private ecdsa key pair.
[   19.568960] cloud-init[995]: Your identification has been saved in /etc/ssh/ssh_host_ecdsa_key.
[   19.569004] cloud-init[995]: Your public key has been saved in /etc/ssh/ssh_host_ecdsa_key.pub.
[[0;32m  OK  [0m] Reached target System Initialization.
[[0;32m  OK  [0m] Listening on ACPID Listen Socket.
[[0;32m  OK  [0m] Started Discard unused blocks once a week.
[[0;32m  OK  [0m] Listening on UUID daemon activation socket.
[[0;32m  OK  [0m] Started Ubuntu Advantage Timer for running repeated jobs.
[[0;32m  OK  [0m] Started Daily Cleanup of Temporary Directories.
[[0;32m  OK  [0m] Listening on D-Bus System Message Bus Socket.
[   19.569180] cloud-init[995]: The key fingerprint is:
[   19.590079] cloud-init[995]: SHA256:7ExOPrlRWwMXuAYi/Ny/voxEw+n9gaOYsP1CmRnX34Q root@ubuntu-bionic
[[0;32m  OK  [0m] Started ACPI Events Check.
[   19.596515] [[0;32m  OK  [0m] Reached target Paths.
cloud-init[995]: The key's randomart image is:
         Starting Socket activation for snappy daemon.
[   19.597358] cloud-init[995]: +---[ECDSA 256]---+
[[0;32m  OK  [0m] Listening on Open-iSCSI iscsid Socket.
[   19.599434] cloud-init[995]: |   .       ..    |
[   19.600136] cloud-init[995]: |    o . . .  .   |
         Starting LXD - unix socket.
[   19.612378] [[0;32m  OK  [0m] Started Message of the Day.
[[0;32m  OK  [0m] Started Daily apt download activities.
[[0;32m  OK  [0m] Started Daily apt upgrade and clean activities.
[[0;32m  OK  [0m] Reached target Timers.
[[0;32m  OK  [0m] Listening on cloud-init hotplug hook socket.
[[0;32m  OK  [0m] Reached target Network is Online.
cloud-init[995]: |     + o o....   |
[   19.616360]          Starting Availability of block devices...
cloud-init[995]: |      +oo.+oE .  |
[[0;32m  OK  [0m] Reached target Remote File Systems (Pre).
[[0;32m  OK  [0m] Reached target Remote File Systems.
[   19.617575] cloud-init[995]: |       *So..oo   |
[[0;32m  OK  [0m] Listening on Socket activation for snappy daemon.
[[0;32m  OK  [0m] Listening on LXD - unix socket.
[[0;32m  OK  [0m] Started Availability of block devices.
[[0;32m  OK  [0m] Reached target Sockets.
[[0;32m  OK  [0m] Reached target Basic System.
[   19.631051] cloud-init[995]: |      =X =.+...  |
[   19.632241] cloud-init         Starting LSB: Record successful boot for GRUB...
[995]: |    ..  @ =..    |
[   19.644204] [[0;32m  OK  [0m] Started Regular background program processing daemon.
cloud-init[995]: |     +.+ B.o .   |
         Starting Permit User Sessions...
[   19.646267] cloud-init[995]:          Starting System Logging Service...
[[0;32m  OK  [0m] Reached target Login Prompts (Pre).
|    . +o=.+..    |
[   19.650037] cloud-init[995]: +----[SHA256]-----+
[   19.653061] cloud-init[995]: Generating public/private ed25519 key pair.
[   19.655143] [[0;32m  OK  [0m] Started Deferred execution scheduler.
cloud-init[995]: Your identification has been saved in /etc/ssh/ssh_host_ed25519_key.
[   19.656653] cloud-init[995]: Your public key has been saved in /etc/ssh/ssh_host_ed25519_key.pub.
[   19.657659] cloud-init[995]: The key fingerprint is:
[   19.658733] cloud-init[995]: SHA256:1CJk3TJSr5SSVx/i7xf6Ay8DFmu3kwAzOB03EE7Ye8U root@ubuntu-bionic
[   19.659955] cloud-init[995]: The key's randomart image is:
[[0;32m  OK  [0m] Started irqbalance daemon.
[   19.676939] cloud-init[995]: +--[ED25519 256]--+
[   19.678302] cloud-init[995]: |      o==+o..    |
[   19.679652] cloud-init[995]: |     oo+**+oE.   |
[   19.680927] cloud-init[995]: |      ++B*+o.    |
[   19.682303] cloud-init[995]: |      o**oo.     |
[   19.685216] cloud-init[995]: |       .S= o. .  |
[   19.686205] cloud-init[995]: |          *.o. . |
[   19.688139]          Starting Pollinate to seed the pseudo random number generator...
         Starting Accounts Service...
cloud-init[995]:          Starting LXD - container startup/shutdown...
|         o +o=.  |
         Starting Virtualbox guest utils...
         Starting Dispatcher daemon for systemd-networkd...
[   19.696688]          Starting LSB: automatic crash report generation...
cloud-init[[0;32m  OK  [0m] Started FUSE filesystem for LXC.
[995]: |            *oo  |
         Starting Login Service...
[[0;32m  OK  [0m] Started D-Bus System Message Bus.
[   19.702038] cloud-init[995]: |             +.. |
[   19.712465] cloud-init[995]: +----[SHA256]-----+
         Starting Snap Daemon...
[[0;32m  OK  [0m] Started System Logging Service.
[[0;32m  OK  [0m] Started Permit User Sessions.
[[0;32m  OK  [0m] Started Login Service.
[[0;32m  OK  [0m] Started Unattended Upgrades Shutdown.
         Starting Authorization Manager...
         Starting Hold until boot process finishes up...
         Starting Terminate Plymouth Boot Screen...
[[0;32m  OK  [0m] Started Hold until boot process finishes up.
[[0;32m  OK  [0m] Started Serial Getty on ttyS0.
         Starting Set console scheme...
[[0;32m  OK  [0m] Started Terminate Plymouth Boot Screen.
[[0;32m  OK  [0m] Started LSB: automatic crash report generation.
[[0;32m  OK  [0m] Started LXD - container startup/shutdown.
[[0;32m  OK  [0m] Started Set console scheme.
[[0;32m  OK  [0m] Created slice system-getty.slice.
[[0;32m  OK  [0m] Started Getty on tty1.
[[0;32m  OK  [0m] Reached target Login Prompts.
[[0;32m  OK  [0m] Started LSB: Record successful boot for GRUB.
[[0;32m  OK  [0m] Started Virtualbox guest utils.
[[0;32m  OK  [0m] Started Authorization Manager.
[[0;32m  OK  [0m] Started Accounts Service.
[[0;32m  OK  [0m] Started Dispatcher daemon for systemd-networkd.
[[0;32m  OK  [0m] Started Snap Daemon.
         Starting Wait until snapd is fully seeded...
         Starting Time & Date Service...
[[0;32m  OK  [0m] Started Time & Date Service.
[[0;32m  OK  [0m] Started Pollinate to seed the pseudo random number generator.
         Starting OpenBSD Secure Shell server...
[[0;32m  OK  [0m] Started OpenBSD Secure Shell server.
[[0;32m  OK  [0m] Created slice User Slice of vagrant.
         Starting User Manager for UID 1000...
[[0;32m  OK  [0m] Started Session 1 of user vagrant.
[[0;32m  OK  [0m] Started User Manager for UID 1000.
[[0;32m  OK  [0m] Started Wait until snapd is fully seeded.
         Starting Apply the settings specified in cloud-config...
[   25.248652] cloud-init[1743]: Cloud-init v. 23.1.1-0ubuntu0~18.04.1 running 'modules:config' at Fri, 07 Apr 2023 19:07:56 +0000. Up 24.76 seconds.
ci-info: no authorized SSH keys fingerprints found for user ubuntu.
<14>Apr  7 19:07:57 cloud-init: #############################################################
<14>Apr  7 19:07:57 cloud-init: -----BEGIN SSH HOST KEY FINGERPRINTS-----
<14>Apr  7 19:07:57 cloud-init: 1024 SHA256:9mX/xk3lE9bKWpekuQwL5Ndzu/JEjLuuPWYd+RZR4vI root@ubuntu-bionic (DSA)
<14>Apr  7 19:07:57 cloud-init: 256 SHA256:7ExOPrlRWwMXuAYi/Ny/voxEw+n9gaOYsP1CmRnX34Q root@ubuntu-bionic (ECDSA)
<14>Apr  7 19:07:57 cloud-init: 256 SHA256:1CJk3TJSr5SSVx/i7xf6Ay8DFmu3kwAzOB03EE7Ye8U root@ubuntu-bionic (ED25519)
<14>Apr  7 19:07:57 cloud-init: 2048 SHA256:o4fsVtc/uYZ1rYeaSp3qnIKUndlM7cl2Q9WG2M+h68I root@ubuntu-bionic (RSA)
<14>Apr  7 19:07:57 cloud-init: -----END SSH HOST KEY FINGERPRINTS-----
<14>Apr  7 19:07:57 cloud-init: #############################################################
-----BEGIN SSH HOST KEY KEYS-----
ecdsa-sha2-nistp256 AAAAE2VjZHNhLXNoYTItbmlzdHAyNTYAAAAIbmlzdHAyNTYAAABBBI591nA8VuKo0rKwRcizhZT4QXoDeDf9+ODSY3/CEWO2MNT0DNVPsHOtmuTaxU79gStURJimif3xd0AljohbJME= root@ubuntu-bionic
ssh-ed25519 AAAAC3NzaC1lZDI1NTE5AAAAINYBCEdH+px/VmsKx7FIojdfeyxKJaccSiHw8cLYWf9z root@ubuntu-bionic
ssh-rsa AAAAB3NzaC1yc2EAAAADAQABAAABAQDBq4mjUmuLsDNCBWTNoSeJhwUT0LPC4MpoqxivhHArTf/OKlV+28bO5n0nFTOTEC6LcY13qTvjZ5gQyBzsFvAnFvysOCs9qV9IjAYCClxKveoby40eRBxwg79yICB/Tr1KjogtjcYsk8jFKQrQJ7pFgEPkcdz7N1monJGbtRAE7r6vXZ9/o1lDrq6jHOEbHNaZw55ykWNt0WIvO44syP5aqX8v6LJOOk7um+DpAY8vIWl12Da2tz4gq86Zv47ONswwnKtF5KVcZdT7wUxwQG4deh0KtTKbw0U1gNcILCfRpazBq80H2hbBoJxhKlu298eITV6ArCxsIalPMNzxHhx5 root@ubuntu-bionic
-----END SSH HOST KEY KEYS-----
[   26.075357] cloud-init[1883]: Cloud-init v. 23.1.1-0ubuntu0~18.04.1 running 'modules:final' at Fri, 07 Apr 2023 19:07:57 +0000. Up 25.86 seconds.
[   26.075456] cloud-init[1883]: Cloud-init v. 23.1.1-0ubuntu0~18.04.1 finished at Fri, 07 Apr 2023 19:07:57 +0000. Datasource DataSourceNoCloud [seed=/dev/sdb][dsmode=net].  Up 26.06 seconds

Ubuntu 18.04.6 LTS ubuntu-bionic ttyS0

ubuntu-bionic login: 