[    0.000000] Linux version 4.15.0-210-generic (buildd@lcy02-amd64-056) (gcc version 7.5.0 (Ubuntu 7.5.0-3ubuntu1~18.04)) #221-Ubuntu SMP Tue Apr 18 08:32:52 UTC 2023 (Ubuntu 4.15.0-210.221-generic 4.15.18)
[    0.000000] Command line: BOOT_IMAGE=/boot/vmlinuz-4.15.0-210-generic root=LABEL=cloudimg-rootfs ro console=tty1 console=ttyS0
[    0.000000] KERNEL supported cpus:
[    0.000000]   Intel GenuineIntel
[    0.000000]   AMD AuthenticAMD
[    0.000000]   Centaur CentaurHauls
[    0.000000] x86/fpu: Supporting XSAVE feature 0x001: 'x87 floating point registers'
[    0.000000] x86/fpu: Supporting XSAVE feature 0x002: 'SSE registers'
[    0.000000] x86/fpu: Supporting XSAVE feature 0x004: 'AVX registers'
[    0.000000] x86/fpu: xstate_offset[2]:  576, xstate_sizes[2]:  256
[    0.000000] x86/fpu: Enabled xstate features 0x7, context size is 832 bytes, using 'standard' format.
[    0.000000] e820: BIOS-provided physical RAM map:
[    0.000000] BIOS-e820: [mem 0x0000000000000000-0x000000000009fbff] usable
[    0.000000] BIOS-e820: [mem 0x000000000009fc00-0x000000000009ffff] reserved
[    0.000000] BIOS-e820: [mem 0x00000000000f0000-0x00000000000fffff] reserved
[    0.000000] BIOS-e820: [mem 0x0000000000100000-0x00000000dffeffff] usable
[    0.000000] BIOS-e820: [mem 0x00000000dfff0000-0x00000000dfffffff] ACPI data
[    0.000000] BIOS-e820: [mem 0x00000000fec00000-0x00000000fec00fff] reserved
[    0.000000] BIOS-e820: [mem 0x00000000fee00000-0x00000000fee00fff] reserved
[    0.000000] BIOS-e820: [mem 0x00000000fffc0000-0x00000000ffffffff] reserved
[    0.000000] BIOS-e820: [mem 0x0000000100000000-0x000000011fffffff] usable
[    0.000000] NX (Execute Disable) protection: active
[    0.000000] SMBIOS 2.5 present.
[    0.000000] DMI: innotek GmbH VirtualBox/VirtualBox, BIOS VirtualBox 12/01/2006
[    0.000000] Hypervisor detected: KVM
[    0.000000] e820: last_pfn = 0x120000 max_arch_pfn = 0x400000000
[    0.000000] MTRR: Disabled
[    0.000000] x86/PAT: MTRRs disabled, skipping PAT initialization too.
[    0.000000] CPU MTRRs all blank - virtualized system.
[    0.000000] x86/PAT: Configuration [0-7]: WB  WT  UC- UC  WB  WT  UC- UC  
[    0.000000] e820: last_pfn = 0xdfff0 max_arch_pfn = 0x400000000
[    0.000000] found SMP MP-table at [mem 0x0009fff0-0x0009ffff]
[    0.000000] Scanning 1 areas for low memory corruption
[    0.000000] RAMDISK: [mem 0x3580d000-0x36bfdfff]
[    0.000000] ACPI: Early table checksum verification disabled
[    0.000000] ACPI: RSDP 0x00000000000E0000 000024 (v02 VBOX  )
[    0.000000] ACPI: XSDT 0x00000000DFFF0030 00003C (v01 VBOX   VBOXXSDT 00000001 ASL  00000061)
[    0.000000] ACPI: FACP 0x00000000DFFF00F0 0000F4 (v04 VBOX   VBOXFACP 00000001 ASL  00000061)
[    0.000000] ACPI: DSDT 0x00000000DFFF0610 002353 (v02 VBOX   VBOXBIOS 00000002 INTL 20200925)
[    0.000000] ACPI: FACS 0x00000000DFFF0200 000040
[    0.000000] ACPI: FACS 0x00000000DFFF0200 000040
[    0.000000] ACPI: APIC 0x00000000DFFF0240 00005C (v02 VBOX   VBOXAPIC 00000001 ASL  00000061)
[    0.000000] ACPI: SSDT 0x00000000DFFF02A0 00036C (v01 VBOX   VBOXCPUT 00000002 INTL 20200925)
[    0.000000] ACPI: Reserving FACP table memory at [mem 0xdfff00f0-0xdfff01e3]
[    0.000000] ACPI: Reserving DSDT table memory at [mem 0xdfff0610-0xdfff2962]
[    0.000000] ACPI: Reserving FACS table memory at [mem 0xdfff0200-0xdfff023f]
[    0.000000] ACPI: Reserving FACS table memory at [mem 0xdfff0200-0xdfff023f]
[    0.000000] ACPI: Reserving APIC table memory at [mem 0xdfff0240-0xdfff029b]
[    0.000000] ACPI: Reserving SSDT table memory at [mem 0xdfff02a0-0xdfff060b]
[    0.000000] No NUMA configuration found
[    0.000000] Faking a node at [mem 0x0000000000000000-0x000000011fffffff]
[    0.000000] NODE_DATA(0) allocated [mem 0x11ffd1000-0x11fffbfff]
[    0.000000] kvm-clock: cpu 0, msr 1:1ff50001, primary cpu clock
[    0.000000] kvm-clock: Using msrs 4b564d01 and 4b564d00
[    0.000000] kvm-clock: using sched offset of 2951402041 cycles
[    0.000000] clocksource: kvm-clock: mask: 0xffffffffffffffff max_cycles: 0x1cd42e4dffb, max_idle_ns: 881590591483 ns
[    0.000000] Zone ranges:
[    0.000000]   DMA      [mem 0x0000000000001000-0x0000000000ffffff]
[    0.000000]   DMA32    [mem 0x0000000001000000-0x00000000ffffffff]
[    0.000000]   Normal   [mem 0x0000000100000000-0x000000011fffffff]
[    0.000000]   Device   empty
[    0.000000] Movable zone start for each node
[    0.000000] Early memory node ranges
[    0.000000]   node   0: [mem 0x0000000000001000-0x000000000009efff]
[    0.000000]   node   0: [mem 0x0000000000100000-0x00000000dffeffff]
[    0.000000]   node   0: [mem 0x0000000100000000-0x000000011fffffff]
[    0.000000] Reserved but unavailable: 104 pages
[    0.000000] Initmem setup node 0 [mem 0x0000000000001000-0x000000011fffffff]
[    0.000000] ACPI: PM-Timer IO Port: 0x4008
[    0.000000] IOAPIC[0]: apic_id 2, version 32, address 0xfec00000, GSI 0-23
[    0.000000] ACPI: INT_SRC_OVR (bus 0 bus_irq 0 global_irq 2 dfl dfl)
[    0.000000] ACPI: INT_SRC_OVR (bus 0 bus_irq 9 global_irq 9 low level)
[    0.000000] Using ACPI (MADT) for SMP configuration information
[    0.000000] smpboot: Allowing 2 CPUs, 0 hotplug CPUs
[    0.000000] PM: Registered nosave memory: [mem 0x00000000-0x00000fff]
[    0.000000] PM: Registered nosave memory: [mem 0x0009f000-0x0009ffff]
[    0.000000] PM: Registered nosave memory: [mem 0x000a0000-0x000effff]
[    0.000000] PM: Registered nosave memory: [mem 0x000f0000-0x000fffff]
[    0.000000] PM: Registered nosave memory: [mem 0xdfff0000-0xdfffffff]
[    0.000000] PM: Registered nosave memory: [mem 0xe0000000-0xfebfffff]
[    0.000000] PM: Registered nosave memory: [mem 0xfec00000-0xfec00fff]
[    0.000000] PM: Registered nosave memory: [mem 0xfec01000-0xfedfffff]
[    0.000000] PM: Registered nosave memory: [mem 0xfee00000-0xfee00fff]
[    0.000000] PM: Registered nosave memory: [mem 0xfee01000-0xfffbffff]
[    0.000000] PM: Registered nosave memory: [mem 0xfffc0000-0xffffffff]
[    0.000000] e820: [mem 0xe0000000-0xfebfffff] available for PCI devices
[    0.000000] Booting paravirtualized kernel on KVM
[    0.000000] clocksource: refined-jiffies: mask: 0xffffffff max_cycles: 0xffffffff, max_idle_ns: 7645519600211568 ns
[    0.000000] setup_percpu: NR_CPUS:8192 nr_cpumask_bits:2 nr_cpu_ids:2 nr_node_ids:1
[    0.000000] percpu: Embedded 50 pages/cpu s167936 r8192 d28672 u1048576
[    0.000000] PV qspinlock hash table entries: 256 (order: 0, 4096 bytes)
[    0.000000] Built 1 zonelists, mobility grouping on.  Total pages: 1032057
[    0.000000] Policy zone: Normal
[    0.000000] Kernel command line: BOOT_IMAGE=/boot/vmlinuz-4.15.0-210-generic root=LABEL=cloudimg-rootfs ro console=tty1 console=ttyS0
[    0.000000] Memory: 4012360K/4193848K available (12300K kernel code, 2477K rwdata, 4324K rodata, 2480K init, 2720K bss, 181488K reserved, 0K cma-reserved)
[    0.000000] SLUB: HWalign=64, Order=0-3, MinObjects=0, CPUs=2, Nodes=1
[    0.000000] Kernel/User page tables isolation: enabled
[    0.000000] ftrace: allocating 39506 entries in 155 pages
[    0.004000] Hierarchical RCU implementation.
[    0.004000] 	RCU restricting CPUs from NR_CPUS=8192 to nr_cpu_ids=2.
[    0.004000] 	Tasks RCU enabled.
[    0.004000] RCU: Adjusting geometry for rcu_fanout_leaf=16, nr_cpu_ids=2
[    0.004000] NR_IRQS: 524544, nr_irqs: 440, preallocated irqs: 16
[    0.004000] random: crng init done
[    0.004000] Console: colour VGA+ 80x25
[    0.004000] console [tty1] enabled
[    0.004000] console [ttyS0] enabled
[    0.004000] ACPI: Core revision 20170831
[    0.004000] ACPI: 2 ACPI AML tables successfully acquired and loaded
[    0.004000] APIC: Switch to symmetric I/O mode setup
[    0.004000] x2apic enabled
[    0.004000] Switched APIC routing to physical x2apic.
[    0.004000] ..TIMER: vector=0x30 apic1=0 pin1=2 apic2=-1 pin2=-1
[    0.004000] tsc: Detected 2999.996 MHz processor
[    0.004000] Calibrating delay loop (skipped) preset value.. 5999.99 BogoMIPS (lpj=11999984)
[    0.004000] pid_max: default: 32768 minimum: 301
[    0.004000] Security Framework initialized
[    0.004000] Yama: becoming mindful.
[    0.004000] AppArmor: AppArmor initialized
[    0.004000] Dentry cache hash table entries: 524288 (order: 10, 4194304 bytes)
[    0.004000] Inode-cache hash table entries: 262144 (order: 9, 2097152 bytes)
[    0.004000] Mount-cache hash table entries: 8192 (order: 4, 65536 bytes)
[    0.004000] Mountpoint-cache hash table entries: 8192 (order: 4, 65536 bytes)
[    0.004000] Last level iTLB entries: 4KB 128, 2MB 8, 4MB 8
[    0.004000] Last level dTLB entries: 4KB 64, 2MB 0, 4MB 0, 1GB 4
[    0.004000] Spectre V1 : Mitigation: usercopy/swapgs barriers and __user pointer sanitization
[    0.004000] Spectre V2 : Mitigation: Retpolines
[    0.004000] Spectre V2 : Spectre v2 / SpectreRSB mitigation: Filling RSB on context switch
[    0.004000] Spectre V2 : Spectre v2 / SpectreRSB : Filling RSB on VMEXIT
[    0.004000] RETBleed: WARNING: Spectre v2 mitigation leaves CPU vulnerable to RETBleed attacks, data leaks possible!
[    0.004000] RETBleed: Vulnerable
[    0.004000] Speculative Store Bypass: Vulnerable
[    0.004000] MDS: Mitigation: Clear CPU buffers
[    0.004000] MMIO Stale Data: Mitigation: Clear CPU buffers
[    0.004000] SRBDS: Unknown: Dependent on hypervisor status
[    0.004000] Freeing SMP alternatives memory: 36K
[    0.120000] APIC calibration not consistent with PM-Timer: 105ms instead of 100ms
[    0.120000] APIC delta adjusted to PM-Timer: 6486706 (6850734)
[    0.120046] smpboot: CPU0: Intel(R) Core(TM) i5-9500 CPU @ 3.00GHz (family: 0x6, model: 0x9e, stepping: 0xa)
[    0.121614] Performance Events: unsupported p6 CPU model 158 no PMU driver, software events only.
[    0.123034] Hierarchical SRCU implementation.
[    0.124463] NMI watchdog: Perf event create on CPU 0 failed with -2
[    0.125479] NMI watchdog: Perf NMI watchdog permanently disabled
[    0.126480] smp: Bringing up secondary CPUs ...
[    0.127391] x86: Booting SMP configuration:
[    0.128000] .... node  #0, CPUs:      #1
[    0.004000] kvm-clock: cpu 1, msr 1:1ff50041, secondary cpu clock
[    0.131183] smp: Brought up 1 node, 2 CPUs
[    0.131183] smpboot: Max logical packages: 1
[    0.132004] smpboot: Total of 2 processors activated (11999.98 BogoMIPS)
[    0.134039] devtmpfs: initialized
[    0.134039] x86/mm: Memory block size: 128MB
[    0.136306] evm: security.selinux
[    0.136915] evm: security.SMACK64
[    0.137523] evm: security.SMACK64EXEC
[    0.138173] evm: security.SMACK64TRANSMUTE
[    0.138929] evm: security.SMACK64MMAP
[    0.139551] evm: security.apparmor
[    0.140006] evm: security.ima
[    0.140586] evm: security.capability
[    0.142057] clocksource: jiffies: mask: 0xffffffff max_cycles: 0xffffffff, max_idle_ns: 7645041785100000 ns
[    0.142057] futex hash table entries: 512 (order: 3, 32768 bytes)
[    0.144040] pinctrl core: initialized pinctrl subsystem
[    0.144976] RTC time: 22:23:01, date: 06/09/23
[    0.145814] NET: Registered protocol family 16
[    0.146583] audit: initializing netlink subsys (disabled)
[    0.148019] audit: type=2000 audit(1686349385.779:1): state=initialized audit_enabled=0 res=1
[    0.156009] cpuidle: using governor ladder
[    0.156686] cpuidle: using governor menu
[    0.160048] ACPI: bus type PCI registered
[    0.160727] acpiphp: ACPI Hot Plug PCI Controller Driver version: 0.5
[    0.161763] PCI: Using configuration type 1 for base access
[    0.164035] HugeTLB registered 2.00 MiB page size, pre-allocated 0 pages
[    0.165023] ACPI: Added _OSI(Module Device)
[    0.165023] ACPI: Added _OSI(Processor Device)
[    0.165489] ACPI: Added _OSI(3.0 _SCP Extensions)
[    0.166259] ACPI: Added _OSI(Processor Aggregator Device)
[    0.168003] ACPI: Added _OSI(Linux-Dell-Video)
[    0.168702] ACPI: Added _OSI(Linux-Lenovo-NV-HDMI-Audio)
[    0.169504] ACPI: Added _OSI(Linux-HPI-Hybrid-Graphics)
[    0.171774] ACPI: Executed 1 blocks of module-level executable AML code
[    0.176239] ACPI: Interpreter enabled
[    0.176879] ACPI: (supports S0 S5)
[    0.177537] ACPI: Using IOAPIC for interrupt routing
[    0.178532] PCI: Using host bridge windows from ACPI; if necessary, use "pci=nocrs" and report a bug
[    0.180000] ACPI: Enabled 2 GPEs in block 00 to 07
[    0.186289] ACPI: PCI Root Bridge [PCI0] (domain 0000 [bus 00-ff])
[    0.187249] acpi PNP0A03:00: _OSC: OS supports [ASPM ClockPM Segments MSI]
[    0.188528] acpi PNP0A03:00: _OSC: not requesting OS control; OS requires [ExtendedConfig ASPM ClockPM MSI]
[    0.190023] acpi PNP0A03:00: fail to add MMCONFIG information, can't access extended PCI configuration space under this bridge.
[    0.192000] PCI host bridge to bus 0000:00
[    0.192003] pci_bus 0000:00: root bus resource [io  0x0000-0x0cf7 window]
[    0.193024] pci_bus 0000:00: root bus resource [io  0x0d00-0xffff window]
[    0.194061] pci_bus 0000:00: root bus resource [mem 0x000a0000-0x000bffff window]
[    0.195250] pci_bus 0000:00: root bus resource [mem 0xe0000000-0xfdffffff window]
[    0.196000] pci_bus 0000:00: root bus resource [bus 00-ff]
[    0.196000] pci 0000:00:01.1: legacy IDE quirk: reg 0x10: [io  0x01f0-0x01f7]
[    0.196002] pci 0000:00:01.1: legacy IDE quirk: reg 0x14: [io  0x03f6]
[    0.197004] pci 0000:00:01.1: legacy IDE quirk: reg 0x18: [io  0x0170-0x0177]
[    0.200002] pci 0000:00:01.1: legacy IDE quirk: reg 0x1c: [io  0x0376]
[    0.230605] pci 0000:00:07.0: quirk: [io  0x4000-0x403f] claimed by PIIX4 ACPI
[    0.232012] pci 0000:00:07.0: quirk: [io  0x4100-0x410f] claimed by PIIX4 SMB
[    0.254930] ACPI: PCI Interrupt Link [LNKA] (IRQs 5 9 10 *11)
[    0.256315] ACPI: PCI Interrupt Link [LNKB] (IRQs 5 9 *10 11)
[    0.257341] ACPI: PCI Interrupt Link [LNKC] (IRQs 5 *9 10 11)
[    0.258318] ACPI: PCI Interrupt Link [LNKD] (IRQs 5 9 10 *11)
[    0.260241] SCSI subsystem initialized
[    0.260897] pci 0000:00:02.0: vgaarb: setting as boot VGA device
[    0.260949] pci 0000:00:02.0: vgaarb: VGA device added: decodes=io+mem,owns=io+mem,locks=none
[    0.264005] pci 0000:00:02.0: vgaarb: bridge control possible
[    0.264912] vgaarb: loaded
[    0.265411] ACPI: bus type USB registered
[    0.266118] usbcore: registered new interface driver usbfs
[    0.267085] usbcore: registered new interface driver hub
[    0.267936] usbcore: registered new device driver usb
[    0.268000] EDAC MC: Ver: 3.0.0
[    0.268000] PCI: Using ACPI for IRQ routing
[    0.268000] NetLabel: Initializing
[    0.268003] NetLabel:  domain hash size = 128
[    0.268962] NetLabel:  protocols = UNLABELED CIPSOv4 CALIPSO
[    0.270298] NetLabel:  unlabeled traffic allowed by default
[    0.272118] clocksource: Switched to clocksource kvm-clock
[    0.281981] VFS: Disk quotas dquot_6.6.0
[    0.281981] VFS: Dquot-cache hash table entries: 512 (order 0, 4096 bytes)
[    0.281981] AppArmor: AppArmor Filesystem Enabled
[    0.281981] pnp: PnP ACPI init
[    0.281981] pnp: PnP ACPI: found 3 devices
[    0.294467] clocksource: acpi_pm: mask: 0xffffff max_cycles: 0xffffff, max_idle_ns: 2085701024 ns
[    0.296051] NET: Registered protocol family 2
[    0.296548] IP idents hash table entries: 65536 (order: 7, 524288 bytes)
[    0.296548] TCP established hash table entries: 32768 (order: 6, 262144 bytes)
[    0.300096] TCP bind hash table entries: 32768 (order: 7, 524288 bytes)
[    0.301357] TCP: Hash tables configured (established 32768 bind 32768)
[    0.302697] UDP hash table entries: 2048 (order: 4, 65536 bytes)
[    0.303717] UDP-Lite hash table entries: 2048 (order: 4, 65536 bytes)
[    0.304037] NET: Registered protocol family 1
[    0.304037] pci 0000:00:00.0: Limiting direct PCI/PCI transfers
[    0.304037] pci 0000:00:01.0: Activating ISA DMA hang workarounds
[    0.304037] pci 0000:00:02.0: Video device with shadowed ROM at [mem 0x000c0000-0x000dffff]
[    0.304037] Unpacking initramfs...
[    0.304037] Freeing initrd memory: 20420K
[    0.304037] PCI-DMA: Using software bounce buffering for IO (SWIOTLB)
[    0.304037] software IO TLB: mapped [mem 0xdbff0000-0xdfff0000] (64MB)
[    0.304037] clocksource: tsc: mask: 0xffffffffffffffff max_cycles: 0x2b3e4180184, max_idle_ns: 440795270742 ns
[    0.304037] platform rtc_cmos: registered platform RTC device (no PNP device found)
[    0.304037] Scanning for low memory corruption every 60 seconds
[    0.551439] Initialise system trusted keyrings
[    0.552167] Key type blacklist registered
[    0.552836] workingset: timestamp_bits=36 max_order=20 bucket_order=0
[    0.554864] zbud: loaded
[    0.555785] squashfs: version 4.0 (2009/01/31) Phillip Lougher
[    0.557035] fuse init (API version 7.26)
[    0.558911] Key type asymmetric registered
[    0.559610] Asymmetric key parser 'x509' registered
[    0.560429] Block layer SCSI generic (bsg) driver version 0.4 loaded (major 246)
[    0.561599] io scheduler noop registered
[    0.562277] io scheduler deadline registered
[    0.562976] io scheduler cfq registered (default)
[    0.564024] ACPI: AC Adapter [AC] (on-line)
[    0.564822] input: Power Button as /devices/LNXSYSTM:00/LNXPWRBN:00/input/input0
[    0.566091] ACPI: Power Button [PWRF]
[    0.566785] input: Sleep Button as /devices/LNXSYSTM:00/LNXSLPBN:00/input/input1
[    0.568135] ACPI: Sleep Button [SLPF]
[    0.569064] Serial: 8250/16550 driver, 32 ports, IRQ sharing enabled
[    0.590574] 00:02: ttyS0 at I/O 0x3f8 (irq = 4, base_baud = 115200) is a 16550A
[    0.593669] Linux agpgart interface v0.103
[    0.595347] loop: module loaded
[    0.596365] scsi host0: ata_piix
[    0.597052] scsi host1: ata_piix
[    0.597716] ata1: PATA max UDMA/33 cmd 0x1f0 ctl 0x3f6 bmdma 0xd000 irq 14
[    0.598855] ata2: PATA max UDMA/33 cmd 0x170 ctl 0x376 bmdma 0xd008 irq 15
[    0.599973] tun: Universal TUN/TAP device driver, 1.6
[    0.600920] PPP generic driver version 2.4.2
[    0.601721] ehci_hcd: USB 2.0 'Enhanced' Host Controller (EHCI) Driver
[    0.602686] ehci-pci: EHCI PCI platform driver
[    0.603432] ehci-platform: EHCI generic platform driver
[    0.604275] ohci_hcd: USB 1.1 'Open' Host Controller (OHCI) Driver
[    0.605258] ohci-pci: OHCI PCI platform driver
[    0.605991] ohci-platform: OHCI generic platform driver
[    0.606774] uhci_hcd: USB Universal Host Controller Interface driver
[    0.607779] i8042: PNP: PS/2 Controller [PNP0303:PS2K,PNP0f03:PS2M] at 0x60,0x64 irq 1,12
[    0.609514] serio: i8042 KBD port at 0x60,0x64 irq 1
[    0.610344] serio: i8042 AUX port at 0x60,0x64 irq 12
[    0.611338] mousedev: PS/2 mouse device common for all mice
[    0.612629] input: AT Translated Set 2 keyboard as /devices/platform/i8042/serio0/input/input2
[    0.614293] rtc_cmos rtc_cmos: rtc core: registered rtc_cmos as rtc0
[    0.615293] rtc_cmos rtc_cmos: alarms up to one day, 114 bytes nvram
[    0.616349] i2c /dev entries driver
[    0.617041] device-mapper: uevent: version 1.0.3
[    0.617925] device-mapper: ioctl: 4.37.0-ioctl (2017-09-20) initialised: dm-devel@redhat.com
[    0.619340] ledtrig-cpu: registered to indicate activity on CPUs
[    0.620660] NET: Registered protocol family 10
[    0.624235] Segment Routing with IPv6
[    0.624889] NET: Registered protocol family 17
[    0.625627] Key type dns_resolver registered
[    0.626543] mce: Using 0 MCE banks
[    0.627168] RAS: Correctable Errors collector initialized.
[    0.628073] sched_clock: Marking stable (626519426, 0)->(839412286, -212892860)
[    0.629522] registered taskstats version 1
[    0.630196] Loading compiled-in X.509 certificates
[    0.633138] Loaded X.509 cert 'Build time autogenerated kernel key: 53bf99db7da04c05fe17f7beec9ce15c83db2223'
[    0.635094] Loaded X.509 cert 'Canonical Ltd. Live Patch Signing: 14df34d1a87cf37625abec039ef2bf521249b969'
[    0.637023] Loaded X.509 cert 'Canonical Ltd. Kernel Module Signing: 88f752e560a1e0737e31163a466ad7b70a850c19'
[    0.638606] blacklist: Loading compiled-in revocation X.509 certificates
[    0.639637] Loaded X.509 cert 'Canonical Ltd. Secure Boot Signing: 61482aa2830d0ab2ad5af10b7250da9033ddcef0'
[    0.641191] Loaded X.509 cert 'Canonical Ltd. Secure Boot Signing (2017): 242ade75ac4a15e50d50c84b0d45ff3eae707a03'
[    0.642761] Loaded X.509 cert 'Canonical Ltd. Secure Boot Signing (ESM 2018): 365188c1d374d6b07c3c8f240f8ef722433d6a8b'
[    0.644405] Loaded X.509 cert 'Canonical Ltd. Secure Boot Signing (2019): c0746fd6c5da3ae827864651ad66ae47fe24b3e8'
[    0.646017] Loaded X.509 cert 'Canonical Ltd. Secure Boot Signing (2021 v1): a8d54bbb3825cfb94fa13c9f8a594a195c107b8d'
[    0.647668] Loaded X.509 cert 'Canonical Ltd. Secure Boot Signing (2021 v2): 4cf046892d6fd3c9a5b03f98d845f90851dc6a8c'
[    0.651260] Loaded X.509 cert 'Canonical Ltd. Secure Boot Signing (2021 v3): 100437bb6de6e469b581e61cd66bce3ef4ed53af'
[    0.652867] Loaded X.509 cert 'Canonical Ltd. Secure Boot Signing (Ubuntu Core 2019): c1d57b8f6b743f23ee41f4f7ee292f06eecadfb9'
[    0.654602] zswap: loaded using pool lzo/zbud
[    0.658312] Key type big_key registered
[    0.658936] Key type trusted registered
[    0.660869] Key type encrypted registered
[    0.661561] AppArmor: AppArmor sha1 policy hashing enabled
[    0.662404] ima: No TPM chip found, activating TPM-bypass! (rc=-19)
[    0.663342] ima: Allocated hash algorithm: sha1
[    0.664148] evm: HMAC attrs: 0x1
[    0.664899]   Magic number: 11:832:400
[    0.665641] rtc_cmos rtc_cmos: setting system clock to 2023-06-09 22:23:01 UTC (1686349381)
[    0.667112] BIOS EDD facility v0.16 2004-Jun-25, 0 devices found
[    0.668073] EDD information not available.
[    0.800374] Freeing unused kernel image memory: 2480K
[    0.816904] Write protecting the kernel read-only data: 20480k
[    0.825322] Freeing unused kernel image memory: 2008K
[    0.832415] Freeing unused kernel image memory: 1820K
[    0.883120] x86/mm: Checked W+X mappings: passed, no W+X pages found.
[    0.889913] x86/mm: Checking user space page tables
[    0.918182] x86/mm: Checked W+X mappings: passed, no W+X pages found.
Loading, please wait...
starting version 237
[    0.990155] e1000: Intel(R) PRO/1000 Network Driver - version 7.3.21-k8-NAPI
[    0.991231] e1000: Copyright (c) 1999-2006 Intel Corporation.
[    0.995642] Fusion MPT base driver 3.04.20
[    0.996352] Copyright (c) 1999-2008 LSI Corporation
[    1.010994] Fusion MPT SPI Host driver 3.04.20
[    1.015660] AVX2 version of gcm_enc/dec engaged.
[    1.016490] AES CTR mode by8 optimization enabled
[    1.045456] vboxvideo: loading out-of-tree module taints kernel.
[    1.046408] vboxvideo: module verification failed: signature and/or required key missing - tainting kernel
[    1.049132] vboxvideo: loading version 7.0.8 r156879
[    1.203291] input: ImExPS/2 Generic Explorer Mouse as /devices/platform/i8042/serio1/input/input4
[    1.401223] e1000 0000:00:03.0 eth0: (PCI:33MHz:32-bit) 02:3e:6f:b6:28:d7
[    1.402283] e1000 0000:00:03.0 eth0: Intel(R) PRO/1000 Network Connection
[    1.773170] e1000 0000:00:08.0 eth1: (PCI:33MHz:32-bit) 08:00:27:65:ed:94
[    1.774198] e1000 0000:00:08.0 eth1: Intel(R) PRO/1000 Network Connection
[    1.776278] e1000 0000:00:03.0 enp0s3: renamed from eth0
[    1.780226] mptbase: ioc0: Initiating bringup
[    1.804584] e1000 0000:00:08.0 enp0s8: renamed from eth1
[    1.896456] ioc0: LSI53C1030 A0: Capabilities={Initiator}
[    2.137854] scsi host2: ioc0: LSI53C1030 A0, FwRev=00000000h, Ports=1, MaxQ=256, IRQ=20
[    2.305310] scsi 2:0:0:0: Direct-Access     VBOX     HARDDISK         1.0  PQ: 0 ANSI: 5
[    2.307700] [drm] VRAM 01000000
[    2.315975] [TTM] Zone  kernel: Available graphics memory: 2019562 kiB
[    2.319110] [TTM] Initializing pool allocator
[    2.321387] [TTM] Initializing DMA pool allocator
[    2.327764] fbcon: vboxdrmfb (fb0) is primary device
[    2.333577] Console: switching to colour frame buffer device 100x37
[    2.339075] vboxvideo 0000:00:02.0: fb0: vboxdrmfb frame buffer device
[    2.348430] [drm] Initialized vboxvideo 1.0.0 20130823 for 0000:00:02.0 on minor 0
[    2.356317] scsi target2:0:0: Beginning Domain Validation
[    2.362520] scsi target2:0:0: Domain Validation skipping write tests
[    2.364936] scsi target2:0:0: Ending Domain Validation
[    2.366592] scsi target2:0:0: asynchronous
[    2.369018] scsi 2:0:1:0: Direct-Access     VBOX     HARDDISK         1.0  PQ: 0 ANSI: 5
[    2.400266] scsi target2:0:1: Beginning Domain Validation
[    2.404821] scsi target2:0:1: Domain Validation skipping write tests
[    2.406310] scsi target2:0:1: Ending Domain Validation
[    2.407633] scsi target2:0:1: asynchronous
[    2.419999] sd 2:0:0:0: Attached scsi generic sg0 type 0
[    2.425862] sd 2:0:0:0: [sda] 83886080 512-byte logical blocks: (42.9 GB/40.0 GiB)
[    2.430715] sd 2:0:0:0: [sda] Write Protect is off
[    2.433455] sd 2:0:1:0: Attached scsi generic sg1 type 0
[    2.435301] sd 2:0:0:0: [sda] Incomplete mode parameter data
[    2.435351] sd 2:0:1:0: [sdb] 20480 512-byte logical blocks: (10.5 MB/10.0 MiB)
[    2.437030] sd 2:0:0:0: [sda] Assuming drive cache: write through
[    2.438853]  sda: sda1
[    2.449220] sd 2:0:1:0: [sdb] Write Protect is off
[    2.450260] sd 2:0:0:0: [sda] Attached SCSI disk
[    2.453048] sd 2:0:1:0: [sdb] Incomplete mode parameter data
[    2.454924] sd 2:0:1:0: [sdb] Assuming drive cache: write through
[    2.460745] sd 2:0:1:0: [sdb] Attached SCSI disk
Begin: Loading essential drivers ... [    2.688205] raid6: sse2x1   gen() 13361 MB/s
[    2.736216] raid6: sse2x1   xor()  9758 MB/s
[    2.784210] raid6: sse2x2   gen() 16729 MB/s
[    2.832190] raid6: sse2x2   xor() 11370 MB/s
[    2.880206] raid6: sse2x4   gen() 18829 MB/s
[    2.928208] raid6: sse2x4   xor() 11777 MB/s
[    2.976169] raid6: avx2x1   gen() 26116 MB/s
[    3.024197] raid6: avx2x1   xor() 18365 MB/s
[    3.072184] raid6: avx2x2   gen() 30484 MB/s
[    3.120192] raid6: avx2x2   xor() 19853 MB/s
[    3.176194] raid6: avx2x4   gen() 32240 MB/s
[    3.224199] raid6: avx2x4   xor() 22731 MB/s
[    3.224898] raid6: using algorithm avx2x4 gen() 32240 MB/s
[    3.225644] raid6: .... xor() 22731 MB/s, rmw enabled
[    3.226387] raid6: using avx2x2 recovery algorithm
[    3.228447] xor: automatically using best checksumming function   avx       
[    3.230047] async_tx: api initialized (async)
done.
Begin: Running /scripts/init-premount ... done.
Begin: Mounting root file system ... Begin: Running /scripts/local-top ... done.
Begin: Running /scripts/local-premount ... [    3.269625] Btrfs loaded, crc32c=crc32c-intel
Scanning for Btrfs filesystems
done.
Begin: Will now check root file system ... fsck from util-linux 2.31.1
[/sbin/fsck.ext4 (1) -- /dev/sda1] fsck.ext4 -a -C0 /dev/sda1 
cloudimg-rootfs: clean, 86027/5120000 files, 1150148/10485499 blocks
done.
[    3.303097] EXT4-fs (sda1): mounted filesystem with ordered data mode. Opts: (null)
done.
Begin: Running /scripts/local-bottom ... done.
Begin: Running /scripts/init-bottom ... done.
[    3.470349] ip_tables: (C) 2000-2006 Netfilter Core Team
[    3.486122] systemd[1]: systemd 237 running in system mode. (+PAM +AUDIT +SELINUX +IMA +APPARMOR +SMACK +SYSVINIT +UTMP +LIBCRYPTSETUP +GCRYPT +GNUTLS +ACL +XZ +LZ4 +SECCOMP +BLKID +ELFUTILS +KMOD -IDN2 +IDN -PCRE2 default-hierarchy=hybrid)
[    3.492339] systemd[1]: Detected virtualization oracle.
[    3.494193] systemd[1]: Detected architecture x86-64.

Welcome to [1mUbuntu 18.04.6 LTS[0m!

[    3.502624] systemd[1]: Set hostname to <ubuntu-bionic>.
[    3.729806] systemd[1]: Created slice User and Session Slice.
[[0;32m  OK  [0m] Created slice User and Session Slice.
[    3.731568] systemd[1]: Reached target User and Group Name Lookups.
[[0;32m  OK  [0m] Reached target User and Group Name Lookups.
[    3.733009] systemd[1]: Started Forward Password Requests to Wall Directory Watch.
[[0;32m  OK  [0m] Started Forward Password Requests to Wall Directory Watch.
[    3.734478] systemd[1]: Reached target Mounting snaps.
[[0;32m  OK  [0m] Reached target Mounting snaps.
[    3.735596] systemd[1]: Reached target Mounted snaps.
[[0;32m  OK  [0m] Reached target Mounted snaps.
[    3.737016] systemd[1]: Created slice System Slice.
[[0;32m  OK  [0m] Created slice System Slice.
[[0;32m  OK  [0m] Listening on Journal Socket (/dev/log).
[[0;32m  OK  [0m] Listening on LVM2 metadata daemon socket.
[[0;32m  OK  [0m] Listening on Journal Socket.
         Mounting POSIX Message Queue File System...
         Starting Set the console keyboard layout...
[[0;32m  OK  [0m] Listening on /dev/initctl Compatibility Named Pipe.
         Starting Uncomplicated firewall...
         Starting Create list of required stâ€¦ce nodes for the current kernel...
         Mounting Kernel Debug File System...
[[0;32m  OK  [0m] Reached target System Time Synchronized.
[[0;32m  OK  [0m] Listening on Device-mapper event daemon FIFOs.
         Starting Monitoring of LVM2 mirrorsâ€¦ng dmeventd or progress polling...
[[0;32m  OK  [0m] Listening on fsck to fsckd communication Socket.
         Starting Remount Root and Kernel File Systems...
[[0;32m  OK  [0m] Reached target Slices.
[[0;32m  OK  [0m] Set up automount Arbitrary Executabâ€¦rmats File System Automount Point.
[    3.816956] EXT4-fs (sda1): re-mounted. Opts: (null)
[[0;32m  OK  [0m] Created slice system-serial\x2dgetty.slice.
[[0;32m  OK  [0m] Listening on udev Kernel Socket.
         Starting Load Kernel Modules...
[[0;32m  OK  [0m] Listening on Syslog Socket.
[[0;32m  OK  [0m] Listening on Journal Audit Socket.
         Starting Journal Service...
         Mounting Huge Pages File System...
[[0;32m  OK  [0m] Listening on Network Service Netlink Socket.
[[0;32m  OK  [0m] Listening on udev Control Socket.
         Starting udev Coldplug all Devices...
[[0;32m  OK  [0m] Listening on LVM2 poll daemon socket.
[[0;32m  OK  [0m] Reached target Swap.
[[0;32m  OK  [0m] Mounted POSIX Message Queue File System.
[[0;32m  OK  [0m] Started Uncomplicated firewall.
[[0;32m  OK  [0m] Started Create list of required staâ€¦vice nodes for the current kernel.
[[0;32m  OK  [0m] Mounted Kernel Debug File System.
[[0;32m  OK  [0m] Started Remount Root and Kernel File Systems.
[[0;32m  OK  [0m] Mounted Huge Pages File System.
[    3.869730] Loading iSCSI transport class v2.0-870.
         Starting Load/Save Random Seed...
         Starting Create Static Device Nodes in /dev...
[[0;32m  OK  [0m] Started Journal Service.
[    3.914456] iscsi: registered transport (tcp)
[[0;32m  OK  [0m] Started Set the console keyboard layout.
[[0;32m  OK  [0m] Started LVM2 metadata daemon.
         Starting Flush Journal to Persistent Storage...
[[0;32m  OK  [0m] Started Load/Save Random Seed.
[[0;32m  OK  [0m] Started Create Static Device Nodes in /dev.
         Starting udev Kernel Device Manager...
[[0;32m  OK  [0m] Started udev Coldplug all Devices.
[    3.971193] iscsi: registered transport (iser)
[[0;32m  OK  [0m] Started Load Kernel Modules.
         Starting Apply Kernel Variables...
         Mounting Kernel Configuration File System...
         Mounting FUSE Control File System...
[[0;32m  OK  [0m] Mounted Kernel Configuration File System.
[[0;32m  OK  [0m] Mounted FUSE Control File System.
[    3.988337] systemd-journald[416]: Received request to flush runtime journal from PID 1
[[0;32m  OK  [0m] Started Monitoring of LVM2 mirrors,â€¦sing dmeventd or progress polling.
[[0;32m  OK  [0m] Reached target Local File Systems (Pre).
[[0;32m  OK  [0m] Reached target Local File Systems.
         Starting Set console font and keymap...
         Starting ebtables ruleset management...
         Starting Tell Plymouth To Write Out Runtime Data...
         Starting AppArmor initialization...
[[0;32m  OK  [0m] Started udev Kernel Device Manager.
[[0;32m  OK  [0m] Started Dispatch Password Requests to Console Directory Watch.
[[0;32m  OK  [0m] Reached target Local Encrypted Volumes.
[[0;32m  OK  [0m] Started Set console font and keymap.
[[0;32m  OK  [0m] Started Tell Plymouth To Write Out Runtime Data.
[[0;32m  OK  [0m] Started Apply Kernel Variables.
[[0;32m  OK  [0m] Started Flush Journal to Persistent Storage.
         Starting Create Volatile Files and Directories...
[[0;32m  OK  [0m] Started Create Volatile Files and Directories.
         Starting Update UTMP about System Boot/Shutdown...
[[0;32m  OK  [0m] Started Update UTMP about System Boot/Shutdown.
[[0;32m  OK  [0m] Started ebtables ruleset management.
[[0;32m  OK  [0m] Found device /dev/ttyS0.
[[0;32m  OK  [0m] Listening on Load/Save RF Kill Switch Status /dev/rfkill Watch.
[[0;32m  OK  [0m] Started AppArmor initialization.
         Starting Initial cloud-init job (pre-networking)...
         Starting Load AppArmor profiles managed internally by snapd...
         Mounting Arbitrary Executable File Formats File System...
[[0;32m  OK  [0m] Mounted Arbitrary Executable File Formats File System.
[[0;32m  OK  [0m] Started Load AppArmor profiles managed internally by snapd.
[    5.560985] cloud-init[547]: Cloud-init v. 23.1.2-0ubuntu0~18.04.1 running 'init-local' at Fri, 09 Jun 2023 22:23:06 +0000. Up 5.35 seconds.
[[0;32m  OK  [0m] Started Initial cloud-init job (pre-networking).
[[0;32m  OK  [0m] Reached target Network (Pre).
         Starting Network Service...
[[0;32m  OK  [0m] Started Network Service.
         Starting Wait for Network to be Configured...
         Starting Network Name Resolution...
[[0;32m  OK  [0m] Started Network Name Resolution.
[[0;32m  OK  [0m] Reached target Network.
[[0;32m  OK  [0m] Reached target Host and Network Name Lookups.
[[0;32m  OK  [0m] Started Wait for Network to be Configured.
         Starting Initial cloud-init job (metadata service crawler)...
[    7.522614] cloud-init[718]: Cloud-init v. 23.1.2-0ubuntu0~18.04.1 running 'init' at Fri, 09 Jun 2023 22:23:08 +0000. Up 7.33 seconds.
[    7.523735] cloud-init[718]: ci-info: ++++++++++++++++++++++++++++++++++++++Net device info+++++++++++++++++++++++++++++++++++++++
[    7.524784] cloud-init[718]: ci-info: +--------+-------+----------------------------+---------------+--------+-------------------+
[    7.525780] cloud-init[718]: ci-info: | Device |   Up  |          Address           |      Mask     | Scope  |     Hw-Address    |
[    7.526667] cloud-init[718]: ci-info: +--------+-------+----------------------------+---------------+--------+-------------------+
[    7.527559] cloud-init[718]: ci-info: | enp0s3 |  True |         10.0.2.15          | 255.255.255.0 | global | 02:3e:6f:b6:28:d7 |
[    7.528555] cloud-init[718]: ci-info: | enp0s3 |  True | fe80::3e:6fff:feb6:28d7/64 |       .       |  link  | 02:3e:6f:b6:28:d7 |
[    7.540325] cloud-init[718]: ci-info: | enp0s8 | False |             .              |       .       |   .    | 08:00:27:65:ed:94 |
[    7.541281] cloud-init[718]: ci-info: |   lo   |  True |         127.0.0.1          |   255.0.0.0   |  host  |         .         |
[    7.542303] cloud-init[718]: ci-info: |   lo   |  True |          ::1/128           |       .       |  host  |         .         |
[    7.543328] cloud-init[718]: ci-info: +--------+-------+----------------------------+---------------+--------+-------------------+
[    7.544365] cloud-init[718]: ci-info: ++++++++++++++++++++++++++++Route IPv4 info+++++++++++++++++++++++++++++
[    7.545255] cloud-init[718]: ci-info: +-------+-------------+----------+-----------------+-----------+-------+
[    7.546168] cloud-init[718]: ci-info: | Route | Destination | Gateway  |     Genmask     | Interface | Flags |
[    7.546921] cloud-init[718]: ci-info: +-------+-------------+----------+-----------------+-----------+-------+
[    7.547653] cloud-init[718]: ci-info: |   0   |   0.0.0.0   | 10.0.2.2 |     0.0.0.0     |   enp0s3  |   UG  |
[    7.548649] cloud-init[718]: ci-info: |   1   |   10.0.2.0  | 0.0.0.0  |  255.255.255.0  |   enp0s3  |   U   |
[    7.549583] cloud-init[718]: ci-info: |   2   |   10.0.2.2  | 0.0.0.0  | 255.255.255.255 |   enp0s3  |   UH  |
[    7.550974] cloud-init[718]: ci-info: +-------+-------------+----------+-----------------+-----------+-------+
[    7.551939] cloud-init[718]: ci-info: +++++++++++++++++++Route IPv6 info+++++++++++++++++++
[    7.552737] cloud-init[718]: ci-info: +-------+-------------+---------+-----------+-------+
[    7.553462] cloud-init[718]: ci-info: | Route | Destination | Gateway | Interface | Flags |
[    7.554245] cloud-init[718]: ci-info: +-------+-------------+---------+-----------+-------+
[    7.554996] cloud-init[718]: ci-info: |   1   |  fe80::/64  |    ::   |   enp0s3  |   U   |
[    7.555774] cloud-init[718]: ci-info: |   3   |    local    |    ::   |   enp0s3  |   U   |
[    7.556566] cloud-init[718]: ci-info: |   4   |   ff00::/8  |    ::   |   enp0s3  |   U   |
[    7.557284] cloud-init[718]: ci-info: +-------+-------------+---------+-----------+-------+
[[0;32m  OK  [0m] Started Initial cloud-init job (metadata service crawler).
[[0;32m  OK  [0m] Reached target System Initialization.
[[0;32m  OK  [0m] Listening on UUID daemon activation socket.
[[0;32m  OK  [0m] Started Ubuntu Advantage Timer for running repeated jobs.
[[0;32m  OK  [0m] Listening on ACPID Listen Socket.
         Starting Socket activation for snappy daemon.
[[0;32m  OK  [0m] Started Daily apt download activities.
         Starting LXD - unix socket.
[[0;32m  OK  [0m] Listening on cloud-init hotplug hook socket.
[[0;32m  OK  [0m] Started Daily Cleanup of Temporary Directories.
[[0;32m  OK  [0m] Started ACPI Events Check.
[[0;32m  OK  [0m] Reached target Paths.
[[0;32m  OK  [0m] Started Message of the Day.
[[0;32m  OK  [0m] Listening on D-Bus System Message Bus Socket.
[[0;32m  OK  [0m] Started Daily apt upgrade and clean activities.
[[0;32m  OK  [0m] Listening on Open-iSCSI iscsid Socket.
[[0;32m  OK  [0m] Started Discard unused blocks once a week.
[[0;32m  OK  [0m] Reached target Timers.
[[0;32m  OK  [0m] Reached target Cloud-config availability.
[[0;32m  OK  [0m] Reached target Network is Online.
[[0;32m  OK  [0m] Reached target Remote File Systems (Pre).
[[0;32m  OK  [0m] Reached target Remote File Systems.
         Starting Availability of block devices...
[[0;32m  OK  [0m] Listening on Socket activation for snappy daemon.
[[0;32m  OK  [0m] Listening on LXD - unix socket.
[[0;32m  OK  [0m] Reached target Sockets.
[[0;32m  OK  [0m] Reached target Basic System.
         Starting LSB: automatic crash report generation...
         Starting LXD - container startup/shutdown...
         Starting System Logging Service...
[[0;32m  OK  [0m] Started Regular background program processing daemon.
[[0;32m  OK  [0m] Started Deferred execution scheduler.
         Starting Dispatcher daemon for systemd-networkd...
         Starting vboxadd.service...
[[0;32m  OK  [0m] Started FUSE filesystem for LXC.
         Starting Login Service...
[[0;32m  OK  [0m] Reached target Login Prompts (Pre).
[[0;32m  OK  [0m] Started D-Bus System Message Bus.
         Starting Accounts Service...
         Starting Snap Daemon...
         Starting LSB: Record successful boot for GRUB...
         Starting Permit User Sessions...
[[0;32m  OK  [0m] Started irqbalance daemon.
         Starting OpenBSD Secure Shell server...
[[0;32m  OK  [0m] Started System Logging Service.
[[0;32m  OK  [0m] Started Availability of block devices.
[[0;32m  OK  [0m] Started LXD - container startup/shutdown.
[[0;32m  OK  [0m] Started Permit User Sessions.
[[0;32m  OK  [0m] Started Dispatcher daemon for systemd-networkd.
[[0;32m  OK  [0m] Started Login Service.
[[0;32m  OK  [0m] Started vboxadd.service.
         Starting vboxadd-service.service...
         Starting Authorization Manager...
[[0;32m  OK  [0m] Started Unattended Upgrades Shutdown.
         Starting Terminate Plymouth Boot Screen...
         Starting Hold until boot process finishes up...
[[0;32m  OK  [0m] Started Hold until boot process finishes up.
         Starting Set console scheme...
[[0;32m  OK  [0m] Started Serial Getty on ttyS0.
[[0;32m  OK  [0m] Started Terminate Plymouth Boot Screen.
[[0;32m  OK  [0m] Started Authorization Manager.
[[0;32m  OK  [0m] Started Accounts Service.
[[0;32m  OK  [0m] Started Set console scheme.
[[0;32m  OK  [0m] Created slice system-getty.slice.
[[0;32m  OK  [0m] Started Getty on tty1.
[[0;32m  OK  [0m] Reached target Login Prompts.
[[0;32m  OK  [0m] Started LSB: automatic crash report generation.
[[0;32m  OK  [0m] Started LSB: Record successful boot for GRUB.
[[0;32m  OK  [0m] Started OpenBSD Secure Shell server.
[[0;32m  OK  [0m] Started vboxadd-service.service.
[[0;32m  OK  [0m] Started Snap Daemon.
         Starting Wait until snapd is fully seeded...
         Starting Time & Date Service...
[[0;32m  OK  [0m] Started Time & Date Service.
[[0;32m  OK  [0m] Started Wait until snapd is fully seeded.
         Starting Apply the settings specified in cloud-config...
[    9.343076] cloud-init[1261]: Cloud-init v. 23.1.2-0ubuntu0~18.04.1 running 'modules:config' at Fri, 09 Jun 2023 22:23:10 +0000. Up 9.21 seconds.
[[0;32m  OK  [0m] Started Apply the settings specified in cloud-config.
[[0;32m  OK  [0m] Reached target Multi-User System.
         Starting Execute cloud user/final scripts...
[[0;32m  OK  [0m] Reached target Graphical Interface.
         Starting Update UTMP about System Runlevel Changes...
[[0;32m  OK  [0m] Started Update UTMP about System Runlevel Changes.
[   10.045152] cloud-init[1304]: Cloud-init v. 23.1.2-0ubuntu0~18.04.1 running 'modules:final' at Fri, 09 Jun 2023 22:23:10 +0000. Up 9.88 seconds.
[   10.046144] cloud-init[1304]: Cloud-init v. 23.1.2-0ubuntu0~18.04.1 finished at Fri, 09 Jun 2023 22:23:10 +0000. Datasource DataSourceNoCloud [seed=/dev/sdb][dsmode=net].  Up 10.03 seconds
[[0;32m  OK  [0m] Started Execute cloud user/final scripts.
[[0;32m  OK  [0m] Reached target Cloud-init target.

Ubuntu 18.04.6 LTS ubuntu-bionic ttyS0

ubuntu-bionic login: 