[    0.000000] Linux version 4.15.0-210-generic (buildd@lcy02-amd64-056) (gcc version 7.5.0 (Ubuntu 7.5.0-3ubuntu1~18.04)) #221-Ubuntu SMP Tue Apr 18 08:32:52 UTC 2023 (Ubuntu 4.15.0-210.221-generic 4.15.18)
[    0.000000] Command line: BOOT_IMAGE=/boot/vmlinuz-4.15.0-210-generic root=LABEL=cloudimg-rootfs ro console=tty1 console=ttyS0
[    0.000000] KERNEL supported cpus:
[    0.000000]   Intel GenuineIntel
[    0.000000]   AMD AuthenticAMD
[    0.000000]   Centaur CentaurHauls
[    0.000000] x86/fpu: Supporting XSAVE feature 0x001: 'x87 floating point registers'
[    0.000000] x86/fpu: Supporting XSAVE feature 0x002: 'SSE registers'
[    0.000000] x86/fpu: Supporting XSAVE feature 0x004: 'AVX registers'
[    0.000000] x86/fpu: xstate_offset[2]:  576, xstate_sizes[2]:  256
[    0.000000] x86/fpu: Enabled xstate features 0x7, context size is 832 bytes, using 'standard' format.
[    0.000000] e820: BIOS-provided physical RAM map:
[    0.000000] BIOS-e820: [mem 0x0000000000000000-0x000000000009fbff] usable
[    0.000000] BIOS-e820: [mem 0x000000000009fc00-0x000000000009ffff] reserved
[    0.000000] BIOS-e820: [mem 0x00000000000f0000-0x00000000000fffff] reserved
[    0.000000] BIOS-e820: [mem 0x0000000000100000-0x000000003ffeffff] usable
[    0.000000] BIOS-e820: [mem 0x000000003fff0000-0x000000003fffffff] ACPI data
[    0.000000] BIOS-e820: [mem 0x00000000fec00000-0x00000000fec00fff] reserved
[    0.000000] BIOS-e820: [mem 0x00000000fee00000-0x00000000fee00fff] reserved
[    0.000000] BIOS-e820: [mem 0x00000000fffc0000-0x00000000ffffffff] reserved
[    0.000000] NX (Execute Disable) protection: active
[    0.000000] SMBIOS 2.5 present.
[    0.000000] DMI: innotek GmbH VirtualBox/VirtualBox, BIOS VirtualBox 12/01/2006
[    0.000000] Hypervisor detected: KVM
[    0.000000] e820: last_pfn = 0x3fff0 max_arch_pfn = 0x400000000
[    0.000000] MTRR: Disabled
[    0.000000] x86/PAT: MTRRs disabled, skipping PAT initialization too.
[    0.000000] CPU MTRRs all blank - virtualized system.
[    0.000000] x86/PAT: Configuration [0-7]: WB  WT  UC- UC  WB  WT  UC- UC  
[    0.000000] found SMP MP-table at [mem 0x0009fff0-0x0009ffff]
[    0.000000] Scanning 1 areas for low memory corruption
[    0.000000] RAMDISK: [mem 0x3580d000-0x36bfdfff]
[    0.000000] ACPI: Early table checksum verification disabled
[    0.000000] ACPI: RSDP 0x00000000000E0000 000024 (v02 VBOX  )
[    0.000000] ACPI: XSDT 0x000000003FFF0030 00003C (v01 VBOX   VBOXXSDT 00000001 ASL  00000061)
[    0.000000] ACPI: FACP 0x000000003FFF00F0 0000F4 (v04 VBOX   VBOXFACP 00000001 ASL  00000061)
[    0.000000] ACPI: DSDT 0x000000003FFF0610 002353 (v02 VBOX   VBOXBIOS 00000002 INTL 20200925)
[    0.000000] ACPI: FACS 0x000000003FFF0200 000040
[    0.000000] ACPI: FACS 0x000000003FFF0200 000040
[    0.000000] ACPI: APIC 0x000000003FFF0240 00005C (v02 VBOX   VBOXAPIC 00000001 ASL  00000061)
[    0.000000] ACPI: SSDT 0x000000003FFF02A0 00036C (v01 VBOX   VBOXCPUT 00000002 INTL 20200925)
[    0.000000] ACPI: Reserving FACP table memory at [mem 0x3fff00f0-0x3fff01e3]
[    0.000000] ACPI: Reserving DSDT table memory at [mem 0x3fff0610-0x3fff2962]
[    0.000000] ACPI: Reserving FACS table memory at [mem 0x3fff0200-0x3fff023f]
[    0.000000] ACPI: Reserving FACS table memory at [mem 0x3fff0200-0x3fff023f]
[    0.000000] ACPI: Reserving APIC table memory at [mem 0x3fff0240-0x3fff029b]
[    0.000000] ACPI: Reserving SSDT table memory at [mem 0x3fff02a0-0x3fff060b]
[    0.000000] No NUMA configuration found
[    0.000000] Faking a node at [mem 0x0000000000000000-0x000000003ffeffff]
[    0.000000] NODE_DATA(0) allocated [mem 0x3ffc5000-0x3ffeffff]
[    0.000000] kvm-clock: cpu 0, msr 0:3ff44001, primary cpu clock
[    0.000000] kvm-clock: Using msrs 4b564d01 and 4b564d00
[    0.000000] kvm-clock: using sched offset of 2930127835 cycles
[    0.000000] clocksource: kvm-clock: mask: 0xffffffffffffffff max_cycles: 0x1cd42e4dffb, max_idle_ns: 881590591483 ns
[    0.000000] Zone ranges:
[    0.000000]   DMA      [mem 0x0000000000001000-0x0000000000ffffff]
[    0.000000]   DMA32    [mem 0x0000000001000000-0x000000003ffeffff]
[    0.000000]   Normal   empty
[    0.000000]   Device   empty
[    0.000000] Movable zone start for each node
[    0.000000] Early memory node ranges
[    0.000000]   node   0: [mem 0x0000000000001000-0x000000000009efff]
[    0.000000]   node   0: [mem 0x0000000000100000-0x000000003ffeffff]
[    0.000000] Reserved but unavailable: 104 pages
[    0.000000] Initmem setup node 0 [mem 0x0000000000001000-0x000000003ffeffff]
[    0.000000] ACPI: PM-Timer IO Port: 0x4008
[    0.000000] IOAPIC[0]: apic_id 2, version 32, address 0xfec00000, GSI 0-23
[    0.000000] ACPI: INT_SRC_OVR (bus 0 bus_irq 0 global_irq 2 dfl dfl)
[    0.000000] ACPI: INT_SRC_OVR (bus 0 bus_irq 9 global_irq 9 low level)
[    0.000000] Using ACPI (MADT) for SMP configuration information
[    0.000000] smpboot: Allowing 2 CPUs, 0 hotplug CPUs
[    0.000000] PM: Registered nosave memory: [mem 0x00000000-0x00000fff]
[    0.000000] PM: Registered nosave memory: [mem 0x0009f000-0x0009ffff]
[    0.000000] PM: Registered nosave memory: [mem 0x000a0000-0x000effff]
[    0.000000] PM: Registered nosave memory: [mem 0x000f0000-0x000fffff]
[    0.000000] e820: [mem 0x40000000-0xfebfffff] available for PCI devices
[    0.000000] Booting paravirtualized kernel on KVM
[    0.000000] clocksource: refined-jiffies: mask: 0xffffffff max_cycles: 0xffffffff, max_idle_ns: 7645519600211568 ns
[    0.000000] setup_percpu: NR_CPUS:8192 nr_cpumask_bits:2 nr_cpu_ids:2 nr_node_ids:1
[    0.000000] percpu: Embedded 50 pages/cpu s167936 r8192 d28672 u1048576
[    0.000000] PV qspinlock hash table entries: 256 (order: 0, 4096 bytes)
[    0.000000] Built 1 zonelists, mobility grouping on.  Total pages: 257913
[    0.000000] Policy zone: DMA32
[    0.000000] Kernel command line: BOOT_IMAGE=/boot/vmlinuz-4.15.0-210-generic root=LABEL=cloudimg-rootfs ro console=tty1 console=ttyS0
[    0.000000] Memory: 981752K/1048120K available (12300K kernel code, 2477K rwdata, 4324K rodata, 2480K init, 2720K bss, 66368K reserved, 0K cma-reserved)
[    0.000000] SLUB: HWalign=64, Order=0-3, MinObjects=0, CPUs=2, Nodes=1
[    0.000000] Kernel/User page tables isolation: enabled
[    0.000000] ftrace: allocating 39506 entries in 155 pages
[    0.004000] Hierarchical RCU implementation.
[    0.004000] 	RCU restricting CPUs from NR_CPUS=8192 to nr_cpu_ids=2.
[    0.004000] 	Tasks RCU enabled.
[    0.004000] RCU: Adjusting geometry for rcu_fanout_leaf=16, nr_cpu_ids=2
[    0.004000] NR_IRQS: 524544, nr_irqs: 440, preallocated irqs: 16
[    0.004000] random: crng init done
[    0.004000] Console: colour VGA+ 80x25
[    0.004000] console [tty1] enabled
[    0.004000] console [ttyS0] enabled
[    0.004000] ACPI: Core revision 20170831
[    0.004000] ACPI: 2 ACPI AML tables successfully acquired and loaded
[    0.004000] APIC: Switch to symmetric I/O mode setup
[    0.004000] x2apic enabled
[    0.004000] Switched APIC routing to physical x2apic.
[    0.004000] ..TIMER: vector=0x30 apic1=0 pin1=2 apic2=-1 pin2=-1
[    0.004000] tsc: Detected 3000.000 MHz processor
[    0.004000] Calibrating delay loop (skipped) preset value.. 6000.00 BogoMIPS (lpj=12000000)
[    0.004000] pid_max: default: 32768 minimum: 301
[    0.004000] Security Framework initialized
[    0.004000] Yama: becoming mindful.
[    0.004000] AppArmor: AppArmor initialized
[    0.004000] Dentry cache hash table entries: 131072 (order: 8, 1048576 bytes)
[    0.004000] Inode-cache hash table entries: 65536 (order: 7, 524288 bytes)
[    0.004000] Mount-cache hash table entries: 2048 (order: 2, 16384 bytes)
[    0.004000] Mountpoint-cache hash table entries: 2048 (order: 2, 16384 bytes)
[    0.004000] Last level iTLB entries: 4KB 128, 2MB 8, 4MB 8
[    0.004000] Last level dTLB entries: 4KB 64, 2MB 0, 4MB 0, 1GB 4
[    0.004000] Spectre V1 : Mitigation: usercopy/swapgs barriers and __user pointer sanitization
[    0.004000] Spectre V2 : Mitigation: Retpolines
[    0.004000] Spectre V2 : Spectre v2 / SpectreRSB mitigation: Filling RSB on context switch
[    0.004000] Spectre V2 : Spectre v2 / SpectreRSB : Filling RSB on VMEXIT
[    0.004000] RETBleed: WARNING: Spectre v2 mitigation leaves CPU vulnerable to RETBleed attacks, data leaks possible!
[    0.004000] RETBleed: Vulnerable
[    0.004000] Speculative Store Bypass: Vulnerable
[    0.004000] MDS: Mitigation: Clear CPU buffers
[    0.004000] MMIO Stale Data: Mitigation: Clear CPU buffers
[    0.004000] SRBDS: Unknown: Dependent on hypervisor status
[    0.004000] Freeing SMP alternatives memory: 36K
[    0.120273] APIC calibration not consistent with PM-Timer: 108ms instead of 100ms
[    0.121512] APIC delta adjusted to PM-Timer: 6480717 (7017365)
[    0.122462] smpboot: CPU0: Intel(R) Core(TM) i5-9500 CPU @ 3.00GHz (family: 0x6, model: 0x9e, stepping: 0xa)
[    0.124000] Performance Events: unsupported p6 CPU model 158 no PMU driver, software events only.
[    0.124000] Hierarchical SRCU implementation.
[    0.124000] NMI watchdog: Perf event create on CPU 0 failed with -2
[    0.124001] NMI watchdog: Perf NMI watchdog permanently disabled
[    0.124963] smp: Bringing up secondary CPUs ...
[    0.125733] x86: Booting SMP configuration:
[    0.126415] .... node  #0, CPUs:      #1
[    0.004000] kvm-clock: cpu 1, msr 0:3ff44041, secondary cpu clock
[    0.130328] smp: Brought up 1 node, 2 CPUs
[    0.130328] smpboot: Max logical packages: 1
[    0.130328] smpboot: Total of 2 processors activated (12000.00 BogoMIPS)
[    0.132089] devtmpfs: initialized
[    0.132990] x86/mm: Memory block size: 128MB
[    0.133848] evm: security.selinux
[    0.134406] evm: security.SMACK64
[    0.134969] evm: security.SMACK64EXEC
[    0.136002] evm: security.SMACK64TRANSMUTE
[    0.136704] evm: security.SMACK64MMAP
[    0.137298] evm: security.apparmor
[    0.137905] evm: security.ima
[    0.138455] evm: security.capability
[    0.140064] clocksource: jiffies: mask: 0xffffffff max_cycles: 0xffffffff, max_idle_ns: 7645041785100000 ns
[    0.141515] futex hash table entries: 512 (order: 3, 32768 bytes)
[    0.142474] pinctrl core: initialized pinctrl subsystem
[    0.143475] RTC time:  1:22:15, date: 05/27/23
[    0.144095] NET: Registered protocol family 16
[    0.144925] audit: initializing netlink subsys (disabled)
[    0.145798] audit: type=2000 audit(1685150539.787:1): state=initialized audit_enabled=0 res=1
[    0.145798] cpuidle: using governor ladder
[    0.145798] cpuidle: using governor menu
[    0.148030] ACPI: bus type PCI registered
[    0.148714] acpiphp: ACPI Hot Plug PCI Controller Driver version: 0.5
[    0.149766] PCI: Using configuration type 1 for base access
[    0.152033] HugeTLB registered 2.00 MiB page size, pre-allocated 0 pages
[    0.153057] ACPI: Added _OSI(Module Device)
[    0.153057] ACPI: Added _OSI(Processor Device)
[    0.153505] ACPI: Added _OSI(3.0 _SCP Extensions)
[    0.154241] ACPI: Added _OSI(Processor Aggregator Device)
[    0.156002] ACPI: Added _OSI(Linux-Dell-Video)
[    0.156738] ACPI: Added _OSI(Linux-Lenovo-NV-HDMI-Audio)
[    0.157603] ACPI: Added _OSI(Linux-HPI-Hybrid-Graphics)
[    0.158666] ACPI: Executed 1 blocks of module-level executable AML code
[    0.163205] ACPI: Interpreter enabled
[    0.163887] ACPI: (supports S0 S5)
[    0.164002] ACPI: Using IOAPIC for interrupt routing
[    0.165049] PCI: Using host bridge windows from ACPI; if necessary, use "pci=nocrs" and report a bug
[    0.166577] ACPI: Enabled 2 GPEs in block 00 to 07
[    0.173008] ACPI: PCI Root Bridge [PCI0] (domain 0000 [bus 00-ff])
[    0.173978] acpi PNP0A03:00: _OSC: OS supports [ASPM ClockPM Segments MSI]
[    0.175531] acpi PNP0A03:00: _OSC: not requesting OS control; OS requires [ExtendedConfig ASPM ClockPM MSI]
[    0.176010] acpi PNP0A03:00: fail to add MMCONFIG information, can't access extended PCI configuration space under this bridge.
[    0.178038] PCI host bridge to bus 0000:00
[    0.180002] pci_bus 0000:00: root bus resource [io  0x0000-0x0cf7 window]
[    0.180989] pci_bus 0000:00: root bus resource [io  0x0d00-0xffff window]
[    0.182009] pci_bus 0000:00: root bus resource [mem 0x000a0000-0x000bffff window]
[    0.183168] pci_bus 0000:00: root bus resource [mem 0x40000000-0xfdffffff window]
[    0.184002] pci_bus 0000:00: root bus resource [bus 00-ff]
[    0.186250] pci 0000:00:01.1: legacy IDE quirk: reg 0x10: [io  0x01f0-0x01f7]
[    0.187332] pci 0000:00:01.1: legacy IDE quirk: reg 0x14: [io  0x03f6]
[    0.188002] pci 0000:00:01.1: legacy IDE quirk: reg 0x18: [io  0x0170-0x0177]
[    0.189047] pci 0000:00:01.1: legacy IDE quirk: reg 0x1c: [io  0x0376]
[    0.199666] pci 0000:00:07.0: quirk: [io  0x4000-0x403f] claimed by PIIX4 ACPI
[    0.200011] pci 0000:00:07.0: quirk: [io  0x4100-0x410f] claimed by PIIX4 SMB
[    0.205498] ACPI: PCI Interrupt Link [LNKA] (IRQs 5 9 10 *11)
[    0.206759] ACPI: PCI Interrupt Link [LNKB] (IRQs 5 9 *10 11)
[    0.207716] ACPI: PCI Interrupt Link [LNKC] (IRQs 5 *9 10 11)
[    0.208111] ACPI: PCI Interrupt Link [LNKD] (IRQs 5 9 10 *11)
[    0.209216] SCSI subsystem initialized
[    0.209892] pci 0000:00:02.0: vgaarb: setting as boot VGA device
[    0.209892] pci 0000:00:02.0: vgaarb: VGA device added: decodes=io+mem,owns=io+mem,locks=none
[    0.212007] pci 0000:00:02.0: vgaarb: bridge control possible
[    0.212919] vgaarb: loaded
[    0.213457] ACPI: bus type USB registered
[    0.214144] usbcore: registered new interface driver usbfs
[    0.214990] usbcore: registered new interface driver hub
[    0.216012] usbcore: registered new device driver usb
[    0.216856] EDAC MC: Ver: 3.0.0
[    0.217720] PCI: Using ACPI for IRQ routing
[    0.220058] NetLabel: Initializing
[    0.220665] NetLabel:  domain hash size = 128
[    0.221381] NetLabel:  protocols = UNLABELED CIPSOv4 CALIPSO
[    0.222288] NetLabel:  unlabeled traffic allowed by default
[    0.223184] clocksource: Switched to clocksource kvm-clock
[    0.228167] VFS: Disk quotas dquot_6.6.0
[    0.228167] VFS: Dquot-cache hash table entries: 512 (order 0, 4096 bytes)
[    0.228167] AppArmor: AppArmor Filesystem Enabled
[    0.228167] pnp: PnP ACPI init
[    0.228167] pnp: PnP ACPI: found 3 devices
[    0.240505] clocksource: acpi_pm: mask: 0xffffff max_cycles: 0xffffff, max_idle_ns: 2085701024 ns
[    0.241909] NET: Registered protocol family 2
[    0.242656] IP idents hash table entries: 16384 (order: 5, 131072 bytes)
[    0.243919] TCP established hash table entries: 8192 (order: 4, 65536 bytes)
[    0.245039] TCP bind hash table entries: 8192 (order: 5, 131072 bytes)
[    0.246049] TCP: Hash tables configured (established 8192 bind 8192)
[    0.247044] UDP hash table entries: 512 (order: 2, 16384 bytes)
[    0.247955] UDP-Lite hash table entries: 512 (order: 2, 16384 bytes)
[    0.248943] NET: Registered protocol family 1
[    0.249646] pci 0000:00:00.0: Limiting direct PCI/PCI transfers
[    0.250561] pci 0000:00:01.0: Activating ISA DMA hang workarounds
[    0.251499] pci 0000:00:02.0: Video device with shadowed ROM at [mem 0x000c0000-0x000dffff]
[    0.252888] Unpacking initramfs...
[    0.252921] Freeing initrd memory: 20420K
[    0.252921] clocksource: tsc: mask: 0xffffffffffffffff max_cycles: 0x2b3e459bf4c, max_idle_ns: 440795289890 ns
[    0.252921] platform rtc_cmos: registered platform RTC device (no PNP device found)
[    0.252921] Scanning for low memory corruption every 60 seconds
[    0.484771] Initialise system trusted keyrings
[    0.485536] Key type blacklist registered
[    0.486233] workingset: timestamp_bits=36 max_order=18 bucket_order=0
[    0.488102] zbud: loaded
[    0.489048] squashfs: version 4.0 (2009/01/31) Phillip Lougher
[    0.490113] fuse init (API version 7.26)
[    0.491984] Key type asymmetric registered
[    0.492679] Asymmetric key parser 'x509' registered
[    0.493493] Block layer SCSI generic (bsg) driver version 0.4 loaded (major 246)
[    0.494831] io scheduler noop registered
[    0.495514] io scheduler deadline registered
[    0.496258] io scheduler cfq registered (default)
[    0.497263] ACPI: AC Adapter [AC] (on-line)
[    0.498022] input: Power Button as /devices/LNXSYSTM:00/LNXPWRBN:00/input/input0
[    0.499352] ACPI: Power Button [PWRF]
[    0.500055] input: Sleep Button as /devices/LNXSYSTM:00/LNXSLPBN:00/input/input1
[    0.501285] ACPI: Sleep Button [SLPF]
[    0.502136] Serial: 8250/16550 driver, 32 ports, IRQ sharing enabled
[    0.523658] 00:02: ttyS0 at I/O 0x3f8 (irq = 4, base_baud = 115200) is a 16550A
[    0.526735] Linux agpgart interface v0.103
[    0.528498] loop: module loaded
[    0.529490] scsi host0: ata_piix
[    0.530149] scsi host1: ata_piix
[    0.530719] ata1: PATA max UDMA/33 cmd 0x1f0 ctl 0x3f6 bmdma 0xd000 irq 14
[    0.531765] ata2: PATA max UDMA/33 cmd 0x170 ctl 0x376 bmdma 0xd008 irq 15
[    0.532834] tun: Universal TUN/TAP device driver, 1.6
[    0.533696] PPP generic driver version 2.4.2
[    0.534460] ehci_hcd: USB 2.0 'Enhanced' Host Controller (EHCI) Driver
[    0.535428] ehci-pci: EHCI PCI platform driver
[    0.536187] ehci-platform: EHCI generic platform driver
[    0.536991] ohci_hcd: USB 1.1 'Open' Host Controller (OHCI) Driver
[    0.537905] ohci-pci: OHCI PCI platform driver
[    0.538602] ohci-platform: OHCI generic platform driver
[    0.539418] uhci_hcd: USB Universal Host Controller Interface driver
[    0.540399] i8042: PNP: PS/2 Controller [PNP0303:PS2K,PNP0f03:PS2M] at 0x60,0x64 irq 1,12
[    0.542134] serio: i8042 KBD port at 0x60,0x64 irq 1
[    0.542972] serio: i8042 AUX port at 0x60,0x64 irq 12
[    0.543899] mousedev: PS/2 mouse device common for all mice
[    0.545156] input: AT Translated Set 2 keyboard as /devices/platform/i8042/serio0/input/input2
[    0.546562] rtc_cmos rtc_cmos: rtc core: registered rtc_cmos as rtc0
[    0.547729] rtc_cmos rtc_cmos: alarms up to one day, 114 bytes nvram
[    0.548728] i2c /dev entries driver
[    0.549393] device-mapper: uevent: version 1.0.3
[    0.550201] device-mapper: ioctl: 4.37.0-ioctl (2017-09-20) initialised: dm-devel@redhat.com
[    0.551520] ledtrig-cpu: registered to indicate activity on CPUs
[    0.552703] NET: Registered protocol family 10
[    0.556213] Segment Routing with IPv6
[    0.556851] NET: Registered protocol family 17
[    0.557583] Key type dns_resolver registered
[    0.558421] mce: Using 0 MCE banks
[    0.559044] RAS: Correctable Errors collector initialized.
[    0.559918] sched_clock: Marking stable (558397530, 0)->(732781094, -174383564)
[    0.561358] registered taskstats version 1
[    0.562085] Loading compiled-in X.509 certificates
[    0.564677] Loaded X.509 cert 'Build time autogenerated kernel key: 53bf99db7da04c05fe17f7beec9ce15c83db2223'
[    0.566628] Loaded X.509 cert 'Canonical Ltd. Live Patch Signing: 14df34d1a87cf37625abec039ef2bf521249b969'
[    0.568544] Loaded X.509 cert 'Canonical Ltd. Kernel Module Signing: 88f752e560a1e0737e31163a466ad7b70a850c19'
[    0.570094] blacklist: Loading compiled-in revocation X.509 certificates
[    0.571137] Loaded X.509 cert 'Canonical Ltd. Secure Boot Signing: 61482aa2830d0ab2ad5af10b7250da9033ddcef0'
[    0.572688] Loaded X.509 cert 'Canonical Ltd. Secure Boot Signing (2017): 242ade75ac4a15e50d50c84b0d45ff3eae707a03'
[    0.574284] Loaded X.509 cert 'Canonical Ltd. Secure Boot Signing (ESM 2018): 365188c1d374d6b07c3c8f240f8ef722433d6a8b'
[    0.575870] Loaded X.509 cert 'Canonical Ltd. Secure Boot Signing (2019): c0746fd6c5da3ae827864651ad66ae47fe24b3e8'
[    0.577483] Loaded X.509 cert 'Canonical Ltd. Secure Boot Signing (2021 v1): a8d54bbb3825cfb94fa13c9f8a594a195c107b8d'
[    0.579102] Loaded X.509 cert 'Canonical Ltd. Secure Boot Signing (2021 v2): 4cf046892d6fd3c9a5b03f98d845f90851dc6a8c'
[    0.580689] Loaded X.509 cert 'Canonical Ltd. Secure Boot Signing (2021 v3): 100437bb6de6e469b581e61cd66bce3ef4ed53af'
[    0.582275] Loaded X.509 cert 'Canonical Ltd. Secure Boot Signing (Ubuntu Core 2019): c1d57b8f6b743f23ee41f4f7ee292f06eecadfb9'
[    0.584003] zswap: loaded using pool lzo/zbud
[    0.587260] Key type big_key registered
[    0.587948] Key type trusted registered
[    0.590051] Key type encrypted registered
[    0.590764] AppArmor: AppArmor sha1 policy hashing enabled
[    0.591609] ima: No TPM chip found, activating TPM-bypass! (rc=-19)
[    0.592598] ima: Allocated hash algorithm: sha1
[    0.593352] evm: HMAC attrs: 0x1
[    0.594028]   Magic number: 7:947:357
[    0.594722] rtc_cmos rtc_cmos: setting system clock to 2023-05-27 01:22:15 UTC (1685150535)
[    0.596184] BIOS EDD facility v0.16 2004-Jun-25, 0 devices found
[    0.597129] EDD information not available.
[    0.718612] Freeing unused kernel image memory: 2480K
[    0.884817] Write protecting the kernel read-only data: 20480k
[    0.886265] Freeing unused kernel image memory: 2008K
[    0.887295] Freeing unused kernel image memory: 1820K
[    0.896000] x86/mm: Checked W+X mappings: passed, no W+X pages found.
[    0.897036] x86/mm: Checking user space page tables
[    0.906062] x86/mm: Checked W+X mappings: passed, no W+X pages found.
Loading, please wait...
starting version 237
[    0.963019] e1000: Intel(R) PRO/1000 Network Driver - version 7.3.21-k8-NAPI
[    0.964116] e1000: Copyright (c) 1999-2006 Intel Corporation.
[    0.973477] Fusion MPT base driver 3.04.20
[    0.974204] Copyright (c) 1999-2008 LSI Corporation
[    0.979359] Fusion MPT SPI Host driver 3.04.20
[    0.982618] vboxvideo: loading out-of-tree module taints kernel.
[    0.983611] vboxvideo: module verification failed: signature and/or required key missing - tainting kernel
[    0.985790] vboxvideo: loading version 7.0.8 r156879
[    0.995620] AVX2 version of gcm_enc/dec engaged.
[    0.996453] AES CTR mode by8 optimization enabled
[    1.177858] input: ImExPS/2 Generic Explorer Mouse as /devices/platform/i8042/serio1/input/input4
[    1.337062] e1000 0000:00:03.0 eth0: (PCI:33MHz:32-bit) 02:3e:6f:b6:28:d7
[    1.338150] e1000 0000:00:03.0 eth0: Intel(R) PRO/1000 Network Connection
[    1.340588] e1000 0000:00:03.0 enp0s3: renamed from eth0
[    1.341631] mptbase: ioc0: Initiating bringup
[    2.175330] ioc0: LSI53C1030 A0: Capabilities={Initiator}
[    4.271619] scsi host2: ioc0: LSI53C1030 A0, FwRev=00000000h, Ports=1, MaxQ=256, IRQ=20
[    5.942906] scsi 2:0:0:0: Direct-Access     VBOX     HARDDISK         1.0  PQ: 0 ANSI: 5
[    5.944450] [drm] VRAM 01000000
[    5.945412] [TTM] Zone  kernel: Available graphics memory: 504258 kiB
[    5.946370] [TTM] Initializing pool allocator
[    5.947075] [TTM] Initializing DMA pool allocator
[    5.949183] fbcon: vboxdrmfb (fb0) is primary device
[    5.950890] Console: switching to colour frame buffer device 100x37
[    5.952547] vboxvideo 0000:00:02.0: fb0: vboxdrmfb frame buffer device
[    5.968218] scsi target2:0:0: Beginning Domain Validation
[    5.968226] [drm] Initialized vboxvideo 1.0.0 20130823 for 0000:00:02.0 on minor 0
[    5.970535] scsi target2:0:0: Domain Validation skipping write tests
[    5.971139] scsi target2:0:0: Ending Domain Validation
[    5.971657] scsi target2:0:0: asynchronous
[    5.972431] scsi 2:0:1:0: Direct-Access     VBOX     HARDDISK         1.0  PQ: 0 ANSI: 5
[    6.943841] scsi target2:0:1: Beginning Domain Validation
[    6.945505] scsi target2:0:1: Domain Validation skipping write tests
[    6.947334] scsi target2:0:1: Ending Domain Validation
[    6.947883] scsi target2:0:1: asynchronous
[    6.951306] sd 2:0:0:0: Attached scsi generic sg0 type 0
[    6.952367] sd 2:0:0:0: [sda] 83886080 512-byte logical blocks: (42.9 GB/40.0 GiB)
[    6.953383] sd 2:0:0:0: [sda] Write Protect is off
[    6.954131] sd 2:0:0:0: [sda] Incomplete mode parameter data
[    6.954872] sd 2:0:0:0: [sda] Assuming drive cache: write through
[    6.956313] sd 2:0:1:0: Attached scsi generic sg1 type 0
[    6.957256] sd 2:0:1:0: [sdb] 20480 512-byte logical blocks: (10.5 MB/10.0 MiB)
[    6.957781]  sda: sda1
[    6.963639] sd 2:0:1:0: [sdb] Write Protect is off
[    6.963995] sd 2:0:0:0: [sda] Attached SCSI disk
[    6.965334] sd 2:0:1:0: [sdb] Incomplete mode parameter data
[    6.966164] sd 2:0:1:0: [sdb] Assuming drive cache: write through
[    6.969381] sd 2:0:1:0: [sdb] Attached SCSI disk
Begin: Loading essential drivers ... [    7.164192] raid6: sse2x1   gen() 13254 MB/s
[    7.212206] raid6: sse2x1   xor()  9638 MB/s
[    7.260193] raid6: sse2x2   gen() 16630 MB/s
[    7.308190] raid6: sse2x2   xor() 11171 MB/s
[    7.356191] raid6: sse2x4   gen() 18719 MB/s
[    7.404196] raid6: sse2x4   xor() 11712 MB/s
[    7.452192] raid6: avx2x1   gen() 26280 MB/s
[    7.500190] raid6: avx2x1   xor() 17889 MB/s
[    7.548168] raid6: avx2x2   gen() 30443 MB/s
[    7.596166] raid6: avx2x2   xor() 20086 MB/s
[    7.644160] raid6: avx2x4   gen() 36793 MB/s
[    7.692159] raid6: avx2x4   xor() 22637 MB/s
[    7.692863] raid6: using algorithm avx2x4 gen() 36793 MB/s
[    7.693642] raid6: .... xor() 22637 MB/s, rmw enabled
[    7.694366] raid6: using avx2x2 recovery algorithm
[    7.695777] xor: automatically using best checksumming function   avx       
[    7.697364] async_tx: api initialized (async)
done.
Begin: Running /scripts/init-premount ... done.
Begin: Mounting root file system ... Begin: Running /scripts/local-top ... done.
Begin: Running /scripts/local-premount ... [    7.735519] Btrfs loaded, crc32c=crc32c-intel
Scanning for Btrfs filesystems
done.
Begin: Will now check root file system ... fsck from util-linux 2.31.1
[/sbin/fsck.ext4 (1) -- /dev/sda1] fsck.ext4 -a -C0 /dev/sda1 
cloudimg-rootfs: clean, 79673/5120000 files, 1055961/10485499 blocks
done.
[    7.765714] EXT4-fs (sda1): mounted filesystem with ordered data mode. Opts: (null)
done.
Begin: Running /scripts/local-bottom ... done.
Begin: Running /scripts/init-bottom ... done.
[    7.912245] ip_tables: (C) 2000-2006 Netfilter Core Team
[    7.919553] systemd[1]: systemd 237 running in system mode. (+PAM +AUDIT +SELINUX +IMA +APPARMOR +SMACK +SYSVINIT +UTMP +LIBCRYPTSETUP +GCRYPT +GNUTLS +ACL +XZ +LZ4 +SECCOMP +BLKID +ELFUTILS +KMOD -IDN2 +IDN -PCRE2 default-hierarchy=hybrid)
[    7.922465] systemd[1]: Detected virtualization oracle.
[    7.923279] systemd[1]: Detected architecture x86-64.

Welcome to [1mUbuntu 18.04.6 LTS[0m!

[    7.943870] systemd[1]: Set hostname to <ubuntu-bionic>.
[    8.181732] systemd[1]: Created slice User and Session Slice.
[[0;32m  OK  [0m] Created slice User and Session Slice.
[    8.183355] systemd[1]: Created slice System Slice.
[[0;32m  OK  [0m] Created slice System Slice.
[    8.184541] systemd[1]: Listening on Journal Socket.
[[0;32m  OK  [0m] Listening on Journal Socket.
[    8.186193] systemd[1]: Starting Create list of required static device nodes for the current kernel...
         Starting Create list of required stâ€¦ce nodes for the current kernel...
[    8.188120] systemd[1]: Listening on /dev/initctl Compatibility Named Pipe.
[[0;32m  OK  [0m] Listening on /dev/initctl Compatibility Named Pipe.
[    8.189608] systemd[1]: Listening on udev Control Socket.
[[0;32m  OK  [0m] Listening on udev Control Socket.
[[0;32m  OK  [0m] Reached target User and Group Name Lookups.
[[0;32m  OK  [0m] Listening on udev Kernel Socket.
[[0;32m  OK  [0m] Listening on LVM2 metadata daemon socket.
         Mounting Huge Pages File System...
[[0;32m  OK  [0m] Listening on Device-mapper event daemon FIFOs.
[[0;32m  OK  [0m] Created slice system-serial\x2dgetty.slice.
[[0;32m  OK  [0m] Listening on Network Service Netlink Socket.
[[0;32m  OK  [0m] Reached target Slices.
         Starting Set the console keyboard layout...
         Starting Uncomplicated firewall...
[[0;32m  OK  [0m] Listening on Syslog Socket.
[[0;32m  OK  [0m] Listening on LVM2 poll daemon socket.
[[0;32m  OK  [0m] Reached target System Time Synchronized.
[[0;32m  OK  [0m] Reached target Swap.
[[0;32m  OK  [0m] Listening on Journal Socket (/dev/log).
         Mounting POSIX Message Queue File System...
         Starting udev Coldplug all Devices...
[[0;32m  OK  [0m] Reached target Mounting snaps.
[[0;32m  OK  [0m] Reached target Mounted snaps.
         Starting Monitoring of LVM2 mirrorsâ€¦ng dmeventd or progress polling...
[[0;32m  OK  [0m] Started Forward Password Requests to Wall Directory Watch.
[[0;32m  OK  [0m] Listening on fsck to fsckd communication Socket.
         Starting Remount Root and Kernel File Systems...
[[0;32m  OK  [0m] Set up automount Arbitrary Executabâ€¦rmats File System Automount Point.
[[0;32m  OK  [0m] Listening on Journal Audit Socket.
         Starting Journal Service...
         Mounting Kernel Debug File System...
         Starting Load Kernel Modules...
[[0;32m  OK  [0m] Started Create list of required staâ€¦vice nodes for the current kernel.
[[0;32m  OK  [0m] Mounted Huge Pages File System.
[[0;32m  OK  [0m] Started Uncomplicated firewall.
[[0;32m  OK  [0m] Mounted POSIX Message Queue File System.
[[0;32m  OK  [0m] Mounted Kernel Debug File System.
[[0;32m  OK  [0m] Started LVM2 metadata daemon.
         Starting Create Static Device Nodes in /dev...
[    8.267278] EXT4-fs (sda1): re-mounted. Opts: (null)
[[0;32m  OK  [0m] Started Remount Root and Kernel File Systems.
         Starting Load/Save Random Seed...
[    8.287747] Loading iSCSI transport class v2.0-870.
[    8.292806] iscsi: registered transport (tcp)
[[0;32m  OK  [0m] Started udev Coldplug all Devices.
[[0;32m  OK  [0m] Started Create Static Device Nodes in /dev.
         Starting udev Kernel Device Manager...
[[0;32m  OK  [0m] Started Load/Save Random Seed.
[[0;32m  OK  [0m] Started Journal Service.
         Starting Flush Journal to Persistent Storage...
[    8.360457] iscsi: registered transport (iser)
[[0;32m  OK  [0m] Started Load Kernel Modules.
[[0;32m  OK  [0m] Started Monitoring of LVM2 mirrors,â€¦sing dmeventd or progress polling.
         Mounting Kernel Configuration File System...
         Mounting FUSE Control File System...
         Starting Apply Kernel Variables...
[[0;32m  OK  [0m] Mounted Kernel Configuration File System.
[[0;32m  OK  [0m] Mounted FUSE Control File System.
[[0;32m  OK  [0m] Started udev Kernel Device Manager.
[    8.401592] systemd-journald[424]: Received request to flush runtime journal from PID 1
[[0;32m  OK  [0m] Started Apply Kernel Variables.
[[0;32m  OK  [0m] Started Set the console keyboard layout.
[[0;32m  OK  [0m] Started Dispatch Password Requests to Console Directory Watch.
[[0;32m  OK  [0m] Reached target Local Encrypted Volumes.
[[0;32m  OK  [0m] Reached target Local File Systems (Pre).
[[0;32m  OK  [0m] Reached target Local File Systems.
         Starting AppArmor initialization...
         Starting Tell Plymouth To Write Out Runtime Data...
         Starting ebtables ruleset management...
         Starting Set console font and keymap...
[[0;32m  OK  [0m] Started Tell Plymouth To Write Out Runtime Data.
[[0;32m  OK  [0m] Started Set console font and keymap.
[[0;32m  OK  [0m] Started Flush Journal to Persistent Storage.
         Starting Create Volatile Files and Directories...
[[0;32m  OK  [0m] Started ebtables ruleset management.
[[0;32m  OK  [0m] Started Create Volatile Files and Directories.
         Starting Update UTMP about System Boot/Shutdown...
[[0;32m  OK  [0m] Started Update UTMP about System Boot/Shutdown.
[[0;32m  OK  [0m] Found device /dev/ttyS0.
[[0;32m  OK  [0m] Listening on Load/Save RF Kill Switch Status /dev/rfkill Watch.
[[0;32m  OK  [0m] Started AppArmor initialization.
         Starting Load AppArmor profiles managed internally by snapd...
         Starting Initial cloud-init job (pre-networking)...
         Mounting Arbitrary Executable File Formats File System...
[[0;32m  OK  [0m] Mounted Arbitrary Executable File Formats File System.
[[0;32m  OK  [0m] Started Load AppArmor profiles managed internally by snapd.
[    9.875735] cloud-init[564]: Cloud-init v. 23.1.2-0ubuntu0~18.04.1 running 'init-local' at Sat, 27 May 2023 01:22:24 +0000. Up 9.67 seconds.
[[0;32m  OK  [0m] Started Initial cloud-init job (pre-networking).
[[0;32m  OK  [0m] Reached target Network (Pre).
         Starting Network Service...
[[0;32m  OK  [0m] Started Network Service.
         Starting Network Name Resolution...
         Starting Wait for Network to be Configured...
[[0;32m  OK  [0m] Started Network Name Resolution.
[[0;32m  OK  [0m] Reached target Network.
[[0;32m  OK  [0m] Reached target Host and Network Name Lookups.
[[0;32m  OK  [0m] Started Wait for Network to be Configured.
         Starting Initial cloud-init job (metadata service crawler)...
[   11.778643] cloud-init[721]: Cloud-init v. 23.1.2-0ubuntu0~18.04.1 running 'init' at Sat, 27 May 2023 01:22:26 +0000. Up 11.59 seconds.
[   11.779589] cloud-init[721]: ci-info: ++++++++++++++++++++++++++++++++++++++Net device info++++++++++++++++++++++++++++++++++++++
[   11.780540] cloud-init[721]: ci-info: +--------+------+----------------------------+---------------+--------+-------------------+
[   11.781482] cloud-init[721]: ci-info: | Device |  Up  |          Address           |      Mask     | Scope  |     Hw-Address    |
[   11.782415] cloud-init[721]: ci-info: +--------+------+----------------------------+---------------+--------+-------------------+
[   11.783323] cloud-init[721]: ci-info: | enp0s3 | True |         10.0.2.15          | 255.255.255.0 | global | 02:3e:6f:b6:28:d7 |
[   11.784081] cloud-init[721]: ci-info: | enp0s3 | True | fe80::3e:6fff:feb6:28d7/64 |       .       |  link  | 02:3e:6f:b6:28:d7 |
[   11.785087] cloud-init[721]: ci-info: |   lo   | True |         127.0.0.1          |   255.0.0.0   |  host  |         .         |
[   11.786103] cloud-init[721]: ci-info: |   lo   | True |          ::1/128           |       .       |  host  |         .         |
[   11.786918] cloud-init[721]: ci-info: +--------+------+----------------------------+---------------+--------+-------------------+
[   11.787881] cloud-init[721]: ci-info: ++++++++++++++++++++++++++++Route IPv4 info+++++++++++++++++++++++++++++
[   11.788726] cloud-init[721]: ci-info: +-------+-------------+----------+-----------------+-----------+-------+
[   11.789661] cloud-init[721]: ci-info: | Route | Destination | Gateway  |     Genmask     | Interface | Flags |
[   11.790475] cloud-init[721]: ci-info: +-------+-------------+----------+-----------------+-----------+-------+
[   11.791198] cloud-init[721]: ci-info: |   0   |   0.0.0.0   | 10.0.2.2 |     0.0.0.0     |   enp0s3  |   UG  |
[   11.791912] cloud-init[721]: ci-info: |   1   |   10.0.2.0  | 0.0.0.0  |  255.255.255.0  |   enp0s3  |   U   |
[   11.792738] cloud-init[721]: ci-info: |   2   |   10.0.2.2  | 0.0.0.0  | 255.255.255.255 |   enp0s3  |   UH  |
[   11.793602] cloud-init[721]: ci-info: +-------+-------------+----------+-----------------+-----------+-------+
[   11.794465] cloud-init[721]: ci-info: +++++++++++++++++++Route IPv6 info+++++++++++++++++++
[   11.795168] cloud-init[721]: ci-info: +-------+-------------+---------+-----------+-------+
[   11.795691] cloud-init[721]: ci-info: | Route | Destination | Gateway | Interface | Flags |
[   11.796375] cloud-init[721]: ci-info: +-------+-------------+---------+-----------+-------+
[   11.797042] cloud-init[721]: ci-info: |   1   |  fe80::/64  |    ::   |   enp0s3  |   U   |
[   11.797712] cloud-init[721]: ci-info: |   3   |    local    |    ::   |   enp0s3  |   U   |
[   11.798357] cloud-init[721]: ci-info: |   4   |   ff00::/8  |    ::   |   enp0s3  |   U   |
[   11.799048] cloud-init[721]: ci-info: +-------+-------------+---------+-----------+-------+
[[0;32m  OK  [0m] Started Initial cloud-init job (metadata service crawler).
[[0;32m  OK  [0m] Reached target Network is Online.
[[0;32m  OK  [0m] Reached target Remote File Systems (Pre).
[[0;32m  OK  [0m] Reached target Remote File Systems.
         Starting Availability of block devices...
[[0;32m  OK  [0m] Reached target System Initialization.
[[0;32m  OK  [0m] Started Discard unused blocks once a week.
         Starting LXD - unix socket.
[[0;32m  OK  [0m] Started Daily apt download activities.
[[0;32m  OK  [0m] Started Daily apt upgrade and clean activities.
[[0;32m  OK  [0m] Listening on Open-iSCSI iscsid Socket.
[[0;32m  OK  [0m] Listening on UUID daemon activation socket.
[[0;32m  OK  [0m] Started Ubuntu Advantage Timer for running repeated jobs.
[[0;32m  OK  [0m] Listening on ACPID Listen Socket.
[[0;32m  OK  [0m] Started ACPI Events Check.
         Starting Socket activation for snappy daemon.
[[0;32m  OK  [0m] Started Message of the Day.
[[0;32m  OK  [0m] Listening on cloud-init hotplug hook socket.
[[0;32m  OK  [0m] Started Daily Cleanup of Temporary Directories.
[[0;32m  OK  [0m] Listening on D-Bus System Message Bus Socket.
[[0;32m  OK  [0m] Reached target Timers.
[[0;32m  OK  [0m] Reached target Paths.
[[0;32m  OK  [0m] Reached target Cloud-config availability.
[[0;32m  OK  [0m] Listening on LXD - unix socket.
[[0;32m  OK  [0m] Listening on Socket activation for snappy daemon.
[[0;32m  OK  [0m] Reached target Sockets.
[[0;32m  OK  [0m] Reached target Basic System.
[[0;32m  OK  [0m] Started D-Bus System Message Bus.
[[0;32m  OK  [0m] Started FUSE filesystem for LXC.
         Starting Permit User Sessions...
[[0;32m  OK  [0m] Started irqbalance daemon.
[[0;32m  OK  [0m] Started Regular background program processing daemon.
         Starting Snap Daemon...
         Starting System Logging Service...
         Starting LSB: Record successful boot for GRUB...
         Starting Login Service...
[[0;32m  OK  [0m] Started Deferred execution scheduler.
         Starting Accounts Service...
[[0;32m  OK  [0m] Reached target Login Prompts (Pre).
         Starting OpenBSD Secure Shell server...
         Starting Dispatcher daemon for systemd-networkd...
         Starting LSB: automatic crash report generation...
         Starting vboxadd.service...
         Starting LXD - container startup/shutdown...
[[0;32m  OK  [0m] Started System Logging Service.
[[0;32m  OK  [0m] Started Availability of block devices.
[[0;32m  OK  [0m] Started Permit User Sessions.
[[0;32m  OK  [0m] Started Login Service.
[[0;32m  OK  [0m] Started Unattended Upgrades Shutdown.
         Starting Hold until boot process finishes up...
         Starting Terminate Plymouth Boot Screen...
[[0;32m  OK  [0m] Started Hold until boot process finishes up.
[[0;32m  OK  [0m] Started OpenBSD Secure Shell server.
[[0;32m  OK  [0m] Started Terminate Plymouth Boot Screen.
[[0;32m  OK  [0m] Started Serial Getty on ttyS0.
         Starting Set console scheme...
[[0;32m  OK  [0m] Started Set console scheme.
[[0;32m  OK  [0m] Created slice system-getty.slice.
[[0;32m  OK  [0m] Started Getty on tty1.
[[0;32m  OK  [0m] Reached target Login Prompts.
         Starting Authorization Manager...
[[0;32m  OK  [0m] Started Authorization Manager.
[[0;32m  OK  [0m] Started Accounts Service.
[[0;32m  OK  [0m] Started LSB: Record successful boot for GRUB.
[[0;32m  OK  [0m] Started LSB: automatic crash report generation.
[[0;32m  OK  [0m] Started LXD - container startup/shutdown.
[[0;32m  OK  [0m] Started vboxadd.service.
         Starting vboxadd-service.service...
[[0;32m  OK  [0m] Created slice User Slice of vagrant.
         Starting User Manager for UID 1000...
[[0;32m  OK  [0m] Started Session 1 of user vagrant.
[[0;32m  OK  [0m] Started Dispatcher daemon for systemd-networkd.
[[0;32m  OK  [0m] Started vboxadd-service.service.
[[0;32m  OK  [0m] Started User Manager for UID 1000.
[[0;32m  OK  [0m] Started Snap Daemon.
         Starting Wait until snapd is fully seeded...
         Starting Time & Date Service...
[[0;32m  OK  [0m] Started Time & Date Service.
[[0;32m  OK  [0m] Started Wait until snapd is fully seeded.
         Starting Apply the settings specified in cloud-config...
[   13.722736] cloud-init[1357]: Cloud-init v. 23.1.2-0ubuntu0~18.04.1 running 'modules:config' at Sat, 27 May 2023 01:22:28 +0000. Up 13.59 seconds.
[[0;32m  OK  [0m] Started Apply the settings specified in cloud-config.
[[0;32m  OK  [0m] Reached target Multi-User System.
[[0;32m  OK  [0m] Reached target Graphical Interface.
         Starting Update UTMP about System Runlevel Changes...
         Starting Execute cloud user/final scripts...
[[0;32m  OK  [0m] Started Update UTMP about System Runlevel Changes.
[   14.415531] cloud-init[1470]: Cloud-init v. 23.1.2-0ubuntu0~18.04.1 running 'modules:final' at Sat, 27 May 2023 01:22:29 +0000. Up 14.25 seconds.
[   14.416619] cloud-init[1470]: Cloud-init v. 23.1.2-0ubuntu0~18.04.1 finished at Sat, 27 May 2023 01:22:29 +0000. Datasource DataSourceNoCloud [seed=/dev/sdb][dsmode=net].  Up 14.40 seconds
[[0;32m  OK  [0m] Started Execute cloud user/final scripts.
[[0;32m  OK  [0m] Reached target Cloud-init target.

Ubuntu 18.04.6 LTS ubuntu-bionic ttyS0

ubuntu-bionic login: [ 1361.172060] Out of memory: Kill process 13950 (java) score 679 or sacrifice child
[ 1361.172882] Killed process 13950 (java) total-vm:3177676kB, anon-rss:683348kB, file-rss:0kB, shmem-rss:0kB
